Archive member included to satisfy reference by file (symbol)

/usr/local/mcuxpressoide-11.9.0_2144/ide/plugins/com.nxp.mcuxpresso.tools.linux_11.9.0.202307121226/tools/bin/../lib/gcc/arm-none-eabi/12.3.1/thumb/v7e-m+fp/softfp/libgcc.a(_arm_muldf3.o)
                              ./main-leds.o (__aeabi_dmul)
/usr/local/mcuxpressoide-11.9.0_2144/ide/plugins/com.nxp.mcuxpresso.tools.linux_11.9.0.202307121226/tools/bin/../lib/gcc/arm-none-eabi/12.3.1/thumb/v7e-m+fp/softfp/libgcc.a(_arm_addsubdf3.o)
                              ./main-leds.o (__aeabi_dsub)
/usr/local/mcuxpressoide-11.9.0_2144/ide/plugins/com.nxp.mcuxpresso.tools.linux_11.9.0.202307121226/tools/bin/../lib/gcc/arm-none-eabi/12.3.1/thumb/v7e-m+fp/softfp/libgcc.a(_arm_truncdfsf2.o)
                              ./main-leds.o (__aeabi_d2f)
/home/fei/yat0008/Desktop/controller/leds/mbed-os/lib/libmbed-os.a(Ticker.o)
                              ./main-leds.o (mbed::TickerBase::handler())
/home/fei/yat0008/Desktop/controller/leds/mbed-os/lib/libmbed-os.a(TimerEvent.o)
                              /home/fei/yat0008/Desktop/controller/leds/mbed-os/lib/libmbed-os.a(Ticker.o) (mbed::TimerEvent::TimerEvent(ticker_data_t const*))
/home/fei/yat0008/Desktop/controller/leds/mbed-os/lib/libmbed-os.a(mbed_gpio.o)
                              ./main-leds.o (gpio_init_out)
/home/fei/yat0008/Desktop/controller/leds/mbed-os/lib/libmbed-os.a(mbed_lp_ticker_api.o)
                              /home/fei/yat0008/Desktop/controller/leds/mbed-os/lib/libmbed-os.a(Ticker.o) (get_lp_ticker_data)
/home/fei/yat0008/Desktop/controller/leds/mbed-os/lib/libmbed-os.a(mbed_us_ticker_api.o)
                              /home/fei/yat0008/Desktop/controller/leds/mbed-os/lib/libmbed-os.a(Ticker.o) (get_us_ticker_data)
/home/fei/yat0008/Desktop/controller/leds/mbed-os/lib/libmbed-os.a(mbed_ticker_api.o)
                              /home/fei/yat0008/Desktop/controller/leds/mbed-os/lib/libmbed-os.a(TimerEvent.o) (ticker_set_handler)
/home/fei/yat0008/Desktop/controller/leds/mbed-os/lib/libmbed-os.a(CriticalSectionLock.o)
                              /home/fei/yat0008/Desktop/controller/leds/mbed-os/lib/libmbed-os.a(Ticker.o) (mbed::CriticalSectionLock::CriticalSectionLock())
/home/fei/yat0008/Desktop/controller/leds/mbed-os/lib/libmbed-os.a(mbed_assert.o)
                              /home/fei/yat0008/Desktop/controller/leds/mbed-os/lib/libmbed-os.a(mbed_ticker_api.o) (mbed_assert_internal)
/home/fei/yat0008/Desktop/controller/leds/mbed-os/lib/libmbed-os.a(mbed_critical.o)
                              /home/fei/yat0008/Desktop/controller/leds/mbed-os/lib/libmbed-os.a(mbed_ticker_api.o) (core_util_critical_section_enter)
/home/fei/yat0008/Desktop/controller/leds/mbed-os/lib/libmbed-os.a(mbed_error.o)
                              /home/fei/yat0008/Desktop/controller/leds/mbed-os/lib/libmbed-os.a(mbed_ticker_api.o) (mbed_error)
/home/fei/yat0008/Desktop/controller/leds/mbed-os/lib/libmbed-os.a(mbed_power_mgmt.o)
                              /home/fei/yat0008/Desktop/controller/leds/mbed-os/lib/libmbed-os.a(Ticker.o) (sleep_manager_lock_deep_sleep_internal)
/home/fei/yat0008/Desktop/controller/leds/mbed-os/lib/libmbed-os.a(mbed_sdk_boot.o)
                              /usr/local/mcuxpressoide-11.9.0_2144/ide/plugins/com.nxp.mcuxpresso.tools.linux_11.9.0.202307121226/tools/bin/../lib/gcc/arm-none-eabi/12.3.1/../../../../arm-none-eabi/lib/thumb/v7e-m+fp/softfp/crt0.o (__wrap_main)
/home/fei/yat0008/Desktop/controller/leds/mbed-os/lib/libmbed-os.a(mbed_wait_api_no_rtos.o)
                              /home/fei/yat0008/Desktop/controller/leds/mbed-os/lib/libmbed-os.a(mbed_power_mgmt.o) (wait_ns)
/home/fei/yat0008/Desktop/controller/leds/mbed-os/lib/libmbed-os.a(mbed_retarget.o)
                              /usr/local/mcuxpressoide-11.9.0_2144/ide/plugins/com.nxp.mcuxpresso.tools.linux_11.9.0.202307121226/tools/bin/../lib/gcc/arm-none-eabi/12.3.1/../../../../arm-none-eabi/lib/thumb/v7e-m+fp/softfp/crt0.o (__wrap_exit)
/home/fei/yat0008/Desktop/controller/leds/mbed-os/lib/libmbed-os.a(startup_MK64F12.o)
                              (Reset_Handler)
/home/fei/yat0008/Desktop/controller/leds/mbed-os/lib/libmbed-os.a(system_MK64F12.o)
                              /home/fei/yat0008/Desktop/controller/leds/mbed-os/lib/libmbed-os.a(startup_MK64F12.o) (SystemInit)
/home/fei/yat0008/Desktop/controller/leds/mbed-os/lib/libmbed-os.a(us_ticker.o)
                              /home/fei/yat0008/Desktop/controller/leds/mbed-os/lib/libmbed-os.a(mbed_us_ticker_api.o) (us_ticker_init)
/home/fei/yat0008/Desktop/controller/leds/mbed-os/lib/libmbed-os.a(serial_api.o)
                              /home/fei/yat0008/Desktop/controller/leds/mbed-os/lib/libmbed-os.a(mbed_retarget.o) (serial_init_direct)
/home/fei/yat0008/Desktop/controller/leds/mbed-os/lib/libmbed-os.a(dma_api.o)
                              /home/fei/yat0008/Desktop/controller/leds/mbed-os/lib/libmbed-os.a(serial_api.o) (dma_init)
[...]
Memory Configuration

Name             Origin             Length             Attributes
m_interrupts     0x00000000         0x00000400         xr
m_flash_config   0x00000400         0x00000010         xr
m_text           0x00000410         0x000ffbf0         xr
m_data           0x1fff0000         0x00010000         rw
m_data_2         0x20000000         0x00030000         rw
*default*        0x00000000         0xffffffff

Linker script and memory map

LOAD /usr/local/mcuxpressoide-11.9.0_2144/ide/plugins/com.nxp.mcuxpresso.tools.linux_11.9.0.202307121226/tools/bin/../lib/gcc/arm-none-eabi/12.3.1/thumb/v7e-m+fp/softfp/crti.o
LOAD /usr/local/mcuxpressoide-11.9.0_2144/ide/plugins/com.nxp.mcuxpresso.tools.linux_11.9.0.202307121226/tools/bin/../lib/gcc/arm-none-eabi/12.3.1/thumb/v7e-m+fp/softfp/crtbegin.o
LOAD /usr/local/mcuxpressoide-11.9.0_2144/ide/plugins/com.nxp.mcuxpresso.tools.linux_11.9.0.202307121226/tools/bin/../lib/gcc/arm-none-eabi/12.3.1/../../../../arm-none-eabi/lib/thumb/v7e-m+fp/softfp/crt0.o
LOAD ./mbed-os/symbols.o
LOAD ./main-leds.o
START GROUP
LOAD /usr/local/mcuxpressoide-11.9.0_2144/ide/plugins/com.nxp.mcuxpresso.tools.linux_11.9.0.202307121226/tools/bin/../lib/gcc/arm-none-eabi/12.3.1/../../../../arm-none-eabi/lib/thumb/v7e-m+fp/softfp/libstdc++.a
LOAD /usr/local/mcuxpressoide-11.9.0_2144/ide/plugins/com.nxp.mcuxpresso.tools.linux_11.9.0.202307121226/tools/bin/../lib/gcc/arm-none-eabi/12.3.1/../../../../arm-none-eabi/lib/thumb/v7e-m+fp/softfp/libsupc++.a
LOAD /usr/local/mcuxpressoide-11.9.0_2144/ide/plugins/com.nxp.mcuxpresso.tools.linux_11.9.0.202307121226/tools/bin/../lib/gcc/arm-none-eabi/12.3.1/thumb/v7e-m+fp/softfp/libgcc.a
LOAD /usr/local/mcuxpressoide-11.9.0_2144/ide/plugins/com.nxp.mcuxpresso.tools.linux_11.9.0.202307121226/tools/bin/../lib/gcc/arm-none-eabi/12.3.1/../../../../arm-none-eabi/lib/thumb/v7e-m+fp/softfp/libnosys.a
LOAD /home/fei/yat0008/Desktop/controller/leds/mbed-os/lib/libmbed-os.a
END GROUP
LOAD /home/fei/yat0008/Desktop/controller/leds/mbed-os/lib/libmbed-os.a
LOAD /usr/local/mcuxpressoide-11.9.0_2144/ide/plugins/com.nxp.mcuxpresso.tools.linux_11.9.0.202307121226/tools/bin/../lib/gcc/arm-none-eabi/12.3.1/../../../../arm-none-eabi/lib/thumb/v7e-m+fp/softfp/libstdc++.a
LOAD /usr/local/mcuxpressoide-11.9.0_2144/ide/plugins/com.nxp.mcuxpresso.tools.linux_11.9.0.202307121226/tools/bin/../lib/gcc/arm-none-eabi/12.3.1/../../../../arm-none-eabi/lib/thumb/v7e-m+fp/softfp/libsupc++.a
LOAD /usr/local/mcuxpressoide-11.9.0_2144/ide/plugins/com.nxp.mcuxpresso.tools.linux_11.9.0.202307121226/tools/bin/../lib/gcc/arm-none-eabi/12.3.1/../../../../arm-none-eabi/lib/thumb/v7e-m+fp/softfp/libm.a
LOAD /usr/local/mcuxpressoide-11.9.0_2144/ide/plugins/com.nxp.mcuxpresso.tools.linux_11.9.0.202307121226/tools/bin/../lib/gcc/arm-none-eabi/12.3.1/../../../../arm-none-eabi/lib/thumb/v7e-m+fp/softfp/libc.a
LOAD /usr/local/mcuxpressoide-11.9.0_2144/ide/plugins/com.nxp.mcuxpresso.tools.linux_11.9.0.202307121226/tools/bin/../lib/gcc/arm-none-eabi/12.3.1/thumb/v7e-m+fp/softfp/libgcc.a
LOAD /usr/local/mcuxpressoide-11.9.0_2144/ide/plugins/com.nxp.mcuxpresso.tools.linux_11.9.0.202307121226/tools/bin/../lib/gcc/arm-none-eabi/12.3.1/../../../../arm-none-eabi/lib/thumb/v7e-m+fp/softfp/libnosys.a
LOAD /usr/local/mcuxpressoide-11.9.0_2144/ide/plugins/com.nxp.mcuxpresso.tools.linux_11.9.0.202307121226/tools/bin/../lib/gcc/arm-none-eabi/12.3.1/../../../../arm-none-eabi/lib/thumb/v7e-m+fp/softfp/libstdc++.a
LOAD /usr/local/mcuxpressoide-11.9.0_2144/ide/plugins/com.nxp.mcuxpresso.tools.linux_11.9.0.202307121226/tools/bin/../lib/gcc/arm-none-eabi/12.3.1/../../../../arm-none-eabi/lib/thumb/v7e-m+fp/softfp/libm.a
LOAD /usr/local/mcuxpressoide-11.9.0_2144/ide/plugins/com.nxp.mcuxpresso.tools.linux_11.9.0.202307121226/tools/bin/../lib/gcc/arm-none-eabi/12.3.1/../../../../arm-none-eabi/lib/thumb/v7e-m+fp/softfp/libc.a
START GROUP
LOAD /usr/local/mcuxpressoide-11.9.0_2144/ide/plugins/com.nxp.mcuxpresso.tools.linux_11.9.0.202307121226/tools/bin/../lib/gcc/arm-none-eabi/12.3.1/thumb/v7e-m+fp/softfp/libgcc.a
LOAD /usr/local/mcuxpressoide-11.9.0_2144/ide/plugins/com.nxp.mcuxpresso.tools.linux_11.9.0.202307121226/tools/bin/../lib/gcc/arm-none-eabi/12.3.1/../../../../arm-none-eabi/lib/thumb/v7e-m+fp/softfp/libc.a
END GROUP
LOAD /usr/local/mcuxpressoide-11.9.0_2144/ide/plugins/com.nxp.mcuxpresso.tools.linux_11.9.0.202307121226/tools/bin/../lib/gcc/arm-none-eabi/12.3.1/thumb/v7e-m+fp/softfp/crtend.o
LOAD /usr/local/mcuxpressoide-11.9.0_2144/ide/plugins/com.nxp.mcuxpresso.tools.linux_11.9.0.202307121226/tools/bin/../lib/gcc/arm-none-eabi/12.3.1/thumb/v7e-m+fp/softfp/crtn.o
                0x00000001                        __ram_vector_table__ = 0x1
                0x00000400                        __stack_size__ = 0x400
                0x00000400                        STACK_SIZE = DEFINED (__stack_size__)?__stack_size__:0x400
                0x00000400                        M_VECTOR_RAM_SIZE = DEFINED (__ram_vector_table__)?0x400:0x0
                0x00000100                        M_CRASH_DATA_RAM_SIZE = 0x100

.interrupts     0x00000000      0x400
                0x00000000                        __VECTOR_TABLE = .
                0x00000000                        . = ALIGN (0x8)
 *(.isr_vector)
 .isr_vector    0x00000000      0x400 /home/fei/yat0008/Desktop/controller/leds/mbed-os/lib/libmbed-os.a(startup_MK64F12.o)
                0x00000000                __isr_vector
                0x00000400                        . = ALIGN (0x8)

.flash_config   0x00000400       0x10
                0x00000400                        . = ALIGN (0x8)
 *(.FlashConfig)
 .FlashConfig   0x00000400       0x10 /home/fei/yat0008/Desktop/controller/leds/mbed-os/lib/libmbed-os.a(startup_MK64F12.o)
                0x00000410                        . = ALIGN (0x8)

.text           0x00000440     0x76c0
                0x00000440                        . = ALIGN (0x8)
 *(.text)
 .text          0x00000440       0x7c /usr/local/mcuxpressoide-11.9.0_2144/ide/plugins/com.nxp.mcuxpresso.tools.linux_11.9.0.202307121226/tools/bin/../lib/gcc/arm-none-eabi/12.3.1/../../../../arm-none-eabi/lib/thumb/v7e-m+fp/softfp/crt0.o
                0x00000440                _stack_init
                0x00000448                _mainCRTStartup
                0x00000448                _start
 .text          0x000004bc      0x254 /usr/local/mcuxpressoide-11.9.0_2144/ide/plugins/com.nxp.mcuxpresso.tools.linux_11.9.0.202307121226/tools/bin/../lib/gcc/arm-none-eabi/12.3.1/thumb/v7e-m+fp/softfp/libgcc.a(_arm_muldf3.o)
                0x000004bc                __aeabi_dmul
                0x000004bc                __muldf3
 .text          0x00000710      0x378 /usr/local/mcuxpressoide-11.9.0_2144/ide/plugins/com.nxp.mcuxpresso.tools.linux_11.9.0.202307121226/tools/bin/../lib/gcc/arm-none-eabi/12.3.1/thumb/v7e-m+fp/softfp/libgcc.a(_arm_addsubdf3.o)
                0x00000710                __aeabi_drsub
                0x00000718                __aeabi_dsub
                0x00000718                __subdf3
                0x0000071c                __adddf3
                0x0000071c                __aeabi_dadd
                0x00000994                __aeabi_ui2d
                0x00000994                __floatunsidf
                0x000009b4                __floatsidf
                0x000009b4                __aeabi_i2d
                0x000009d8                __extendsfdf2
                0x000009d8                __aeabi_f2d
                0x00000a1c                __aeabi_ul2d
                0x00000a1c                __floatundidf
                0x00000a2c                __floatdidf
                0x00000a2c                __aeabi_l2d
 .text          0x00000a88       0xa0 /usr/local/mcuxpressoide-11.9.0_2144/ide/plugins/com.nxp.mcuxpresso.tools.linux_11.9.0.202307121226/tools/bin/../lib/gcc/arm-none-eabi/12.3.1/thumb/v7e-m+fp/softfp/libgcc.a(_arm_truncdfsf2.o)
                0x00000a88                __aeabi_d2f
                0x00000a88                __truncdfsf2
 .text          0x00000b28      0x1e4 /home/fei/yat0008/Desktop/controller/leds/mbed-os/lib/libmbed-os.a(startup_MK64F12.o)
                0x00000b28                Reset_Handler
                0x00000b6c                DebugMon_Handler
                0x00000b6c                SPI1_DriverIRQHandler
                0x00000b6c                DMA_Error_DriverIRQHandler
                0x00000b6c                SDHC_DriverIRQHandler
                0x00000b6c                PIT0_IRQHandler
                0x00000b6c                CMP2_IRQHandler
                0x00000b6c                LLWU_IRQHandler
                0x00000b6c                I2S0_Tx_DriverIRQHandler
                0x00000b6c                ENET_1588_Timer_DriverIRQHandler
                0x00000b6c                I2C2_DriverIRQHandler
                0x00000b6c                SWI_IRQHandler
                0x00000b6c                ADC0_IRQHandler
                0x00000b6c                UsageFault_Handler
                0x00000b6c                CMT_IRQHandler
                0x00000b6c                DefaultISR
                0x00000b6c                UART5_ERR_DriverIRQHandler
                0x00000b6c                CMP1_IRQHandler
                0x00000b6c                Reserved71_IRQHandler
                0x00000b6c                PORTD_IRQHandler
                0x00000b6c                PORTB_IRQHandler
                0x00000b6c                UART2_ERR_DriverIRQHandler
                0x00000b6c                SPI2_DriverIRQHandler
                0x00000b6c                ADC1_IRQHandler
                0x00000b6c                PIT2_IRQHandler
                0x00000b6c                RTC_IRQHandler
                0x00000b6c                UART3_ERR_DriverIRQHandler
                0x00000b6c                PDB0_IRQHandler
                0x00000b6c                FTM1_IRQHandler
                0x00000b6c                PIT3_IRQHandler
                0x00000b6c                RTC_Seconds_IRQHandler
                0x00000b6c                MCG_IRQHandler
                0x00000b6c                FTFE_IRQHandler
                0x00000b6c                UART0_ERR_DriverIRQHandler
                0x00000b6c                Read_Collision_IRQHandler
                0x00000b6c                USBDCD_IRQHandler
                0x00000b6c                I2S0_Rx_DriverIRQHandler
                0x00000b6c                USB0_IRQHandler
                0x00000b6c                UART4_ERR_DriverIRQHandler
                0x00000b6c                WDOG_EWM_IRQHandler
                0x00000b6c                MemManage_Handler
                0x00000b6c                UART0_LON_DriverIRQHandler
                0x00000b6c                RNG_IRQHandler
                0x00000b6c                I2C1_DriverIRQHandler
                0x00000b6c                ENET_Receive_DriverIRQHandler
                0x00000b6c                DAC0_IRQHandler
                0x00000b6c                ENET_Error_DriverIRQHandler
                0x00000b6c                SPI0_DriverIRQHandler
                0x00000b6c                PIT1_IRQHandler
                0x00000b6c                LVD_LVW_IRQHandler
                0x00000b6c                FTM0_IRQHandler
                0x00000b6c                PORTA_IRQHandler
                0x00000b6c                DAC1_IRQHandler
                0x00000b6c                MCM_IRQHandler
                0x00000b6c                CAN0_DriverIRQHandler
                0x00000b6c                FTM3_IRQHandler
                0x00000b6c                PORTE_IRQHandler
                0x00000b6c                FTM2_IRQHandler
                0x00000b6c                LPTMR0_IRQHandler
                0x00000b6c                BusFault_Handler
                0x00000b6c                UART1_ERR_DriverIRQHandler
                0x00000b6c                ENET_Transmit_DriverIRQHandler
                0x00000b6c                I2C0_DriverIRQHandler
                0x00000b6c                CMP0_IRQHandler
                0x00000b6c                PORTC_IRQHandler
                0x00000b70                NMI_Handler
                0x00000b74                HardFault_Handler
                0x00000b78                SVC_Handler
                0x00000b7c                PendSV_Handler
                0x00000b80                SysTick_Handler
                0x00000b84                DMA0_IRQHandler
                0x00000b88                DMA1_IRQHandler
                0x00000b8c                DMA2_IRQHandler
                0x00000b90                DMA3_IRQHandler
                0x00000b94                DMA4_IRQHandler
                0x00000b98                DMA5_IRQHandler
                0x00000b9c                DMA6_IRQHandler
                0x00000ba0                DMA7_IRQHandler
                0x00000ba4                DMA8_IRQHandler
                0x00000ba8                DMA9_IRQHandler
                0x00000bac                DMA10_IRQHandler
                0x00000bb0                DMA11_IRQHandler
                0x00000bb4                DMA12_IRQHandler
                0x00000bb8                DMA13_IRQHandler
                0x00000bbc                DMA14_IRQHandler
                0x00000bc0                DMA15_IRQHandler
                0x00000bc4                DMA_Error_IRQHandler
                0x00000bc8                I2C0_IRQHandler
                0x00000bcc                I2C1_IRQHandler
                0x00000bd0                SPI0_IRQHandler
                0x00000bd4                SPI1_IRQHandler
                0x00000bd8                I2S0_Tx_IRQHandler
                0x00000bdc                I2S0_Rx_IRQHandler
                0x00000be0                UART0_LON_IRQHandler
                0x00000be4                UART0_RX_TX_IRQHandler
                0x00000be8                UART0_ERR_IRQHandler
                0x00000bec                UART1_RX_TX_IRQHandler
                0x00000bf0                UART1_ERR_IRQHandler
                0x00000bf4                UART2_RX_TX_IRQHandler
                0x00000bf8                UART2_ERR_IRQHandler
                0x00000bfc                UART3_RX_TX_IRQHandler
                0x00000c00                UART3_ERR_IRQHandler
                0x00000c04                SPI2_IRQHandler
                0x00000c08                UART4_RX_TX_IRQHandler
                0x00000c0c                UART4_ERR_IRQHandler
                0x00000c10                UART5_RX_TX_IRQHandler
                0x00000c14                UART5_ERR_IRQHandler
                0x00000c18                I2C2_IRQHandler
                0x00000c1c                CAN0_ORed_Message_buffer_IRQHandler
                0x00000c20                CAN0_Bus_Off_IRQHandler
                0x00000c24                CAN0_Error_IRQHandler
                0x00000c28                CAN0_Tx_Warning_IRQHandler
                0x00000c2c                CAN0_Rx_Warning_IRQHandler
                0x00000c30                CAN0_Wake_Up_IRQHandler
                0x00000c34                SDHC_IRQHandler
                0x00000c38                ENET_1588_Timer_IRQHandler
                0x00000c3c                ENET_Transmit_IRQHandler
                0x00000c40                ENET_Receive_IRQHandler
                0x00000c44                ENET_Error_IRQHandler
 .text          0x00000d0c       0x30 /usr/local/mcuxpressoide-11.9.0_2144/ide/plugins/com.nxp.mcuxpresso.tools.linux_11.9.0.202307121226/tools/bin/../lib/gcc/arm-none-eabi/12.3.1/thumb/v7e-m+fp/softfp/libgcc.a(_aeabi_uldivmod.o)
                0x00000d0c                __aeabi_uldivmod
 .text          0x00000d3c        0x4 /usr/local/mcuxpressoide-11.9.0_2144/ide/plugins/com.nxp.mcuxpresso.tools.linux_11.9.0.202307121226/tools/bin/../lib/gcc/arm-none-eabi/12.3.1/thumb/v7e-m+fp/softfp/libgcc.a(_dvmd_tls.o)
                0x00000d3c                __aeabi_ldiv0
                0x00000d3c                __aeabi_idiv0
 .text          0x00000d40      0x134 /usr/local/mcuxpressoide-11.9.0_2144/ide/plugins/com.nxp.mcuxpresso.tools.linux_11.9.0.202307121226/tools/bin/../lib/gcc/arm-none-eabi/12.3.1/../../../../arm-none-eabi/lib/thumb/v7e-m+fp/softfp/libc.a(libc_a-memcpy.o)
                0x00000d40                memcpy
 *fill*         0x00000e74        0xc 
 .text          0x00000e80       0xd8 /usr/local/mcuxpressoide-11.9.0_2144/ide/plugins/com.nxp.mcuxpresso.tools.linux_11.9.0.202307121226/tools/bin/../lib/gcc/arm-none-eabi/12.3.1/../../../../arm-none-eabi/lib/thumb/v7e-m+fp/softfp/libc.a(libc_a-strlen.o)
                0x00000e80                strlen
 *fill*         0x00000f58        0x8 
 .text          0x00000f60       0xa0 /usr/local/mcuxpressoide-11.9.0_2144/ide/plugins/com.nxp.mcuxpresso.tools.linux_11.9.0.202307121226/tools/bin/../lib/gcc/arm-none-eabi/12.3.1/../../../../arm-none-eabi/lib/thumb/v7e-m+fp/softfp/libc.a(libc_a-memchr.o)
                0x00000f60                memchr
 *(.text*)
 .text.deregister_tm_clones
                0x00001000       0x1c /usr/local/mcuxpressoide-11.9.0_2144/ide/plugins/com.nxp.mcuxpresso.tools.linux_11.9.0.202307121226/tools/bin/../lib/gcc/arm-none-eabi/12.3.1/thumb/v7e-m+fp/softfp/crtbegin.o
 .text.register_tm_clones
                0x0000101c       0x24 /usr/local/mcuxpressoide-11.9.0_2144/ide/plugins/com.nxp.mcuxpresso.tools.linux_11.9.0.202307121226/tools/bin/../lib/gcc/arm-none-eabi/12.3.1/thumb/v7e-m+fp/softfp/crtbegin.o
 .text.__do_global_dtors_aux
                0x00001040       0x28 /usr/local/mcuxpressoide-11.9.0_2144/ide/plugins/com.nxp.mcuxpresso.tools.linux_11.9.0.202307121226/tools/bin/../lib/gcc/arm-none-eabi/12.3.1/thumb/v7e-m+fp/softfp/crtbegin.o
 .text.frame_dummy
                0x00001068       0x24 /usr/local/mcuxpressoide-11.9.0_2144/ide/plugins/com.nxp.mcuxpresso.tools.linux_11.9.0.202307121226/tools/bin/../lib/gcc/arm-none-eabi/12.3.1/thumb/v7e-m+fp/softfp/crtbegin.o
 .text._getpid  0x0000108c        0xc ./mbed-os/symbols.o
                0x0000108c                _getpid
 .text._kill    0x00001098        0xc ./mbed-os/symbols.o
                0x00001098                _kill
 .text.__aeabi_atexit
                0x000010a4        0xc ./mbed-os/symbols.o
                0x000010a4                __aeabi_atexit
 .text._ZnwjPv  0x000010b0        0xe ./main-leds.o
                0x000010b0                operator new(unsigned int, void*)
 .text._ZN4mbed10DigitalOutC2E7PinName
                0x000010be       0x22 ./main-leds.o
                0x000010be                mbed::DigitalOut::DigitalOut(PinName)
                0x000010be                mbed::DigitalOut::DigitalOut(PinName)
 .text._ZN4mbed10DigitalOut5writeEi
                0x000010e0       0x1a ./main-leds.o
                0x000010e0                mbed::DigitalOut::write(int)
 *fill*         0x000010fa        0x2 
 .text._ZN4mbed10TickerBaseD2Ev
                0x000010fc       0x28 ./main-leds.o
                0x000010fc                mbed::TickerBase::~TickerBase()
                0x000010fc                mbed::TickerBase::~TickerBase()
 .text._ZN4mbed6TickerD2Ev
                0x00001124       0x24 ./main-leds.o
                0x00001124                mbed::Ticker::~Ticker()
                0x00001124                mbed::Ticker::~Ticker()
 .text._ZN11ledcontrolsC2E7PinName
                0x00001148       0xe4 ./main-leds.o
                0x00001148                ledcontrols::ledcontrols(PinName)
                0x00001148                ledcontrols::ledcontrols(PinName)
 *fill*         0x0000122c        0x4 
 .text._ZN11ledcontrols17ticker_brightnessEv
                0x00001230       0xe8 ./main-leds.o
                0x00001230                ledcontrols::ticker_brightness()
 .text._ZN11ledcontrols3pwmEv
                0x00001318       0x7c ./main-leds.o
                0x00001318                ledcontrols::pwm()
 .text._ZN11ledcontrolsD2Ev
                0x00001394       0x22 ./main-leds.o
                0x00001394                ledcontrols::~ledcontrols()
                0x00001394                ledcontrols::~ledcontrols()
 .text.main     0x000013b6        0x4 ./main-leds.o
                0x000013b6                main
 .text._ZNKSt6chrono8durationIxSt5ratioILx1ELx1000000EEE5countEv
                0x000013ba       0x12 ./main-leds.o
                0x000013ba                std::chrono::duration<long long, std::ratio<1ll, 1000000ll> >::count() const
 .text._ZN4mbed8callbackI11ledcontrolsS1_vJEEENS_8CallbackIFT1_DpT2_EEEPT0_MT_FS3_S5_E
                0x000013cc       0x22 ./main-leds.o
                0x000013cc                mbed::Callback<void ()> mbed::callback<ledcontrols, ledcontrols, void>(ledcontrols*, void (ledcontrols::*)())
 .text._ZNSt8literals15chrono_literalsli2msIJLc49EEEENSt6chrono8durationIxSt5ratioILx1ELx1000EEEEv
                0x000013ee       0x18 ./main-leds.o
                0x000013ee                std::chrono::duration<long long, std::ratio<1ll, 1000ll> > std::literals::chrono_literals::operator"" ms<(char)49>()
 .text._ZNSt6chrono8durationIxSt5ratioILx1ELx1000000EEEC2IxS1_ILx1ELx1000EEvEERKNS0_IT_T0_EE
                0x00001406       0x2e ./main-leds.o
                0x00001406                std::chrono::duration<long long, std::ratio<1ll, 1000000ll> >::duration<long long, std::ratio<1ll, 1000ll>, void>(std::chrono::duration<long long, std::ratio<1ll, 1000ll> > const&)
                0x00001406                std::chrono::duration<long long, std::ratio<1ll, 1000000ll> >::duration<long long, std::ratio<1ll, 1000ll>, void>(std::chrono::duration<long long, std::ratio<1ll, 1000ll> > const&)
 .text._ZNSt8literals15chrono_literalsli2msIJLc53EEEENSt6chrono8durationIxSt5ratioILx1ELx1000EEEEv
                0x00001434       0x18 ./main-leds.o
                0x00001434                std::chrono::duration<long long, std::ratio<1ll, 1000ll> > std::literals::chrono_literals::operator"" ms<(char)53>()
 .text._ZNKSt6chrono8durationIxSt5ratioILx1ELx1000EEE5countEv
                0x0000144c       0x12 ./main-leds.o
                0x0000144c                std::chrono::duration<long long, std::ratio<1ll, 1000ll> >::count() const
 .text._ZZN4mbed8CallbackIFvvEEC4IP11ledcontrolsMS4_FvvELi0EEET_T0_ENKUlvE_clEv
                0x0000145e       0x1c ./main-leds.o
                0x0000145e                mbed::Callback<void ()>::Callback<ledcontrols*, void (ledcontrols::*)(), 0>(ledcontrols*, void (ledcontrols::*)())::{lambda()#1}::operator()() const
 .text._ZN4mbed8CallbackIFvvEEC2IP11ledcontrolsMS4_FvvELi0EEET_T0_
                0x0000147a       0x40 ./main-leds.o
                0x0000147a                mbed::Callback<void ()>::Callback<ledcontrols*, void (ledcontrols::*)(), 0>(ledcontrols*, void (ledcontrols::*)())
                0x0000147a                mbed::Callback<void ()>::Callback<ledcontrols*, void (ledcontrols::*)(), 0>(ledcontrols*, void (ledcontrols::*)())
 .text._ZNSt8literals15chrono_literals16__check_overflowINSt6chrono8durationIxSt5ratioILx1ELx1000EEEEJLc49EEEET_v
                0x000014ba       0x24 ./main-leds.o
                0x000014ba                std::chrono::duration<long long, std::ratio<1ll, 1000ll> > std::literals::chrono_literals::__check_overflow<std::chrono::duration<long long, std::ratio<1ll, 1000ll> >, (char)49>()
 .text._ZNSt6chrono13duration_castINS_8durationIxSt5ratioILx1ELx1000000EEEExS2_ILx1ELx1000EEEENSt9enable_ifIXsrNS_13__is_durationIT_EE5valueES8_E4typeERKNS1_IT0_T1_EE
                0x000014de       0x1c ./main-leds.o
                0x000014de                std::enable_if<std::chrono::__is_duration<std::chrono::duration<long long, std::ratio<1ll, 1000000ll> > >::value, std::chrono::duration<long long, std::ratio<1ll, 1000000ll> > >::type std::chrono::duration_cast<std::chrono::duration<long long, std::ratio<1ll, 1000000ll> >, long long, std::ratio<1ll, 1000ll> >(std::chrono::duration<long long, std::ratio<1ll, 1000ll> > const&)
 .text._ZNSt8literals15chrono_literals16__check_overflowINSt6chrono8durationIxSt5ratioILx1ELx1000EEEEJLc53EEEET_v
                0x000014fa       0x24 ./main-leds.o
                0x000014fa                std::chrono::duration<long long, std::ratio<1ll, 1000ll> > std::literals::chrono_literals::__check_overflow<std::chrono::duration<long long, std::ratio<1ll, 1000ll> >, (char)53>()
 .text._ZNSt6chrono8durationIxSt5ratioILx1ELx1000EEEC2IxvEERKT_
                0x0000151e       0x1a ./main-leds.o
                0x0000151e                std::chrono::duration<long long, std::ratio<1ll, 1000ll> >::duration<long long, void>(long long const&)
                0x0000151e                std::chrono::duration<long long, std::ratio<1ll, 1000ll> >::duration<long long, void>(long long const&)
 .text._ZNSt6chrono8durationIxSt5ratioILx1ELx1000000EEEC2IxvEERKT_
                0x00001538       0x1a ./main-leds.o
                0x00001538                std::chrono::duration<long long, std::ratio<1ll, 1000000ll> >::duration<long long, void>(long long const&)
                0x00001538                std::chrono::duration<long long, std::ratio<1ll, 1000000ll> >::duration<long long, void>(long long const&)
 .text._ZN4mbed6detail8invoke_rIvRKM11ledcontrolsFvvEJRKPS2_ELi0EEET_OT0_DpOT1_
                0x00001552       0x26 ./main-leds.o
                0x00001552                void mbed::detail::invoke_r<void, void (ledcontrols::* const&)(), ledcontrols* const&, 0>(void (ledcontrols::* const&)(), ledcontrols* const&)
 .text._ZN4mbed8CallbackIFvvEE8generateIZNS2_C4IP11ledcontrolsMS5_FvvELi0EEET_T0_EUlvE_vEEvOS9_
                0x00001578       0x34 ./main-leds.o
                0x00001578                void mbed::Callback<void ()>::generate<mbed::Callback<void ()>::generate<ledcontrols*, void (ledcontrols::*)(), 0>(ledcontrols*, void (ledcontrols::*)())::{lambda()#1}, void>(mbed::Callback<void ()>::generate<ledcontrols*, void (ledcontrols::*)(), 0>(ledcontrols*, void (ledcontrols::*)())::{lambda()#1}&&)
 .text._ZNSt6chrono20__duration_cast_implINS_8durationIxSt5ratioILx1ELx1000000EEEES2_ILx1000ELx1EExLb0ELb1EE6__castIxS2_ILx1ELx1000EEEES4_RKNS1_IT_T0_EE
                0x000015ac       0x7a ./main-leds.o
                0x000015ac                std::chrono::duration<long long, std::ratio<1ll, 1000000ll> > std::chrono::__duration_cast_impl<std::chrono::duration<long long, std::ratio<1ll, 1000000ll> >, std::ratio<1000ll, 1ll>, long long, false, true>::__cast<long long, std::ratio<1ll, 1000ll> >(std::chrono::duration<long long, std::ratio<1ll, 1000ll> > const&)
 .text._ZSt7forwardIRKM11ledcontrolsFvvEEOT_RNSt16remove_referenceIS5_E4typeE
                0x00001626        0xc ./main-leds.o
                0x00001626                void (ledcontrols::* const&std::forward<void (ledcontrols::* const&)()>(std::remove_reference<void (ledcontrols::* const&)()>::type&))()
 .text._ZSt7forwardIRKP11ledcontrolsEOT_RNSt16remove_referenceIS4_E4typeE
                0x00001632        0xc ./main-leds.o
                0x00001632                ledcontrols* const& std::forward<ledcontrols* const&>(std::remove_reference<ledcontrols* const&>::type&)
 .text._ZN4mstd6invokeIRKM11ledcontrolsFvvEJRKPS1_EEENS_13invoke_resultIT_JDpT0_EE4typeEOSA_DpOSB_
                0x0000163e       0x28 ./main-leds.o
                0x0000163e                mstd::invoke_result<void (ledcontrols::* const&)(), ledcontrols* const&>::type mstd::invoke<void (ledcontrols::* const&)(), ledcontrols* const&>(void (ledcontrols::* const&)(), ledcontrols* const&)
 .text._ZN4mbed8CallbackIFvvEE11target_callIZNS2_C4IP11ledcontrolsMS5_FvvELi0EEET_T0_EUlvE_EEvPKNS_6detail12CallbackBaseE
                0x00001666       0x18 ./main-leds.o
                0x00001666                void mbed::Callback<void ()>::target_call<mbed::Callback<void ()>::target_call<ledcontrols*, void (ledcontrols::*)(), 0>(ledcontrols*, void (ledcontrols::*)())::{lambda()#1}>(mbed::detail::CallbackBase const*)
 .text._ZSt4moveIRZN4mbed8CallbackIFvvEEC4IP11ledcontrolsMS5_FvvELi0EEET_T0_EUlvE_EONSt16remove_referenceIS9_E4typeEOS9_
                0x0000167e        0xc ./main-leds.o
                0x0000167e                std::remove_reference<mbed::Callback<void ()>::Callback<ledcontrols*, void (ledcontrols::*)(), 0>(ledcontrols*, void (ledcontrols::*)())::{lambda()#1}&>::type&& std::move<mbed::Callback<void ()>::Callback<ledcontrols*, void (ledcontrols::*)(), 0>(ledcontrols*, void (ledcontrols::*)())::{lambda()#1}&>(mbed::Callback<void ()>::Callback<ledcontrols*, void (ledcontrols::*)(), 0>(ledcontrols*, void (ledcontrols::*)())::{lambda()#1}&)
 .text._ZN4mstd4impl6INVOKEI11ledcontrolsFvvERKPS2_JEEENSt9enable_ifIXaaaasrSt11is_functionIT0_E5valuentsrSt10is_base_ofIT_NSt5decayIT1_E4typeEE5valuentsrNS0_20is_reference_wrapperISG_EE5valueEDTcldsdecl7forwardISE_Efp0_Efp_spcl7forwardIT2_Efp1_EEEE4typeEMSC_S9_OSE_DpOSK_
                0x0000168a       0x44 ./main-leds.o
                0x0000168a                std::enable_if<(std::is_function<void ()>::value&&(!std::is_base_of<ledcontrols, std::decay<ledcontrols* const&>::type>::value))&&(!mstd::impl::is_reference_wrapper<std::decay<ledcontrols* const&>::type>::value), decltype (((*((forward<ledcontrols* const&>)({parm#2}))).*{parm#1})())>::type mstd::impl::INVOKE<ledcontrols, void (), ledcontrols* const&>(void (ledcontrols::*)(), ledcontrols* const&)
 .text._ZN4mbed6detail8invoke_rIvRZNS_8CallbackIFvvEEC4IP11ledcontrolsMS6_FvvELi0EEET_T0_EUlvE_JELi0EEESA_OSB_DpOT1_
                0x000016ce       0x1c ./main-leds.o
                0x000016ce                void mbed::detail::invoke_r<void, mbed::Callback<void ()>::Callback<ledcontrols*, void (ledcontrols::*)(), 0>(ledcontrols*, void (ledcontrols::*)())::{lambda()#1}&, , 0>(mbed::Callback<void ()>::Callback<ledcontrols*, void (ledcontrols::*)(), 0>(ledcontrols*, void (ledcontrols::*)())::{lambda()#1}&)
 .text._ZSt7forwardIRZN4mbed8CallbackIFvvEEC4IP11ledcontrolsMS5_FvvELi0EEET_T0_EUlvE_EOS9_RNSt16remove_referenceIS9_E4typeE
                0x000016ea        0xc ./main-leds.o
                0x000016ea                mbed::Callback<void ()>::Callback<ledcontrols*, void (ledcontrols::*)(), 0>(ledcontrols*, void (ledcontrols::*)())::{lambda()#1}& std::forward<mbed::Callback<void ()>::Callback<ledcontrols*, void (ledcontrols::*)(), 0>(ledcontrols*, void (ledcontrols::*)())::{lambda()#1}&>(std::remove_reference<mbed::Callback<void ()>::Callback<ledcontrols*, void (ledcontrols::*)(), 0>(ledcontrols*, void (ledcontrols::*)())::{lambda()#1}&>::type&)
 .text._ZN4mstd6invokeIRZN4mbed8CallbackIFvvEEC4IP11ledcontrolsMS6_FvvELi0EEET_T0_EUlvE_JEEENS_13invoke_resultISA_JDpT0_EE4typeEOSA_DpOSF_
                0x000016f6       0x1c ./main-leds.o
                0x000016f6                mstd::invoke_result<mbed::Callback<void ()>::Callback<ledcontrols*, void (ledcontrols::*)(), 0>(ledcontrols*, void (ledcontrols::*)())::{lambda()#1}&>::type mstd::invoke<mbed::Callback<void ()>::Callback<ledcontrols*, void (ledcontrols::*)(), 0>(ledcontrols*, void (ledcontrols::*)())::{lambda()#1}&>(mbed::Callback<void ()>::Callback<ledcontrols*, void (ledcontrols::*)(), 0>(ledcontrols*, void (ledcontrols::*)())::{lambda()#1}&)
 .text._ZN4mstd4impl6INVOKEIRZN4mbed8CallbackIFvvEEC4IP11ledcontrolsMS7_FvvELi0EEET_T0_EUlvE_JEEENSt9enable_ifIXoontsrSt17is_member_pointerINSt5decayISB_E4typeEE5valueaasrSt24is_member_object_pointerISJ_E5valuenesZfp0_Li1EEDTclcl7forwardISB_Efp_Espcl7forwardIT0_Efp0_EEEE4typeEOSB_DpOSN_
                0x00001712       0x1c ./main-leds.o
                0x00001712                std::enable_if<(!std::is_member_pointer<std::decay<mbed::Callback<void ()>::Callback<ledcontrols*, void (ledcontrols::*)(), 0>(ledcontrols*, void (ledcontrols::*)())::{lambda()#1}&>::type>::value)||(std::is_member_object_pointer<std::decay<mbed::Callback<void ()>::Callback<ledcontrols*, void (ledcontrols::*)(), 0>(ledcontrols*, void (ledcontrols::*)())::{lambda()#1}&>::type>::value&&((0)!=(1))), decltype (((forward<mbed::Callback<void ()>::Callback<ledcontrols*, void (ledcontrols::*)(), 0>(ledcontrols*, void (ledcontrols::*)())::{lambda()#1}&>)({parm#1}))())>::type mstd::impl::INVOKE<mbed::Callback<void ()>::Callback<ledcontrols*, void (ledcontrols::*)(), 0>(ledcontrols*, void (ledcontrols::*)())::{lambda()#1}&>(mbed::Callback<void ()>::Callback<ledcontrols*, void (ledcontrols::*)(), 0>(ledcontrols*, void (ledcontrols::*)())::{lambda()#1}&)
 *fill*         0x0000172e        0x2 
 .text.__tcf_0  0x00001730       0x24 ./main-leds.o
 .text._Z41__static_initialization_and_destruction_0ii
                0x00001754       0xac ./main-leds.o
 .text._GLOBAL__sub_I_g_red_led
                0x00001800        0xe ./main-leds.o
 .text._ZN4mbed10TickerBase7handlerEv
                0x0000180e       0x26 /home/fei/yat0008/Desktop/controller/leds/mbed-os/lib/libmbed-os.a(Ticker.o)
                0x0000180e                mbed::TickerBase::handler()
 .text._ZN4mbed10TickerBaseC2EPK13ticker_data_tb
                0x00001834       0x28 /home/fei/yat0008/Desktop/controller/leds/mbed-os/lib/libmbed-os.a(Ticker.o)
                0x00001834                mbed::TickerBase::TickerBase(ticker_data_t const*, bool)
                0x00001834                mbed::TickerBase::TickerBase(ticker_data_t const*, bool)
 .text._ZN4mbed10TickerBase6detachEv
                0x0000185c       0x2c /home/fei/yat0008/Desktop/controller/leds/mbed-os/lib/libmbed-os.a(Ticker.o)
                0x0000185c                mbed::TickerBase::detach()
 .text._ZN4mbed10TickerBase5setupENSt6chrono8durationIxSt5ratioILx1ELx1000000EEEE
                0x00001888       0x26 /home/fei/yat0008/Desktop/controller/leds/mbed-os/lib/libmbed-os.a(Ticker.o)
                0x00001888                mbed::TickerBase::setup(std::chrono::duration<long long, std::ratio<1ll, 1000000ll> >)
 .text._ZN4mbed10TickerBase6attachENS_8CallbackIFvvEEENSt6chrono8durationIxSt5ratioILx1ELx1000000EEEE
                0x000018ae       0x46 /home/fei/yat0008/Desktop/controller/leds/mbed-os/lib/libmbed-os.a(Ticker.o)
                0x000018ae                mbed::TickerBase::attach(mbed::Callback<void ()>, std::chrono::duration<long long, std::ratio<1ll, 1000000ll> >)
 .text._ZN4mbed6TickerC2Ev
                0x000018f4       0x20 /home/fei/yat0008/Desktop/controller/leds/mbed-os/lib/libmbed-os.a(Ticker.o)
                0x000018f4                mbed::Ticker::Ticker()
                0x000018f4                mbed::Ticker::Ticker()
 .text._ZN4mbed10TimerEvent3irqEm
                0x00001914        0x6 /home/fei/yat0008/Desktop/controller/leds/mbed-os/lib/libmbed-os.a(TimerEvent.o)
                0x00001914                mbed::TimerEvent::irq(unsigned long)
 *fill*         0x0000191a        0x2 
 .text._ZN4mbed10TimerEventC2EPK13ticker_data_t
                0x0000191c       0x2c /home/fei/yat0008/Desktop/controller/leds/mbed-os/lib/libmbed-os.a(TimerEvent.o)
                0x0000191c                mbed::TimerEvent::TimerEvent(ticker_data_t const*)
                0x0000191c                mbed::TimerEvent::TimerEvent(ticker_data_t const*)
 .text._ZN4mbed10TimerEvent15insert_absoluteENSt6chrono10time_pointINS_15TickerDataClockENS1_8durationIxSt5ratioILx1ELx1000000EEEEEE
                0x00001948       0x14 /home/fei/yat0008/Desktop/controller/leds/mbed-os/lib/libmbed-os.a(TimerEvent.o)
                0x00001948                mbed::TimerEvent::insert_absolute(std::chrono::time_point<mbed::TickerDataClock, std::chrono::duration<long long, std::ratio<1ll, 1000000ll> > >)
 .text._ZN4mbed10TimerEvent6removeEv
                0x0000195c        0xa /home/fei/yat0008/Desktop/controller/leds/mbed-os/lib/libmbed-os.a(TimerEvent.o)
                0x0000195c                mbed::TimerEvent::remove()
 *fill*         0x00001966        0x2 
 .text._ZN4mbed10TimerEventD2Ev
                0x00001968       0x14 /home/fei/yat0008/Desktop/controller/leds/mbed-os/lib/libmbed-os.a(TimerEvent.o)
                0x00001968                mbed::TimerEvent::~TimerEvent()
                0x00001968                mbed::TimerEvent::~TimerEvent()
 .text._gpio_init_out
                0x0000197c       0x30 /home/fei/yat0008/Desktop/controller/leds/mbed-os/lib/libmbed-os.a(mbed_gpio.o)
 .text.gpio_init_out_ex
                0x000019ac        0x8 /home/fei/yat0008/Desktop/controller/leds/mbed-os/lib/libmbed-os.a(mbed_gpio.o)
                0x000019ac                gpio_init_out_ex
 .text.gpio_init_out
                0x000019b4        0x6 /home/fei/yat0008/Desktop/controller/leds/mbed-os/lib/libmbed-os.a(mbed_gpio.o)
                0x000019b4                gpio_init_out
 *fill*         0x000019ba        0x2 
 .text.note_us_ticker_free
                0x000019bc       0x10 /home/fei/yat0008/Desktop/controller/leds/mbed-os/lib/libmbed-os.a(mbed_us_ticker_api.o)
 .text.note_us_ticker_init
                0x000019cc       0x14 /home/fei/yat0008/Desktop/controller/leds/mbed-os/lib/libmbed-os.a(mbed_us_ticker_api.o)
 .text.get_us_ticker_data
                0x000019e0        0x8 /home/fei/yat0008/Desktop/controller/leds/mbed-os/lib/libmbed-os.a(mbed_us_ticker_api.o)
                0x000019e0                get_us_ticker_data
 .text.us_ticker_irq_handler
                0x000019e8       0x14 /home/fei/yat0008/Desktop/controller/leds/mbed-os/lib/libmbed-os.a(mbed_us_ticker_api.o)
                0x000019e8                us_ticker_irq_handler
 .text.update_present_time
                0x000019fc       0x86 /home/fei/yat0008/Desktop/controller/leds/mbed-os/lib/libmbed-os.a(mbed_ticker_api.o)
 .text._ticker_match_interval_passed
                0x00001a82       0x28 /home/fei/yat0008/Desktop/controller/leds/mbed-os/lib/libmbed-os.a(mbed_ticker_api.o)
                0x00001a82                _ticker_match_interval_passed
 *fill*         0x00001aaa        0x2 
 .text.schedule_interrupt
                0x00001aac       0xf4 /home/fei/yat0008/Desktop/controller/leds/mbed-os/lib/libmbed-os.a(mbed_ticker_api.o)
 .text.initialize
                0x00001ba0      0x124 /home/fei/yat0008/Desktop/controller/leds/mbed-os/lib/libmbed-os.a(mbed_ticker_api.o)
 .text.insert_event
                0x00001cc4       0x48 /home/fei/yat0008/Desktop/controller/leds/mbed-os/lib/libmbed-os.a(mbed_ticker_api.o)
 .text.ticker_set_handler
                0x00001d0c       0x1a /home/fei/yat0008/Desktop/controller/leds/mbed-os/lib/libmbed-os.a(mbed_ticker_api.o)
                0x00001d0c                ticker_set_handler
 .text.ticker_irq_handler
                0x00001d26       0x60 /home/fei/yat0008/Desktop/controller/leds/mbed-os/lib/libmbed-os.a(mbed_ticker_api.o)
                0x00001d26                ticker_irq_handler
 .text.ticker_insert_event_us
                0x00001d86       0x34 /home/fei/yat0008/Desktop/controller/leds/mbed-os/lib/libmbed-os.a(mbed_ticker_api.o)
                0x00001d86                ticker_insert_event_us
 .text.ticker_remove_event
                0x00001dba       0x36 /home/fei/yat0008/Desktop/controller/leds/mbed-os/lib/libmbed-os.a(mbed_ticker_api.o)
                0x00001dba                ticker_remove_event
 .text.ticker_read_us
                0x00001df0       0x22 /home/fei/yat0008/Desktop/controller/leds/mbed-os/lib/libmbed-os.a(mbed_ticker_api.o)
                0x00001df0                ticker_read_us
 .text.ticker_read
                0x00001e12        0x8 /home/fei/yat0008/Desktop/controller/leds/mbed-os/lib/libmbed-os.a(mbed_ticker_api.o)
                0x00001e12                ticker_read
 .text._ZN4mbed19CriticalSectionLockC2Ev
                0x00001e1a        0xc /home/fei/yat0008/Desktop/controller/leds/mbed-os/lib/libmbed-os.a(CriticalSectionLock.o)
                0x00001e1a                mbed::CriticalSectionLock::CriticalSectionLock()
                0x00001e1a                mbed::CriticalSectionLock::CriticalSectionLock()
 .text._ZN4mbed19CriticalSectionLockD2Ev
                0x00001e26        0xc /home/fei/yat0008/Desktop/controller/leds/mbed-os/lib/libmbed-os.a(CriticalSectionLock.o)
                0x00001e26                mbed::CriticalSectionLock::~CriticalSectionLock()
                0x00001e26                mbed::CriticalSectionLock::~CriticalSectionLock()
 *fill*         0x00001e32        0x2 
 .text.mbed_assert_internal
                0x00001e34       0x14 /home/fei/yat0008/Desktop/controller/leds/mbed-os/lib/libmbed-os.a(mbed_assert.o)
                0x00001e34                mbed_assert_internal
 .text.core_util_are_interrupts_enabled
                0x00001e48        0xc /home/fei/yat0008/Desktop/controller/leds/mbed-os/lib/libmbed-os.a(mbed_critical.o)
                0x00001e48                core_util_are_interrupts_enabled
 .text.core_util_is_isr_active
                0x00001e54        0xc /home/fei/yat0008/Desktop/controller/leds/mbed-os/lib/libmbed-os.a(mbed_critical.o)
                0x00001e54                core_util_is_isr_active
 .text.core_util_critical_section_enter
                0x00001e60       0x2c /home/fei/yat0008/Desktop/controller/leds/mbed-os/lib/libmbed-os.a(mbed_critical.o)
                0x00001e60                core_util_critical_section_enter
 .text.core_util_critical_section_exit
                0x00001e8c       0x18 /home/fei/yat0008/Desktop/controller/leds/mbed-os/lib/libmbed-os.a(mbed_critical.o)
                0x00001e8c                core_util_critical_section_exit
 .text.mbed_halt_system
                0x00001ea4       0x34 /home/fei/yat0008/Desktop/controller/leds/mbed-os/lib/libmbed-os.a(mbed_error.o)
 .text.print_error_report.constprop.0
                0x00001ed8      0x104 /home/fei/yat0008/Desktop/controller/leds/mbed-os/lib/libmbed-os.a(mbed_error.o)
 .text.mbed_error_hook
                0x00001fdc        0x2 /home/fei/yat0008/Desktop/controller/leds/mbed-os/lib/libmbed-os.a(mbed_error.o)
                0x00001fdc                mbed_error_hook
 *fill*         0x00001fde        0x2 
 .text.handle_error.constprop.0
                0x00001fe0       0xc0 /home/fei/yat0008/Desktop/controller/leds/mbed-os/lib/libmbed-os.a(mbed_error.o)
 .text.mbed_error_reboot_callback
                0x000020a0        0x2 /home/fei/yat0008/Desktop/controller/leds/mbed-os/lib/libmbed-os.a(mbed_error.o)
                0x000020a0                mbed_error_reboot_callback
 *fill*         0x000020a2        0x2 
 .text.mbed_error_initialize
                0x000020a4       0x64 /home/fei/yat0008/Desktop/controller/leds/mbed-os/lib/libmbed-os.a(mbed_error.o)
                0x000020a4                mbed_error_initialize
 .text.mbed_error
                0x00002108       0xc4 /home/fei/yat0008/Desktop/controller/leds/mbed-os/lib/libmbed-os.a(mbed_error.o)
                0x00002108                mbed_error
 .text.sleep_manager_lock_deep_sleep_internal
                0x000021cc       0x2c /home/fei/yat0008/Desktop/controller/leds/mbed-os/lib/libmbed-os.a(mbed_power_mgmt.o)
                0x000021cc                sleep_manager_lock_deep_sleep_internal
 .text.sleep_manager_unlock_deep_sleep_internal
                0x000021f8       0x34 /home/fei/yat0008/Desktop/controller/leds/mbed-os/lib/libmbed-os.a(mbed_power_mgmt.o)
                0x000021f8                sleep_manager_unlock_deep_sleep_internal
 .text.mbed_main
                0x0000222c        0x2 /home/fei/yat0008/Desktop/controller/leds/mbed-os/lib/libmbed-os.a(mbed_sdk_boot.o)
                0x0000222c                mbed_main
 .text.mbed_sdk_init
                0x0000222e        0x2 /home/fei/yat0008/Desktop/controller/leds/mbed-os/lib/libmbed-os.a(mbed_sdk_boot.o)
                0x0000222e                mbed_sdk_init
 .text.software_init_hook_rtos
                0x00002230        0x2 /home/fei/yat0008/Desktop/controller/leds/mbed-os/lib/libmbed-os.a(mbed_sdk_boot.o)
                0x00002230                software_init_hook_rtos
 *fill*         0x00002232        0x2 
 .text.mbed_copy_nvic
                0x00002234       0x28 /home/fei/yat0008/Desktop/controller/leds/mbed-os/lib/libmbed-os.a(mbed_sdk_boot.o)
                0x00002234                mbed_copy_nvic
 .text.mbed_init
                0x0000225c        0xc /home/fei/yat0008/Desktop/controller/leds/mbed-os/lib/libmbed-os.a(mbed_sdk_boot.o)
                0x0000225c                mbed_init
 .text.software_init_hook
                0x00002268       0x48 /home/fei/yat0008/Desktop/controller/leds/mbed-os/lib/libmbed-os.a(mbed_sdk_boot.o)
                0x00002268                software_init_hook
 .text.__wrap_main
                0x000022b0       0x12 /home/fei/yat0008/Desktop/controller/leds/mbed-os/lib/libmbed-os.a(mbed_sdk_boot.o)
                0x000022b0                __wrap_main
 *fill*         0x000022c2        0x2 
 .text._wait_us_ticks
                0x000022c4       0x1c /home/fei/yat0008/Desktop/controller/leds/mbed-os/lib/libmbed-os.a(mbed_wait_api_no_rtos.o)
                0x000022c4                _wait_us_ticks
 .text._wait_us_generic
                0x000022e0       0x1e /home/fei/yat0008/Desktop/controller/leds/mbed-os/lib/libmbed-os.a(mbed_wait_api_no_rtos.o)
                0x000022e0                _wait_us_generic
 *fill*         0x000022fe        0x2 
 .text._wait_us_inline
                0x00002300       0x14 /home/fei/yat0008/Desktop/controller/leds/mbed-os/lib/libmbed-os.a(mbed_wait_api_no_rtos.o)
                0x00002300                _wait_us_inline
 .text._ZN4mbed10FileHandle4syncEv
                0x00002314        0x4 /home/fei/yat0008/Desktop/controller/leds/mbed-os/lib/libmbed-os.a(mbed_retarget.o)
                0x00002314                mbed::FileHandle::sync()
 .text._ZN4mbed10FileHandle4tellEv
                0x00002318        0xa /home/fei/yat0008/Desktop/controller/leds/mbed-os/lib/libmbed-os.a(mbed_retarget.o)
                0x00002318                mbed::FileHandle::tell()
 .text._ZN4mbed10FileHandle6rewindEv
                0x00002322        0xa /home/fei/yat0008/Desktop/controller/leds/mbed-os/lib/libmbed-os.a(mbed_retarget.o)
                0x00002322                mbed::FileHandle::rewind()
 .text._ZN4mbed10FileHandle8truncateEl
                0x0000232c        0x6 /home/fei/yat0008/Desktop/controller/leds/mbed-os/lib/libmbed-os.a(mbed_retarget.o)
                0x0000232c                mbed::FileHandle::truncate(long)
 .text._ZN4mbed10FileHandle12set_blockingEb
                0x00002332        0xc /home/fei/yat0008/Desktop/controller/leds/mbed-os/lib/libmbed-os.a(mbed_retarget.o)
                0x00002332                mbed::FileHandle::set_blocking(bool)
 .text._ZNK4mbed10FileHandle11is_blockingEv
                0x0000233e        0x4 /home/fei/yat0008/Desktop/controller/leds/mbed-os/lib/libmbed-os.a(mbed_retarget.o)
                0x0000233e                mbed::FileHandle::is_blocking() const
 .text._ZN4mbed10FileHandle12enable_inputEb
                0x00002342        0x6 /home/fei/yat0008/Desktop/controller/leds/mbed-os/lib/libmbed-os.a(mbed_retarget.o)
                0x00002342                mbed::FileHandle::enable_input(bool)
 .text._ZN4mbed10FileHandle13enable_outputEb
                0x00002348        0x6 /home/fei/yat0008/Desktop/controller/leds/mbed-os/lib/libmbed-os.a(mbed_retarget.o)
                0x00002348                mbed::FileHandle::enable_output(bool)
 .text._ZN4mbed10FileHandle5sigioENS_8CallbackIFvvEEE
                0x0000234e        0xc /home/fei/yat0008/Desktop/controller/leds/mbed-os/lib/libmbed-os.a(mbed_retarget.o)
                0x0000234e                mbed::FileHandle::sigio(mbed::Callback<void ()>)
 .text._ZN12DirectSerial4seekEli
                0x0000235a        0x6 /home/fei/yat0008/Desktop/controller/leds/mbed-os/lib/libmbed-os.a(mbed_retarget.o)
                0x0000235a                DirectSerial::seek(long, int)
 .text._ZN12DirectSerial4sizeEv
                0x00002360        0x6 /home/fei/yat0008/Desktop/controller/leds/mbed-os/lib/libmbed-os.a(mbed_retarget.o)
                0x00002360                DirectSerial::size()
 .text._ZN12DirectSerial6isattyEv
                0x00002366        0x4 /home/fei/yat0008/Desktop/controller/leds/mbed-os/lib/libmbed-os.a(mbed_retarget.o)
                0x00002366                DirectSerial::isatty()
 .text._ZN12DirectSerial5closeEv
                0x0000236a        0x4 /home/fei/yat0008/Desktop/controller/leds/mbed-os/lib/libmbed-os.a(mbed_retarget.o)
                0x0000236a                DirectSerial::close()
 .text._ZN12DirectSerialD2Ev
                0x0000236e        0x2 /home/fei/yat0008/Desktop/controller/leds/mbed-os/lib/libmbed-os.a(mbed_retarget.o)
                0x0000236e                DirectSerial::~DirectSerial()
                0x0000236e                DirectSerial::~DirectSerial()
 .text._ZN12DirectSerial5writeEPKvj
                0x00002370       0x24 /home/fei/yat0008/Desktop/controller/leds/mbed-os/lib/libmbed-os.a(mbed_retarget.o)
                0x00002370                DirectSerial::write(void const*, unsigned int)
 .text._ZNK12DirectSerial4pollEs
                0x00002394       0x30 /home/fei/yat0008/Desktop/controller/leds/mbed-os/lib/libmbed-os.a(mbed_retarget.o)
                0x00002394                DirectSerial::poll(short) const
 .text._ZN12DirectSerialD0Ev
                0x000023c4        0xc /home/fei/yat0008/Desktop/controller/leds/mbed-os/lib/libmbed-os.a(mbed_retarget.o)
                0x000023c4                DirectSerial::~DirectSerial()
 .text._ZN12DirectSerial4readEPvj
                0x000023d0       0x18 /home/fei/yat0008/Desktop/controller/leds/mbed-os/lib/libmbed-os.a(mbed_retarget.o)
                0x000023d0                DirectSerial::read(void*, unsigned int)
 .text._ZN12DirectSerialC2ERK15serial_pinmap_ti
                0x000023e8       0x30 /home/fei/yat0008/Desktop/controller/leds/mbed-os/lib/libmbed-os.a(mbed_retarget.o)
                0x000023e8                DirectSerial::DirectSerial(serial_pinmap_t const&, int)
                0x000023e8                DirectSerial::DirectSerial(serial_pinmap_t const&, int)
 .text._ZN4mbed28mbed_target_override_consoleEi
                0x00002418        0x4 /home/fei/yat0008/Desktop/controller/leds/mbed-os/lib/libmbed-os.a(mbed_retarget.o)
                0x00002418                mbed::mbed_target_override_console(int)
 .text._ZN4mbed21mbed_override_consoleEi
                0x0000241c        0x4 /home/fei/yat0008/Desktop/controller/leds/mbed-os/lib/libmbed-os.a(mbed_retarget.o)
                0x0000241c                mbed::mbed_override_console(int)
 .text.__cxa_pure_virtual
                0x00002420        0x8 /home/fei/yat0008/Desktop/controller/leds/mbed-os/lib/libmbed-os.a(mbed_retarget.o)
                0x00002420                __cxa_pure_virtual
 .text._sbrk    0x00002428       0x44 /home/fei/yat0008/Desktop/controller/leds/mbed-os/lib/libmbed-os.a(mbed_retarget.o)
                0x00002428                _sbrk
 .text.__wrap_atexit
                0x0000246c        0x4 /home/fei/yat0008/Desktop/controller/leds/mbed-os/lib/libmbed-os.a(mbed_retarget.o)
                0x0000246c                __wrap_atexit
 .text.__rtos_malloc_lock
                0x00002470        0x2 /home/fei/yat0008/Desktop/controller/leds/mbed-os/lib/libmbed-os.a(mbed_retarget.o)
                0x00002470                __rtos_malloc_lock
 .text.__rtos_malloc_unlock
                0x00002472        0x2 /home/fei/yat0008/Desktop/controller/leds/mbed-os/lib/libmbed-os.a(mbed_retarget.o)
                0x00002472                __rtos_malloc_unlock
 .text.__malloc_lock
                0x00002474        0x8 /home/fei/yat0008/Desktop/controller/leds/mbed-os/lib/libmbed-os.a(mbed_retarget.o)
                0x00002474                __malloc_lock
 .text.__malloc_unlock
                0x0000247c        0x8 /home/fei/yat0008/Desktop/controller/leds/mbed-os/lib/libmbed-os.a(mbed_retarget.o)
                0x0000247c                __malloc_unlock
 .text.__cxa_guard_acquire
                0x00002484       0x3c /home/fei/yat0008/Desktop/controller/leds/mbed-os/lib/libmbed-os.a(mbed_retarget.o)
                0x00002484                __cxa_guard_acquire
 .text.__cxa_guard_release
                0x000024c0       0x2c /home/fei/yat0008/Desktop/controller/leds/mbed-os/lib/libmbed-os.a(mbed_retarget.o)
                0x000024c0                __cxa_guard_release
 .text._ZN4mbed16mbed_file_handleEi
                0x000024ec       0x80 /home/fei/yat0008/Desktop/controller/leds/mbed-os/lib/libmbed-os.a(mbed_retarget.o)
                0x000024ec                mbed::mbed_file_handle(int)
 .text.close    0x0000256c       0x3c /home/fei/yat0008/Desktop/controller/leds/mbed-os/lib/libmbed-os.a(mbed_retarget.o)
                0x0000256c                close
 .text._close   0x000025a8        0x4 /home/fei/yat0008/Desktop/controller/leds/mbed-os/lib/libmbed-os.a(mbed_retarget.o)
                0x000025a8                _close
 .text.write    0x000025ac       0x34 /home/fei/yat0008/Desktop/controller/leds/mbed-os/lib/libmbed-os.a(mbed_retarget.o)
                0x000025ac                write
 .text.read     0x000025e0       0x34 /home/fei/yat0008/Desktop/controller/leds/mbed-os/lib/libmbed-os.a(mbed_retarget.o)
                0x000025e0                read
 .text.isatty   0x00002614       0x2a /home/fei/yat0008/Desktop/controller/leds/mbed-os/lib/libmbed-os.a(mbed_retarget.o)
                0x00002614                isatty
 *fill*         0x0000263e        0x2 
 .text._write   0x00002640       0xac /home/fei/yat0008/Desktop/controller/leds/mbed-os/lib/libmbed-os.a(mbed_retarget.o)
                0x00002640                _write
 .text._isatty  0x000026ec        0x4 /home/fei/yat0008/Desktop/controller/leds/mbed-os/lib/libmbed-os.a(mbed_retarget.o)
                0x000026ec                _isatty
 .text._read    0x000026f0       0x74 /home/fei/yat0008/Desktop/controller/leds/mbed-os/lib/libmbed-os.a(mbed_retarget.o)
                0x000026f0                _read
 .text.lseek    0x00002764       0x34 /home/fei/yat0008/Desktop/controller/leds/mbed-os/lib/libmbed-os.a(mbed_retarget.o)
                0x00002764                lseek
 .text._lseek   0x00002798        0x4 /home/fei/yat0008/Desktop/controller/leds/mbed-os/lib/libmbed-os.a(mbed_retarget.o)
                0x00002798                _lseek
 .text.fsync    0x0000279c       0x2e /home/fei/yat0008/Desktop/controller/leds/mbed-os/lib/libmbed-os.a(mbed_retarget.o)
                0x0000279c                fsync
 *fill*         0x000027ca        0x2 
 .text._exit    0x000027cc       0x30 /home/fei/yat0008/Desktop/controller/leds/mbed-os/lib/libmbed-os.a(mbed_retarget.o)
                0x000027cc                _exit
 .text.__wrap_exit
                0x000027fc        0x6 /home/fei/yat0008/Desktop/controller/leds/mbed-os/lib/libmbed-os.a(mbed_retarget.o)
                0x000027fc                __wrap_exit
 .text.fstat    0x00002802       0x3c /home/fei/yat0008/Desktop/controller/leds/mbed-os/lib/libmbed-os.a(mbed_retarget.o)
                0x00002802                fstat
 .text._fstat   0x0000283e        0x4 /home/fei/yat0008/Desktop/controller/leds/mbed-os/lib/libmbed-os.a(mbed_retarget.o)
                0x0000283e                _fstat
 *fill*         0x00002842        0x2 
 .text.SystemInit
                0x00002844       0x2c /home/fei/yat0008/Desktop/controller/leds/mbed-os/lib/libmbed-os.a(system_MK64F12.o)
                0x00002844                SystemInit
 .text.pit_isr  0x00002870       0x2c /home/fei/yat0008/Desktop/controller/leds/mbed-os/lib/libmbed-os.a(us_ticker.o)
 .text.us_ticker_get_info
                0x0000289c        0x8 /home/fei/yat0008/Desktop/controller/leds/mbed-os/lib/libmbed-os.a(us_ticker.o)
                0x0000289c                us_ticker_get_info
 .text.us_ticker_init
                0x000028a4       0xcc /home/fei/yat0008/Desktop/controller/leds/mbed-os/lib/libmbed-os.a(us_ticker.o)
                0x000028a4                us_ticker_init
 .text.us_ticker_read
                0x00002970       0x10 /home/fei/yat0008/Desktop/controller/leds/mbed-os/lib/libmbed-os.a(us_ticker.o)
                0x00002970                us_ticker_read
 .text.us_ticker_disable_interrupt
                0x00002980       0x14 /home/fei/yat0008/Desktop/controller/leds/mbed-os/lib/libmbed-os.a(us_ticker.o)
                0x00002980                us_ticker_disable_interrupt
 .text.us_ticker_clear_interrupt
                0x00002994       0x10 /home/fei/yat0008/Desktop/controller/leds/mbed-os/lib/libmbed-os.a(us_ticker.o)
                0x00002994                us_ticker_clear_interrupt
 .text.us_ticker_set_interrupt
                0x000029a4       0x60 /home/fei/yat0008/Desktop/controller/leds/mbed-os/lib/libmbed-os.a(us_ticker.o)
                0x000029a4                us_ticker_set_interrupt
 .text.us_ticker_fire_interrupt
                0x00002a04       0x10 /home/fei/yat0008/Desktop/controller/leds/mbed-os/lib/libmbed-os.a(us_ticker.o)
                0x00002a04                us_ticker_fire_interrupt
 .text.us_ticker_free
                0x00002a14       0x64 /home/fei/yat0008/Desktop/controller/leds/mbed-os/lib/libmbed-os.a(us_ticker.o)
                0x00002a14                us_ticker_free
 .text.serial_init_direct
                0x00002a78       0xd4 /home/fei/yat0008/Desktop/controller/leds/mbed-os/lib/libmbed-os.a(serial_api.o)
                0x00002a78                serial_init_direct
 .text.serial_baud
                0x00002b4c       0x2c /home/fei/yat0008/Desktop/controller/leds/mbed-os/lib/libmbed-os.a(serial_api.o)
                0x00002b4c                serial_baud
 .text.serial_readable
                0x00002b78       0x2c /home/fei/yat0008/Desktop/controller/leds/mbed-os/lib/libmbed-os.a(serial_api.o)
                0x00002b78                serial_readable
 .text.serial_getc
                0x00002ba4       0x20 /home/fei/yat0008/Desktop/controller/leds/mbed-os/lib/libmbed-os.a(serial_api.o)
                0x00002ba4                serial_getc
 .text.serial_writable
                0x00002bc4       0x2c /home/fei/yat0008/Desktop/controller/leds/mbed-os/lib/libmbed-os.a(serial_api.o)
                0x00002bc4                serial_writable
 .text.serial_putc
                0x00002bf0       0x24 /home/fei/yat0008/Desktop/controller/leds/mbed-os/lib/libmbed-os.a(serial_api.o)
                0x00002bf0                serial_putc
 .text.gpio_init
                0x00002c14       0x12 /home/fei/yat0008/Desktop/controller/leds/mbed-os/lib/libmbed-os.a(gpio_api.o)
                0x00002c14                gpio_init
 .text.gpio_mode
                0x00002c26        0x6 /home/fei/yat0008/Desktop/controller/leds/mbed-os/lib/libmbed-os.a(gpio_api.o)
                0x00002c26                gpio_mode
 .text.gpio_dir
                0x00002c2c       0x48 /home/fei/yat0008/Desktop/controller/leds/mbed-os/lib/libmbed-os.a(gpio_api.o)
                0x00002c2c                gpio_dir
 .text.gpio_write
                0x00002c74       0x3c /home/fei/yat0008/Desktop/controller/leds/mbed-os/lib/libmbed-os.a(gpio_api.o)
                0x00002c74                gpio_write
 .text.pin_function
                0x00002cb0       0x74 /home/fei/yat0008/Desktop/controller/leds/mbed-os/lib/libmbed-os.a(pinmap.o)
                0x00002cb0                pin_function
 .text.pin_mode
                0x00002d24       0x5c /home/fei/yat0008/Desktop/controller/leds/mbed-os/lib/libmbed-os.a(pinmap.o)
                0x00002d24                pin_mode
 .text.mbed_tiny_compute_crc32
                0x00002d80       0x2c /home/fei/yat0008/Desktop/controller/leds/mbed-os/lib/libmbed-os.a(MbedCRC.o)
                0x00002d80                mbed_tiny_compute_crc32
 .text.hal_critical_section_enter
                0x00002dac       0x24 /home/fei/yat0008/Desktop/controller/leds/mbed-os/lib/libmbed-os.a(mbed_critical_section_api.o)
                0x00002dac                hal_critical_section_enter
 .text.hal_critical_section_exit
                0x00002dd0       0x38 /home/fei/yat0008/Desktop/controller/leds/mbed-os/lib/libmbed-os.a(mbed_critical_section_api.o)
                0x00002dd0                hal_critical_section_exit
 .text.core_util_atomic_flag_test_and_set
                0x00002e08       0x14 /home/fei/yat0008/Desktop/controller/leds/mbed-os/lib/libmbed-os.a(mbed_atomic_impl.o)
                0x00002e08                core_util_atomic_flag_test_and_set
 .text.core_util_atomic_incr_u16
                0x00002e1c       0x12 /home/fei/yat0008/Desktop/controller/leds/mbed-os/lib/libmbed-os.a(mbed_atomic_impl.o)
                0x00002e1c                core_util_atomic_incr_u16
 .text.core_util_atomic_decr_u16
                0x00002e2e       0x12 /home/fei/yat0008/Desktop/controller/leds/mbed-os/lib/libmbed-os.a(mbed_atomic_impl.o)
                0x00002e2e                core_util_atomic_decr_u16
 .text.core_util_atomic_exchange_u8
                0x00002e40       0x12 /home/fei/yat0008/Desktop/controller/leds/mbed-os/lib/libmbed-os.a(mbed_atomic_impl.o)
                0x00002e40                core_util_atomic_exchange_u8
 *fill*         0x00002e52        0x2 
 .text.mbed_die
                0x00002e54       0x64 /home/fei/yat0008/Desktop/controller/leds/mbed-os/lib/libmbed-os.a(mbed_board.o)
                0x00002e54                mbed_die
 .text.mbed_error_puts
                0x00002eb8       0x50 /home/fei/yat0008/Desktop/controller/leds/mbed-os/lib/libmbed-os.a(mbed_board.o)
                0x00002eb8                mbed_error_puts
 .text.mbed_error_vprintf
                0x00002f08       0x38 /home/fei/yat0008/Desktop/controller/leds/mbed-os/lib/libmbed-os.a(mbed_board.o)
                0x00002f08                mbed_error_vprintf
 .text.mbed_error_printf
                0x00002f40       0x1a /home/fei/yat0008/Desktop/controller/leds/mbed-os/lib/libmbed-os.a(mbed_board.o)
                0x00002f40                mbed_error_printf
 .text.__wrap_vsnprintf
                0x00002f5a        0xe /home/fei/yat0008/Desktop/controller/leds/mbed-os/lib/libmbed-os.a(mbed_printf_wrapper.o)
                0x00002f5a                __wrap_vsnprintf
 .text.CLOCK_GetInternalRefClkSelectFreq
                0x00002f68       0x28 /home/fei/yat0008/Desktop/controller/leds/mbed-os/lib/libmbed-os.a(fsl_clock.o)
 .text.CLOCK_GetMcgExtClkFreq
                0x00002f90       0x60 /home/fei/yat0008/Desktop/controller/leds/mbed-os/lib/libmbed-os.a(fsl_clock.o)
 .text.CLOCK_GetFllRefClkFreq
                0x00002ff0       0x54 /home/fei/yat0008/Desktop/controller/leds/mbed-os/lib/libmbed-os.a(fsl_clock.o)
 .text.CLOCK_GetOsc0ErClkFreq
                0x00003044       0x3c /home/fei/yat0008/Desktop/controller/leds/mbed-os/lib/libmbed-os.a(fsl_clock.o)
                0x00003044                CLOCK_GetOsc0ErClkFreq
 .text.CLOCK_GetEr32kClkFreq
                0x00003080       0x5c /home/fei/yat0008/Desktop/controller/leds/mbed-os/lib/libmbed-os.a(fsl_clock.o)
                0x00003080                CLOCK_GetEr32kClkFreq
 .text.CLOCK_GetFllFreq
                0x000030dc       0x3c /home/fei/yat0008/Desktop/controller/leds/mbed-os/lib/libmbed-os.a(fsl_clock.o)
                0x000030dc                CLOCK_GetFllFreq
 .text.CLOCK_GetInternalRefClkFreq
                0x00003118       0x14 /home/fei/yat0008/Desktop/controller/leds/mbed-os/lib/libmbed-os.a(fsl_clock.o)
                0x00003118                CLOCK_GetInternalRefClkFreq
 .text.CLOCK_GetPll0Freq
                0x0000312c       0x48 /home/fei/yat0008/Desktop/controller/leds/mbed-os/lib/libmbed-os.a(fsl_clock.o)
                0x0000312c                CLOCK_GetPll0Freq
 .text.CLOCK_GetPllFllSelClkFreq
                0x00003174       0x2c /home/fei/yat0008/Desktop/controller/leds/mbed-os/lib/libmbed-os.a(fsl_clock.o)
                0x00003174                CLOCK_GetPllFllSelClkFreq
 .text.CLOCK_GetOutClkFreq
                0x000031a0       0x28 /home/fei/yat0008/Desktop/controller/leds/mbed-os/lib/libmbed-os.a(fsl_clock.o)
                0x000031a0                CLOCK_GetOutClkFreq
 .text.CLOCK_GetFixedFreqClkFreq
                0x000031c8       0x1c /home/fei/yat0008/Desktop/controller/leds/mbed-os/lib/libmbed-os.a(fsl_clock.o)
                0x000031c8                CLOCK_GetFixedFreqClkFreq
 .text.CLOCK_GetFreq
                0x000031e4       0xa8 /home/fei/yat0008/Desktop/controller/leds/mbed-os/lib/libmbed-os.a(fsl_clock.o)
                0x000031e4                CLOCK_GetFreq
 .text.EDMA_HandleIRQ
                0x0000328c       0xb0 /home/fei/yat0008/Desktop/controller/leds/mbed-os/lib/libmbed-os.a(fsl_edma.o)
                0x0000328c                EDMA_HandleIRQ
 .text.DMA0_DriverIRQHandler
                0x0000333c        0xc /home/fei/yat0008/Desktop/controller/leds/mbed-os/lib/libmbed-os.a(fsl_edma.o)
                0x0000333c                DMA0_DriverIRQHandler
 .text.DMA1_DriverIRQHandler
                0x00003348        0xc /home/fei/yat0008/Desktop/controller/leds/mbed-os/lib/libmbed-os.a(fsl_edma.o)
                0x00003348                DMA1_DriverIRQHandler
 .text.DMA2_DriverIRQHandler
                0x00003354        0xc /home/fei/yat0008/Desktop/controller/leds/mbed-os/lib/libmbed-os.a(fsl_edma.o)
                0x00003354                DMA2_DriverIRQHandler
 .text.DMA3_DriverIRQHandler
                0x00003360        0xc /home/fei/yat0008/Desktop/controller/leds/mbed-os/lib/libmbed-os.a(fsl_edma.o)
                0x00003360                DMA3_DriverIRQHandler
 .text.DMA4_DriverIRQHandler
                0x0000336c        0xc /home/fei/yat0008/Desktop/controller/leds/mbed-os/lib/libmbed-os.a(fsl_edma.o)
                0x0000336c                DMA4_DriverIRQHandler
 .text.DMA5_DriverIRQHandler
                0x00003378        0xc /home/fei/yat0008/Desktop/controller/leds/mbed-os/lib/libmbed-os.a(fsl_edma.o)
                0x00003378                DMA5_DriverIRQHandler
 .text.DMA6_DriverIRQHandler
                0x00003384        0xc /home/fei/yat0008/Desktop/controller/leds/mbed-os/lib/libmbed-os.a(fsl_edma.o)
                0x00003384                DMA6_DriverIRQHandler
 .text.DMA7_DriverIRQHandler
                0x00003390        0xc /home/fei/yat0008/Desktop/controller/leds/mbed-os/lib/libmbed-os.a(fsl_edma.o)
                0x00003390                DMA7_DriverIRQHandler
 .text.DMA8_DriverIRQHandler
                0x0000339c        0xc /home/fei/yat0008/Desktop/controller/leds/mbed-os/lib/libmbed-os.a(fsl_edma.o)
                0x0000339c                DMA8_DriverIRQHandler
 .text.DMA9_DriverIRQHandler
                0x000033a8        0xc /home/fei/yat0008/Desktop/controller/leds/mbed-os/lib/libmbed-os.a(fsl_edma.o)
                0x000033a8                DMA9_DriverIRQHandler
 .text.DMA10_DriverIRQHandler
                0x000033b4        0xc /home/fei/yat0008/Desktop/controller/leds/mbed-os/lib/libmbed-os.a(fsl_edma.o)
                0x000033b4                DMA10_DriverIRQHandler
 .text.DMA11_DriverIRQHandler
                0x000033c0        0xc /home/fei/yat0008/Desktop/controller/leds/mbed-os/lib/libmbed-os.a(fsl_edma.o)
                0x000033c0                DMA11_DriverIRQHandler
 .text.DMA12_DriverIRQHandler
                0x000033cc        0xc /home/fei/yat0008/Desktop/controller/leds/mbed-os/lib/libmbed-os.a(fsl_edma.o)
                0x000033cc                DMA12_DriverIRQHandler
 .text.DMA13_DriverIRQHandler
                0x000033d8        0xc /home/fei/yat0008/Desktop/controller/leds/mbed-os/lib/libmbed-os.a(fsl_edma.o)
                0x000033d8                DMA13_DriverIRQHandler
 .text.DMA14_DriverIRQHandler
                0x000033e4        0xc /home/fei/yat0008/Desktop/controller/leds/mbed-os/lib/libmbed-os.a(fsl_edma.o)
                0x000033e4                DMA14_DriverIRQHandler
 .text.DMA15_DriverIRQHandler
                0x000033f0        0xc /home/fei/yat0008/Desktop/controller/leds/mbed-os/lib/libmbed-os.a(fsl_edma.o)
                0x000033f0                DMA15_DriverIRQHandler
 .text.PIT_GetInstance.isra.0
                0x000033fc       0x28 /home/fei/yat0008/Desktop/controller/leds/mbed-os/lib/libmbed-os.a(fsl_pit.o)
 .text.PIT_Init
                0x00003424       0x50 /home/fei/yat0008/Desktop/controller/leds/mbed-os/lib/libmbed-os.a(fsl_pit.o)
                0x00003424                PIT_Init
 .text.UART_GetInstance
                0x00003474       0x64 /home/fei/yat0008/Desktop/controller/leds/mbed-os/lib/libmbed-os.a(fsl_uart.o)
                0x00003474                UART_GetInstance
 .text.UART_Init
                0x000034d8      0x178 /home/fei/yat0008/Desktop/controller/leds/mbed-os/lib/libmbed-os.a(fsl_uart.o)
                0x000034d8                UART_Init
 .text.UART_GetDefaultConfig
                0x00003650       0x30 /home/fei/yat0008/Desktop/controller/leds/mbed-os/lib/libmbed-os.a(fsl_uart.o)
                0x00003650                UART_GetDefaultConfig
 .text.UART_SetBaudRate
                0x00003680       0x8c /home/fei/yat0008/Desktop/controller/leds/mbed-os/lib/libmbed-os.a(fsl_uart.o)
                0x00003680                UART_SetBaudRate
 .text.UART_GetStatusFlags
                0x0000370c       0x16 /home/fei/yat0008/Desktop/controller/leds/mbed-os/lib/libmbed-os.a(fsl_uart.o)
                0x0000370c                UART_GetStatusFlags
 .text.UART_ClearStatusFlags
                0x00003722       0x40 /home/fei/yat0008/Desktop/controller/leds/mbed-os/lib/libmbed-os.a(fsl_uart.o)
                0x00003722                UART_ClearStatusFlags
 *fill*         0x00003762        0x2 
 .text.UART0_DriverIRQHandler
                0x00003764       0x18 /home/fei/yat0008/Desktop/controller/leds/mbed-os/lib/libmbed-os.a(fsl_uart.o)
                0x00003764                UART0_DriverIRQHandler
 .text.UART0_RX_TX_DriverIRQHandler
                0x0000377c        0x4 /home/fei/yat0008/Desktop/controller/leds/mbed-os/lib/libmbed-os.a(fsl_uart.o)
                0x0000377c                UART0_RX_TX_DriverIRQHandler
 .text.UART1_DriverIRQHandler
                0x00003780       0x18 /home/fei/yat0008/Desktop/controller/leds/mbed-os/lib/libmbed-os.a(fsl_uart.o)
                0x00003780                UART1_DriverIRQHandler
 .text.UART1_RX_TX_DriverIRQHandler
                0x00003798        0x4 /home/fei/yat0008/Desktop/controller/leds/mbed-os/lib/libmbed-os.a(fsl_uart.o)
                0x00003798                UART1_RX_TX_DriverIRQHandler
 .text.UART2_DriverIRQHandler
                0x0000379c       0x18 /home/fei/yat0008/Desktop/controller/leds/mbed-os/lib/libmbed-os.a(fsl_uart.o)
                0x0000379c                UART2_DriverIRQHandler
 .text.UART2_RX_TX_DriverIRQHandler
                0x000037b4        0x4 /home/fei/yat0008/Desktop/controller/leds/mbed-os/lib/libmbed-os.a(fsl_uart.o)
                0x000037b4                UART2_RX_TX_DriverIRQHandler
 .text.UART3_DriverIRQHandler
                0x000037b8       0x18 /home/fei/yat0008/Desktop/controller/leds/mbed-os/lib/libmbed-os.a(fsl_uart.o)
                0x000037b8                UART3_DriverIRQHandler
 .text.UART3_RX_TX_DriverIRQHandler
                0x000037d0        0x4 /home/fei/yat0008/Desktop/controller/leds/mbed-os/lib/libmbed-os.a(fsl_uart.o)
                0x000037d0                UART3_RX_TX_DriverIRQHandler
 .text.UART4_DriverIRQHandler
                0x000037d4       0x18 /home/fei/yat0008/Desktop/controller/leds/mbed-os/lib/libmbed-os.a(fsl_uart.o)
                0x000037d4                UART4_DriverIRQHandler
 .text.UART4_RX_TX_DriverIRQHandler
                0x000037ec        0x4 /home/fei/yat0008/Desktop/controller/leds/mbed-os/lib/libmbed-os.a(fsl_uart.o)
                0x000037ec                UART4_RX_TX_DriverIRQHandler
 .text.UART5_DriverIRQHandler
                0x000037f0       0x18 /home/fei/yat0008/Desktop/controller/leds/mbed-os/lib/libmbed-os.a(fsl_uart.o)
                0x000037f0                UART5_DriverIRQHandler
 .text.UART5_RX_TX_DriverIRQHandler
                0x00003808        0x4 /home/fei/yat0008/Desktop/controller/leds/mbed-os/lib/libmbed-os.a(fsl_uart.o)
                0x00003808                UART5_RX_TX_DriverIRQHandler
 .text.mbed_minimal_putchar
                0x0000380c       0x34 /home/fei/yat0008/Desktop/controller/leds/mbed-os/lib/libmbed-os.a(mbed_printf_implementation.o)
 .text.mbed_minimal_formatted_string_integer
                0x00003840      0x144 /home/fei/yat0008/Desktop/controller/leds/mbed-os/lib/libmbed-os.a(mbed_printf_implementation.o)
 .text.mbed_minimal_formatted_string
                0x00003984      0x3bc /home/fei/yat0008/Desktop/controller/leds/mbed-os/lib/libmbed-os.a(mbed_printf_implementation.o)
                0x00003984                mbed_minimal_formatted_string
 .text.__udivmoddi4
                0x00003d40      0x2bc /usr/local/mcuxpressoide-11.9.0_2144/ide/plugins/com.nxp.mcuxpresso.tools.linux_11.9.0.202307121226/tools/bin/../lib/gcc/arm-none-eabi/12.3.1/thumb/v7e-m+fp/softfp/libgcc.a(_udivmoddi4.o)
                0x00003d40                __udivmoddi4
 .text.fputc    0x00003ffc       0x58 /usr/local/mcuxpressoide-11.9.0_2144/ide/plugins/com.nxp.mcuxpresso.tools.linux_11.9.0.202307121226/tools/bin/../lib/gcc/arm-none-eabi/12.3.1/../../../../arm-none-eabi/lib/thumb/v7e-m+fp/softfp/libc.a(libc_a-fputc.o)
                0x00003ffc                fputc
 .text.__sread  0x00004054       0x24 /usr/local/mcuxpressoide-11.9.0_2144/ide/plugins/com.nxp.mcuxpresso.tools.linux_11.9.0.202307121226/tools/bin/../lib/gcc/arm-none-eabi/12.3.1/../../../../arm-none-eabi/lib/thumb/v7e-m+fp/softfp/libc.a(libc_a-stdio.o)
                0x00004054                __sread
 .text.__swrite
                0x00004078       0x40 /usr/local/mcuxpressoide-11.9.0_2144/ide/plugins/com.nxp.mcuxpresso.tools.linux_11.9.0.202307121226/tools/bin/../lib/gcc/arm-none-eabi/12.3.1/../../../../arm-none-eabi/lib/thumb/v7e-m+fp/softfp/libc.a(libc_a-stdio.o)
                0x00004078                __swrite
 .text.__sseek  0x000040b8       0x24 /usr/local/mcuxpressoide-11.9.0_2144/ide/plugins/com.nxp.mcuxpresso.tools.linux_11.9.0.202307121226/tools/bin/../lib/gcc/arm-none-eabi/12.3.1/../../../../arm-none-eabi/lib/thumb/v7e-m+fp/softfp/libc.a(libc_a-stdio.o)
                0x000040b8                __sseek
 .text.__sclose
                0x000040dc        0x8 /usr/local/mcuxpressoide-11.9.0_2144/ide/plugins/com.nxp.mcuxpresso.tools.linux_11.9.0.202307121226/tools/bin/../lib/gcc/arm-none-eabi/12.3.1/../../../../arm-none-eabi/lib/thumb/v7e-m+fp/softfp/libc.a(libc_a-stdio.o)
                0x000040dc                __sclose
 .text._write_r
                0x000040e4       0x2c /usr/local/mcuxpressoide-11.9.0_2144/ide/plugins/com.nxp.mcuxpresso.tools.linux_11.9.0.202307121226/tools/bin/../lib/gcc/arm-none-eabi/12.3.1/../../../../arm-none-eabi/lib/thumb/v7e-m+fp/softfp/libc.a(libc_a-writer.o)
                0x000040e4                _write_r
 .text.__errno  0x00004110        0xc /usr/local/mcuxpressoide-11.9.0_2144/ide/plugins/com.nxp.mcuxpresso.tools.linux_11.9.0.202307121226/tools/bin/../lib/gcc/arm-none-eabi/12.3.1/../../../../arm-none-eabi/lib/thumb/v7e-m+fp/softfp/libc.a(libc_a-errno.o)
                0x00004110                __errno
 .text.free     0x0000411c       0x10 /usr/local/mcuxpressoide-11.9.0_2144/ide/plugins/com.nxp.mcuxpresso.tools.linux_11.9.0.202307121226/tools/bin/../lib/gcc/arm-none-eabi/12.3.1/../../../../arm-none-eabi/lib/thumb/v7e-m+fp/softfp/libc.a(libc_a-malloc.o)
                0x0000411c                free
 .text._malloc_r
                0x0000412c      0x574 /usr/local/mcuxpressoide-11.9.0_2144/ide/plugins/com.nxp.mcuxpresso.tools.linux_11.9.0.202307121226/tools/bin/../lib/gcc/arm-none-eabi/12.3.1/../../../../arm-none-eabi/lib/thumb/v7e-m+fp/softfp/libc.a(libc_a-mallocr.o)
                0x0000412c                _malloc_r
 .text.__assert_func
                0x000046a0       0x40 /usr/local/mcuxpressoide-11.9.0_2144/ide/plugins/com.nxp.mcuxpresso.tools.linux_11.9.0.202307121226/tools/bin/../lib/gcc/arm-none-eabi/12.3.1/../../../../arm-none-eabi/lib/thumb/v7e-m+fp/softfp/libc.a(libc_a-assert.o)
                0x000046a0                __assert_func
 .text.memset   0x000046e0       0xa4 /usr/local/mcuxpressoide-11.9.0_2144/ide/plugins/com.nxp.mcuxpresso.tools.linux_11.9.0.202307121226/tools/bin/../lib/gcc/arm-none-eabi/12.3.1/../../../../arm-none-eabi/lib/thumb/v7e-m+fp/softfp/libc.a(libc_a-memset.o)
                0x000046e0                memset
 .text.__libc_init_array
                0x00004784       0x50 /usr/local/mcuxpressoide-11.9.0_2144/ide/plugins/com.nxp.mcuxpresso.tools.linux_11.9.0.202307121226/tools/bin/../lib/gcc/arm-none-eabi/12.3.1/../../../../arm-none-eabi/lib/thumb/v7e-m+fp/softfp/libc.a(libc_a-init.o)
                0x00004784                __libc_init_array
 .text.__retarget_lock_init_recursive
                0x000047d4        0x4 /usr/local/mcuxpressoide-11.9.0_2144/ide/plugins/com.nxp.mcuxpresso.tools.linux_11.9.0.202307121226/tools/bin/../lib/gcc/arm-none-eabi/12.3.1/../../../../arm-none-eabi/lib/thumb/v7e-m+fp/softfp/libc.a(libc_a-lock.o)
                0x000047d4                __retarget_lock_init_recursive
 .text.__retarget_lock_close_recursive
                0x000047d8        0x4 /usr/local/mcuxpressoide-11.9.0_2144/ide/plugins/com.nxp.mcuxpresso.tools.linux_11.9.0.202307121226/tools/bin/../lib/gcc/arm-none-eabi/12.3.1/../../../../arm-none-eabi/lib/thumb/v7e-m+fp/softfp/libc.a(libc_a-lock.o)
                0x000047d8                __retarget_lock_close_recursive
 .text.__retarget_lock_acquire_recursive
                0x000047dc        0x4 /usr/local/mcuxpressoide-11.9.0_2144/ide/plugins/com.nxp.mcuxpresso.tools.linux_11.9.0.202307121226/tools/bin/../lib/gcc/arm-none-eabi/12.3.1/../../../../arm-none-eabi/lib/thumb/v7e-m+fp/softfp/libc.a(libc_a-lock.o)
                0x000047dc                __retarget_lock_acquire_recursive
 .text.__retarget_lock_release_recursive
                0x000047e0        0x4 /usr/local/mcuxpressoide-11.9.0_2144/ide/plugins/com.nxp.mcuxpresso.tools.linux_11.9.0.202307121226/tools/bin/../lib/gcc/arm-none-eabi/12.3.1/../../../../arm-none-eabi/lib/thumb/v7e-m+fp/softfp/libc.a(libc_a-lock.o)
                0x000047e0                __retarget_lock_release_recursive
 .text.sysconf  0x000047e4       0x1c /usr/local/mcuxpressoide-11.9.0_2144/ide/plugins/com.nxp.mcuxpresso.tools.linux_11.9.0.202307121226/tools/bin/../lib/gcc/arm-none-eabi/12.3.1/../../../../arm-none-eabi/lib/thumb/v7e-m+fp/softfp/libc.a(libc_a-sysconf.o)
                0x000047e4                sysconf
 .text._putc_r  0x00004800       0x78 /usr/local/mcuxpressoide-11.9.0_2144/ide/plugins/com.nxp.mcuxpresso.tools.linux_11.9.0.202307121226/tools/bin/../lib/gcc/arm-none-eabi/12.3.1/../../../../arm-none-eabi/lib/thumb/v7e-m+fp/softfp/libc.a(libc_a-putc.o)
                0x00004800                _putc_r
 .text._close_r
                0x00004878       0x24 /usr/local/mcuxpressoide-11.9.0_2144/ide/plugins/com.nxp.mcuxpresso.tools.linux_11.9.0.202307121226/tools/bin/../lib/gcc/arm-none-eabi/12.3.1/../../../../arm-none-eabi/lib/thumb/v7e-m+fp/softfp/libc.a(libc_a-closer.o)
                0x00004878                _close_r
 .text.__sflush_r
                0x0000489c      0x138 /usr/local/mcuxpressoide-11.9.0_2144/ide/plugins/com.nxp.mcuxpresso.tools.linux_11.9.0.202307121226/tools/bin/../lib/gcc/arm-none-eabi/12.3.1/../../../../arm-none-eabi/lib/thumb/v7e-m+fp/softfp/libc.a(libc_a-fflush.o)
                0x0000489c                __sflush_r
 .text._fflush_r
                0x000049d4       0x54 /usr/local/mcuxpressoide-11.9.0_2144/ide/plugins/com.nxp.mcuxpresso.tools.linux_11.9.0.202307121226/tools/bin/../lib/gcc/arm-none-eabi/12.3.1/../../../../arm-none-eabi/lib/thumb/v7e-m+fp/softfp/libc.a(libc_a-fflush.o)
                0x000049d4                _fflush_r
 .text.fflush   0x00004a28       0x74 /usr/local/mcuxpressoide-11.9.0_2144/ide/plugins/com.nxp.mcuxpresso.tools.linux_11.9.0.202307121226/tools/bin/../lib/gcc/arm-none-eabi/12.3.1/../../../../arm-none-eabi/lib/thumb/v7e-m+fp/softfp/libc.a(libc_a-fflush.o)
                0x00004a28                fflush
 .text.stdio_exit_handler
                0x00004a9c       0x18 /usr/local/mcuxpressoide-11.9.0_2144/ide/plugins/com.nxp.mcuxpresso.tools.linux_11.9.0.202307121226/tools/bin/../lib/gcc/arm-none-eabi/12.3.1/../../../../arm-none-eabi/lib/thumb/v7e-m+fp/softfp/libc.a(libc_a-findfp.o)
 .text.cleanup_stdio
                0x00004ab4       0x40 /usr/local/mcuxpressoide-11.9.0_2144/ide/plugins/com.nxp.mcuxpresso.tools.linux_11.9.0.202307121226/tools/bin/../lib/gcc/arm-none-eabi/12.3.1/../../../../arm-none-eabi/lib/thumb/v7e-m+fp/softfp/libc.a(libc_a-findfp.o)
 .text.global_stdio_init.part.0
                0x00004af4       0xf0 /usr/local/mcuxpressoide-11.9.0_2144/ide/plugins/com.nxp.mcuxpresso.tools.linux_11.9.0.202307121226/tools/bin/../lib/gcc/arm-none-eabi/12.3.1/../../../../arm-none-eabi/lib/thumb/v7e-m+fp/softfp/libc.a(libc_a-findfp.o)
 .text.__sinit  0x00004be4       0x3c /usr/local/mcuxpressoide-11.9.0_2144/ide/plugins/com.nxp.mcuxpresso.tools.linux_11.9.0.202307121226/tools/bin/../lib/gcc/arm-none-eabi/12.3.1/../../../../arm-none-eabi/lib/thumb/v7e-m+fp/softfp/libc.a(libc_a-findfp.o)
                0x00004be4                __sinit
 .text.__sfp_lock_acquire
                0x00004c20        0xc /usr/local/mcuxpressoide-11.9.0_2144/ide/plugins/com.nxp.mcuxpresso.tools.linux_11.9.0.202307121226/tools/bin/../lib/gcc/arm-none-eabi/12.3.1/../../../../arm-none-eabi/lib/thumb/v7e-m+fp/softfp/libc.a(libc_a-findfp.o)
                0x00004c20                __sfp_lock_acquire
 .text.__sfp_lock_release
                0x00004c2c        0xc /usr/local/mcuxpressoide-11.9.0_2144/ide/plugins/com.nxp.mcuxpresso.tools.linux_11.9.0.202307121226/tools/bin/../lib/gcc/arm-none-eabi/12.3.1/../../../../arm-none-eabi/lib/thumb/v7e-m+fp/softfp/libc.a(libc_a-findfp.o)
                0x00004c2c                __sfp_lock_release
 .text._malloc_trim_r
                0x00004c38       0xb8 /usr/local/mcuxpressoide-11.9.0_2144/ide/plugins/com.nxp.mcuxpresso.tools.linux_11.9.0.202307121226/tools/bin/../lib/gcc/arm-none-eabi/12.3.1/../../../../arm-none-eabi/lib/thumb/v7e-m+fp/softfp/libc.a(libc_a-freer.o)
                0x00004c38                _malloc_trim_r
 .text._free_r  0x00004cf0      0x1fc /usr/local/mcuxpressoide-11.9.0_2144/ide/plugins/com.nxp.mcuxpresso.tools.linux_11.9.0.202307121226/tools/bin/../lib/gcc/arm-none-eabi/12.3.1/../../../../arm-none-eabi/lib/thumb/v7e-m+fp/softfp/libc.a(libc_a-freer.o)
                0x00004cf0                _free_r
 .text._fstat_r
                0x00004eec       0x2c /usr/local/mcuxpressoide-11.9.0_2144/ide/plugins/com.nxp.mcuxpresso.tools.linux_11.9.0.202307121226/tools/bin/../lib/gcc/arm-none-eabi/12.3.1/../../../../arm-none-eabi/lib/thumb/v7e-m+fp/softfp/libc.a(libc_a-fstatr.o)
                0x00004eec                _fstat_r
 .text._lseek_r
                0x00004f18       0x2c /usr/local/mcuxpressoide-11.9.0_2144/ide/plugins/com.nxp.mcuxpresso.tools.linux_11.9.0.202307121226/tools/bin/../lib/gcc/arm-none-eabi/12.3.1/../../../../arm-none-eabi/lib/thumb/v7e-m+fp/softfp/libc.a(libc_a-lseekr.o)
                0x00004f18                _lseek_r
 .text._read_r  0x00004f44       0x2c /usr/local/mcuxpressoide-11.9.0_2144/ide/plugins/com.nxp.mcuxpresso.tools.linux_11.9.0.202307121226/tools/bin/../lib/gcc/arm-none-eabi/12.3.1/../../../../arm-none-eabi/lib/thumb/v7e-m+fp/softfp/libc.a(libc_a-readr.o)
                0x00004f44                _read_r
 .text.fiprintf
                0x00004f70       0x28 /usr/local/mcuxpressoide-11.9.0_2144/ide/plugins/com.nxp.mcuxpresso.tools.linux_11.9.0.202307121226/tools/bin/../lib/gcc/arm-none-eabi/12.3.1/../../../../arm-none-eabi/lib/thumb/v7e-m+fp/softfp/libc.a(libc_a-fiprintf.o)
                0x00004f70                fiprintf
 .text._sbrk_r  0x00004f98       0x24 /usr/local/mcuxpressoide-11.9.0_2144/ide/plugins/com.nxp.mcuxpresso.tools.linux_11.9.0.202307121226/tools/bin/../lib/gcc/arm-none-eabi/12.3.1/../../../../arm-none-eabi/lib/thumb/v7e-m+fp/softfp/libc.a(libc_a-sbrkr.o)
                0x00004f98                _sbrk_r
 .text._fwalk_sglue
                0x00004fbc       0x48 /usr/local/mcuxpressoide-11.9.0_2144/ide/plugins/com.nxp.mcuxpresso.tools.linux_11.9.0.202307121226/tools/bin/../lib/gcc/arm-none-eabi/12.3.1/../../../../arm-none-eabi/lib/thumb/v7e-m+fp/softfp/libc.a(libc_a-fwalk.o)
                0x00004fbc                _fwalk_sglue
 .text.__sprint_r.part.0
                0x00005004       0x78 /usr/local/mcuxpressoide-11.9.0_2144/ide/plugins/com.nxp.mcuxpresso.tools.linux_11.9.0.202307121226/tools/bin/../lib/gcc/arm-none-eabi/12.3.1/../../../../arm-none-eabi/lib/thumb/v7e-m+fp/softfp/libc.a(libc_a-vfiprintf.o)
 .text._vfiprintf_r
                0x0000507c      0xfa8 /usr/local/mcuxpressoide-11.9.0_2144/ide/plugins/com.nxp.mcuxpresso.tools.linux_11.9.0.202307121226/tools/bin/../lib/gcc/arm-none-eabi/12.3.1/../../../../arm-none-eabi/lib/thumb/v7e-m+fp/softfp/libc.a(libc_a-vfiprintf.o)
                0x0000507c                _vfiprintf_r
 .text.__sbprintf
                0x00006024       0x80 /usr/local/mcuxpressoide-11.9.0_2144/ide/plugins/com.nxp.mcuxpresso.tools.linux_11.9.0.202307121226/tools/bin/../lib/gcc/arm-none-eabi/12.3.1/../../../../arm-none-eabi/lib/thumb/v7e-m+fp/softfp/libc.a(libc_a-vfiprintf.o)
 .text.__swbuf_r
                0x000060a4       0xac /usr/local/mcuxpressoide-11.9.0_2144/ide/plugins/com.nxp.mcuxpresso.tools.linux_11.9.0.202307121226/tools/bin/../lib/gcc/arm-none-eabi/12.3.1/../../../../arm-none-eabi/lib/thumb/v7e-m+fp/softfp/libc.a(libc_a-wbuf.o)
                0x000060a4                __swbuf_r
 .text.abort    0x00006150       0x10 /usr/local/mcuxpressoide-11.9.0_2144/ide/plugins/com.nxp.mcuxpresso.tools.linux_11.9.0.202307121226/tools/bin/../lib/gcc/arm-none-eabi/12.3.1/../../../../arm-none-eabi/lib/thumb/v7e-m+fp/softfp/libc.a(libc_a-abort.o)
                0x00006150                abort
 .text._wcrtomb_r
                0x00006160       0x4c /usr/local/mcuxpressoide-11.9.0_2144/ide/plugins/com.nxp.mcuxpresso.tools.linux_11.9.0.202307121226/tools/bin/../lib/gcc/arm-none-eabi/12.3.1/../../../../arm-none-eabi/lib/thumb/v7e-m+fp/softfp/libc.a(libc_a-wcrtomb.o)
                0x00006160                _wcrtomb_r
 .text.__locale_mb_cur_max
                0x000061ac        0xc /usr/local/mcuxpressoide-11.9.0_2144/ide/plugins/com.nxp.mcuxpresso.tools.linux_11.9.0.202307121226/tools/bin/../lib/gcc/arm-none-eabi/12.3.1/../../../../arm-none-eabi/lib/thumb/v7e-m+fp/softfp/libc.a(libc_a-locale.o)
                0x000061ac                __locale_mb_cur_max
 .text._localeconv_r
                0x000061b8        0x8 /usr/local/mcuxpressoide-11.9.0_2144/ide/plugins/com.nxp.mcuxpresso.tools.linux_11.9.0.202307121226/tools/bin/../lib/gcc/arm-none-eabi/12.3.1/../../../../arm-none-eabi/lib/thumb/v7e-m+fp/softfp/libc.a(libc_a-localeconv.o)
                0x000061b8                _localeconv_r
 .text._fclose_r
                0x000061c0       0xc0 /usr/local/mcuxpressoide-11.9.0_2144/ide/plugins/com.nxp.mcuxpresso.tools.linux_11.9.0.202307121226/tools/bin/../lib/gcc/arm-none-eabi/12.3.1/../../../../arm-none-eabi/lib/thumb/v7e-m+fp/softfp/libc.a(libc_a-fclose.o)
                0x000061c0                _fclose_r
 .text.__swsetup_r
                0x00006280       0xc0 /usr/local/mcuxpressoide-11.9.0_2144/ide/plugins/com.nxp.mcuxpresso.tools.linux_11.9.0.202307121226/tools/bin/../lib/gcc/arm-none-eabi/12.3.1/../../../../arm-none-eabi/lib/thumb/v7e-m+fp/softfp/libc.a(libc_a-wsetup.o)
                0x00006280                __swsetup_r
 .text.__smakebuf_r
                0x00006340       0xdc /usr/local/mcuxpressoide-11.9.0_2144/ide/plugins/com.nxp.mcuxpresso.tools.linux_11.9.0.202307121226/tools/bin/../lib/gcc/arm-none-eabi/12.3.1/../../../../arm-none-eabi/lib/thumb/v7e-m+fp/softfp/libc.a(libc_a-makebuf.o)
                0x00006340                __smakebuf_r
 .text._wcsrtombs_r
                0x0000641c       0x18 /usr/local/mcuxpressoide-11.9.0_2144/ide/plugins/com.nxp.mcuxpresso.tools.linux_11.9.0.202307121226/tools/bin/../lib/gcc/arm-none-eabi/12.3.1/../../../../arm-none-eabi/lib/thumb/v7e-m+fp/softfp/libc.a(libc_a-wcsrtombs.o)
                0x0000641c                _wcsrtombs_r
 .text.strncpy  0x00006434       0x68 /usr/local/mcuxpressoide-11.9.0_2144/ide/plugins/com.nxp.mcuxpresso.tools.linux_11.9.0.202307121226/tools/bin/../lib/gcc/arm-none-eabi/12.3.1/../../../../arm-none-eabi/lib/thumb/v7e-m+fp/softfp/libc.a(libc_a-strncpy.o)
                0x00006434                strncpy
 .text.raise    0x0000649c       0x58 /usr/local/mcuxpressoide-11.9.0_2144/ide/plugins/com.nxp.mcuxpresso.tools.linux_11.9.0.202307121226/tools/bin/../lib/gcc/arm-none-eabi/12.3.1/../../../../arm-none-eabi/lib/thumb/v7e-m+fp/softfp/libc.a(libc_a-signal.o)
                0x0000649c                raise
 .text._isatty_r
                0x000064f4       0x24 /usr/local/mcuxpressoide-11.9.0_2144/ide/plugins/com.nxp.mcuxpresso.tools.linux_11.9.0.202307121226/tools/bin/../lib/gcc/arm-none-eabi/12.3.1/../../../../arm-none-eabi/lib/thumb/v7e-m+fp/softfp/libc.a(libc_a-isattyr.o)
                0x000064f4                _isatty_r
 .text.__fputwc
                0x00006518       0x7c /usr/local/mcuxpressoide-11.9.0_2144/ide/plugins/com.nxp.mcuxpresso.tools.linux_11.9.0.202307121226/tools/bin/../lib/gcc/arm-none-eabi/12.3.1/../../../../arm-none-eabi/lib/thumb/v7e-m+fp/softfp/libc.a(libc_a-fputwc.o)
                0x00006518                __fputwc
 .text._fputwc_r
                0x00006594       0x60 /usr/local/mcuxpressoide-11.9.0_2144/ide/plugins/com.nxp.mcuxpresso.tools.linux_11.9.0.202307121226/tools/bin/../lib/gcc/arm-none-eabi/12.3.1/../../../../arm-none-eabi/lib/thumb/v7e-m+fp/softfp/libc.a(libc_a-fputwc.o)
                0x00006594                _fputwc_r
 .text.__ascii_wctomb
                0x000065f4       0x1c /usr/local/mcuxpressoide-11.9.0_2144/ide/plugins/com.nxp.mcuxpresso.tools.linux_11.9.0.202307121226/tools/bin/../lib/gcc/arm-none-eabi/12.3.1/../../../../arm-none-eabi/lib/thumb/v7e-m+fp/softfp/libc.a(libc_a-wctomb_r.o)
                0x000065f4                __ascii_wctomb
 .text._kill_r  0x00006610       0x2c /usr/local/mcuxpressoide-11.9.0_2144/ide/plugins/com.nxp.mcuxpresso.tools.linux_11.9.0.202307121226/tools/bin/../lib/gcc/arm-none-eabi/12.3.1/../../../../arm-none-eabi/lib/thumb/v7e-m+fp/softfp/libc.a(libc_a-signalr.o)
                0x00006610                _kill_r
 .text._getpid_r
                0x0000663c        0x4 /usr/local/mcuxpressoide-11.9.0_2144/ide/plugins/com.nxp.mcuxpresso.tools.linux_11.9.0.202307121226/tools/bin/../lib/gcc/arm-none-eabi/12.3.1/../../../../arm-none-eabi/lib/thumb/v7e-m+fp/softfp/libc.a(libc_a-signalr.o)
                0x0000663c                _getpid_r
 .text.__sfvwrite_r
                0x00006640      0x300 /usr/local/mcuxpressoide-11.9.0_2144/ide/plugins/com.nxp.mcuxpresso.tools.linux_11.9.0.202307121226/tools/bin/../lib/gcc/arm-none-eabi/12.3.1/../../../../arm-none-eabi/lib/thumb/v7e-m+fp/softfp/libc.a(libc_a-fvwrite.o)
                0x00006640                __sfvwrite_r
 .text.__ascii_mbtowc
                0x00006940       0x2c /usr/local/mcuxpressoide-11.9.0_2144/ide/plugins/com.nxp.mcuxpresso.tools.linux_11.9.0.202307121226/tools/bin/../lib/gcc/arm-none-eabi/12.3.1/../../../../arm-none-eabi/lib/thumb/v7e-m+fp/softfp/libc.a(libc_a-mbtowc_r.o)
                0x00006940                __ascii_mbtowc
 .text.memmove  0x0000696c      0x100 /usr/local/mcuxpressoide-11.9.0_2144/ide/plugins/com.nxp.mcuxpresso.tools.linux_11.9.0.202307121226/tools/bin/../lib/gcc/arm-none-eabi/12.3.1/../../../../arm-none-eabi/lib/thumb/v7e-m+fp/softfp/libc.a(libc_a-memmove.o)
                0x0000696c                memmove
 .text._wcsnrtombs_l
                0x00006a6c       0xfc /usr/local/mcuxpressoide-11.9.0_2144/ide/plugins/com.nxp.mcuxpresso.tools.linux_11.9.0.202307121226/tools/bin/../lib/gcc/arm-none-eabi/12.3.1/../../../../arm-none-eabi/lib/thumb/v7e-m+fp/softfp/libc.a(libc_a-wcsnrtombs.o)
                0x00006a6c                _wcsnrtombs_l
 .text._wcsnrtombs_r
                0x00006b68       0x24 /usr/local/mcuxpressoide-11.9.0_2144/ide/plugins/com.nxp.mcuxpresso.tools.linux_11.9.0.202307121226/tools/bin/../lib/gcc/arm-none-eabi/12.3.1/../../../../arm-none-eabi/lib/thumb/v7e-m+fp/softfp/libc.a(libc_a-wcsnrtombs.o)
                0x00006b68                _wcsnrtombs_r
 .text._realloc_r
                0x00006b8c      0x344 /usr/local/mcuxpressoide-11.9.0_2144/ide/plugins/com.nxp.mcuxpresso.tools.linux_11.9.0.202307121226/tools/bin/../lib/gcc/arm-none-eabi/12.3.1/../../../../arm-none-eabi/lib/thumb/v7e-m+fp/softfp/libc.a(libc_a-reallocr.o)
                0x00006b8c                _realloc_r
 *(.rodata)
 .rodata        0x00006ed0       0x14 /home/fei/yat0008/Desktop/controller/leds/mbed-os/lib/libmbed-os.a(pinmap.o)
 *(.rodata*)
 .rodata._ZTVN4mbed6TickerE
                0x00006ee4        0xc ./main-leds.o
                0x00006ee4                vtable for mbed::Ticker
 .rodata._ZTVN4mbed10TickerBaseE
                0x00006ef0        0xc /home/fei/yat0008/Desktop/controller/leds/mbed-os/lib/libmbed-os.a(Ticker.o)
                0x00006ef0                vtable for mbed::TickerBase
 .rodata._ZTVN4mbed10TimerEventE
                0x00006efc        0xc /home/fei/yat0008/Desktop/controller/leds/mbed-os/lib/libmbed-os.a(TimerEvent.o)
                0x00006efc                vtable for mbed::TimerEvent
 .rodata.us_data
                0x00006f08        0x8 /home/fei/yat0008/Desktop/controller/leds/mbed-os/lib/libmbed-os.a(mbed_us_ticker_api.o)
 .rodata.us_interface
                0x00006f10       0x24 /home/fei/yat0008/Desktop/controller/leds/mbed-os/lib/libmbed-os.a(mbed_us_ticker_api.o)
 .rodata.schedule_interrupt.str1.1
                0x00006f34       0x4b /home/fei/yat0008/Desktop/controller/leds/mbed-os/lib/libmbed-os.a(mbed_ticker_api.o)
 .rodata.initialize.str1.1
                0x00006f7f       0x55 /home/fei/yat0008/Desktop/controller/leds/mbed-os/lib/libmbed-os.a(mbed_ticker_api.o)
 .rodata.core_util_critical_section_enter.str1.1
                0x00006fd4       0x5b /home/fei/yat0008/Desktop/controller/leds/mbed-os/lib/libmbed-os.a(mbed_critical.o)
 .rodata.print_error_report.constprop.0.str1.1