Archive member included to satisfy reference by file (symbol)

/home/fei/yat0008/Desktop/controller/lcd/mbed-os/lib/libmbed-os.a(SPI.o)
                              ./lcd_lib.o (mbed::SPI::~SPI())
/home/fei/yat0008/Desktop/controller/lcd/mbed-os/lib/libmbed-os.a(mbed_compat.o)
                              ./main-lcd.o (gpio_free)
/home/fei/yat0008/Desktop/controller/lcd/mbed-os/lib/libmbed-os.a(mbed_gpio.o)
                              ./main-lcd.o (gpio_init_in)
/home/fei/yat0008/Desktop/controller/lcd/mbed-os/lib/libmbed-os.a(mbed_us_ticker_api.o)
                              ./lcd_lib.o (_us_ticker_initialized)
/home/fei/yat0008/Desktop/controller/lcd/mbed-os/lib/libmbed-os.a(mbed_ticker_api.o)
                              /home/fei/yat0008/Desktop/controller/lcd/mbed-os/lib/libmbed-os.a(mbed_us_ticker_api.o) (ticker_irq_handler)
/home/fei/yat0008/Desktop/controller/lcd/mbed-os/lib/libmbed-os.a(static_pinmap.o)
                              /home/fei/yat0008/Desktop/controller/lcd/mbed-os/lib/libmbed-os.a(SPI.o) (spi_init_direct)
/home/fei/yat0008/Desktop/controller/lcd/mbed-os/lib/libmbed-os.a(CThunkBase.o)
                              /home/fei/yat0008/Desktop/controller/lcd/mbed-os/lib/libmbed-os.a(SPI.o) (CThunkBase::cthunk_alloc(CThunkBase*))
/home/fei/yat0008/Desktop/controller/lcd/mbed-os/lib/libmbed-os.a(mbed_assert.o)
                              /home/fei/yat0008/Desktop/controller/lcd/mbed-os/lib/libmbed-os.a(SPI.o) (mbed_assert_internal)
/home/fei/yat0008/Desktop/controller/lcd/mbed-os/lib/libmbed-os.a(mbed_critical.o)
                              /home/fei/yat0008/Desktop/controller/lcd/mbed-os/lib/libmbed-os.a(SPI.o) (core_util_critical_section_enter)
/home/fei/yat0008/Desktop/controller/lcd/mbed-os/lib/libmbed-os.a(mbed_error.o)
                              /home/fei/yat0008/Desktop/controller/lcd/mbed-os/lib/libmbed-os.a(mbed_ticker_api.o) (mbed_error)
/home/fei/yat0008/Desktop/controller/lcd/mbed-os/lib/libmbed-os.a(mbed_power_mgmt.o)
                              /home/fei/yat0008/Desktop/controller/lcd/mbed-os/lib/libmbed-os.a(SPI.o) (sleep_manager_lock_deep_sleep_internal)
/home/fei/yat0008/Desktop/controller/lcd/mbed-os/lib/libmbed-os.a(mbed_sdk_boot.o)
                              /usr/local/mcuxpressoide-11.9.0_2144/ide/plugins/com.nxp.mcuxpresso.tools.linux_11.9.0.202307121226/tools/bin/../lib/gcc/arm-none-eabi/12.3.1/../../../../arm-none-eabi/lib/thumb/v7e-m+fp/softfp/crt0.o (__wrap_main)
/home/fei/yat0008/Desktop/controller/lcd/mbed-os/lib/libmbed-os.a(mbed_wait_api_no_rtos.o)
                              ./lcd_lib.o (_wait_us_ticks)
/home/fei/yat0008/Desktop/controller/lcd/mbed-os/lib/libmbed-os.a(mbed_retarget.o)
                              /usr/local/mcuxpressoide-11.9.0_2144/ide/plugins/com.nxp.mcuxpresso.tools.linux_11.9.0.202307121226/tools/bin/../lib/gcc/arm-none-eabi/12.3.1/../../../../arm-none-eabi/lib/thumb/v7e-m+fp/softfp/crt0.o (__wrap_exit)
/home/fei/yat0008/Desktop/controller/lcd/mbed-os/lib/libmbed-os.a(startup_MK64F12.o)
                              (Reset_Handler)
/home/fei/yat0008/Desktop/controller/lcd/mbed-os/lib/libmbed-os.a(system_MK64F12.o)
                              /home/fei/yat0008/Desktop/controller/lcd/mbed-os/lib/libmbed-os.a(startup_MK64F12.o) (SystemInit)
/home/fei/yat0008/Desktop/controller/lcd/mbed-os/lib/libmbed-os.a(pwmout_api.o)
                              /home/fei/yat0008/Desktop/controller/lcd/mbed-os/lib/libmbed-os.a(static_pinmap.o) (pwmout_init)
/home/fei/yat0008/Desktop/controller/lcd/mbed-os/lib/libmbed-os.a(us_ticker.o)
                              /home/fei/yat0008/Desktop/controller/lcd/mbed-os/lib/libmbed-os.a(mbed_us_ticker_api.o) (us_ticker_init)
/home/fei/yat0008/Desktop/controller/lcd/mbed-os/lib/libmbed-os.a(spi_api.o)
                              /home/fei/yat0008/Desktop/controller/lcd/mbed-os/lib/libmbed-os.a(SPI.o) (spi_get_peripheral_name)
/home/fei/yat0008/Desktop/controller/lcd/mbed-os/lib/libmbed-os.a(serial_api.o)
                              /home/fei/yat0008/Desktop/controller/lcd/mbed-os/lib/libmbed-os.a(mbed_retarget.o) (stdio_uart_inited)
/home/fei/yat0008/Desktop/controller/lcd/mbed-os/lib/libmbed-os.a(analogin_api.o)
                              /home/fei/yat0008/Desktop/controller/lcd/mbed-os/lib/libmbed-os.a(static_pinmap.o) (analogin_init)
/home/fei/yat0008/Desktop/controller/lcd/mbed-os/lib/libmbed-os.a(analogout_api.o)
                              /home/fei/yat0008/Desktop/controller/lcd/mbed-os/lib/libmbed-os.a(static_pinmap.o) (analogout_init)
/home/fei/yat0008/Desktop/controller/lcd/mbed-os/lib/libmbed-os.a(dma_api.o)
                              /home/fei/yat0008/Desktop/controller/lcd/mbed-os/lib/libmbed-os.a(spi_api.o) (dma_init)
/home/fei/yat0008/Desktop/controller/lcd/mbed-os/lib/libmbed-os.a(gpio_api.o)
                              /home/fei/yat0008/Desktop/controller/lcd/mbed-os/lib/libmbed-os.a(mbed_gpio.o) (gpio_init)
[...]
Memory Configuration

Name             Origin             Length             Attributes
m_interrupts     0x00000000         0x00000400         xr
m_flash_config   0x00000400         0x00000010         xr
m_text           0x00000410         0x000ffbf0         xr
m_data           0x1fff0000         0x00010000         rw
m_data_2         0x20000000         0x00030000         rw
*default*        0x00000000         0xffffffff

Linker script and memory map

LOAD /usr/local/mcuxpressoide-11.9.0_2144/ide/plugins/com.nxp.mcuxpresso.tools.linux_11.9.0.202307121226/tools/bin/../lib/gcc/arm-none-eabi/12.3.1/thumb/v7e-m+fp/softfp/crti.o
LOAD /usr/local/mcuxpressoide-11.9.0_2144/ide/plugins/com.nxp.mcuxpresso.tools.linux_11.9.0.202307121226/tools/bin/../lib/gcc/arm-none-eabi/12.3.1/thumb/v7e-m+fp/softfp/crtbegin.o
LOAD /usr/local/mcuxpressoide-11.9.0_2144/ide/plugins/com.nxp.mcuxpresso.tools.linux_11.9.0.202307121226/tools/bin/../lib/gcc/arm-none-eabi/12.3.1/../../../../arm-none-eabi/lib/thumb/v7e-m+fp/softfp/crt0.o
LOAD ./mbed-os/symbols.o
LOAD ./font8x8.o
LOAD ./lcd_lib.o
LOAD ./main-lcd.o
START GROUP
LOAD /usr/local/mcuxpressoide-11.9.0_2144/ide/plugins/com.nxp.mcuxpresso.tools.linux_11.9.0.202307121226/tools/bin/../lib/gcc/arm-none-eabi/12.3.1/../../../../arm-none-eabi/lib/thumb/v7e-m+fp/softfp/libstdc++.a
LOAD /usr/local/mcuxpressoide-11.9.0_2144/ide/plugins/com.nxp.mcuxpresso.tools.linux_11.9.0.202307121226/tools/bin/../lib/gcc/arm-none-eabi/12.3.1/../../../../arm-none-eabi/lib/thumb/v7e-m+fp/softfp/libsupc++.a
LOAD /usr/local/mcuxpressoide-11.9.0_2144/ide/plugins/com.nxp.mcuxpresso.tools.linux_11.9.0.202307121226/tools/bin/../lib/gcc/arm-none-eabi/12.3.1/thumb/v7e-m+fp/softfp/libgcc.a
LOAD /usr/local/mcuxpressoide-11.9.0_2144/ide/plugins/com.nxp.mcuxpresso.tools.linux_11.9.0.202307121226/tools/bin/../lib/gcc/arm-none-eabi/12.3.1/../../../../arm-none-eabi/lib/thumb/v7e-m+fp/softfp/libnosys.a
LOAD /home/fei/yat0008/Desktop/controller/lcd/mbed-os/lib/libmbed-os.a
END GROUP
LOAD /home/fei/yat0008/Desktop/controller/lcd/mbed-os/lib/libmbed-os.a
LOAD /usr/local/mcuxpressoide-11.9.0_2144/ide/plugins/com.nxp.mcuxpresso.tools.linux_11.9.0.202307121226/tools/bin/../lib/gcc/arm-none-eabi/12.3.1/../../../../arm-none-eabi/lib/thumb/v7e-m+fp/softfp/libstdc++.a
LOAD /usr/local/mcuxpressoide-11.9.0_2144/ide/plugins/com.nxp.mcuxpresso.tools.linux_11.9.0.202307121226/tools/bin/../lib/gcc/arm-none-eabi/12.3.1/../../../../arm-none-eabi/lib/thumb/v7e-m+fp/softfp/libsupc++.a
LOAD /usr/local/mcuxpressoide-11.9.0_2144/ide/plugins/com.nxp.mcuxpresso.tools.linux_11.9.0.202307121226/tools/bin/../lib/gcc/arm-none-eabi/12.3.1/../../../../arm-none-eabi/lib/thumb/v7e-m+fp/softfp/libm.a
LOAD /usr/local/mcuxpressoide-11.9.0_2144/ide/plugins/com.nxp.mcuxpresso.tools.linux_11.9.0.202307121226/tools/bin/../lib/gcc/arm-none-eabi/12.3.1/../../../../arm-none-eabi/lib/thumb/v7e-m+fp/softfp/libc.a
LOAD /usr/local/mcuxpressoide-11.9.0_2144/ide/plugins/com.nxp.mcuxpresso.tools.linux_11.9.0.202307121226/tools/bin/../lib/gcc/arm-none-eabi/12.3.1/thumb/v7e-m+fp/softfp/libgcc.a
LOAD /usr/local/mcuxpressoide-11.9.0_2144/ide/plugins/com.nxp.mcuxpresso.tools.linux_11.9.0.202307121226/tools/bin/../lib/gcc/arm-none-eabi/12.3.1/../../../../arm-none-eabi/lib/thumb/v7e-m+fp/softfp/libnosys.a
LOAD /usr/local/mcuxpressoide-11.9.0_2144/ide/plugins/com.nxp.mcuxpresso.tools.linux_11.9.0.202307121226/tools/bin/../lib/gcc/arm-none-eabi/12.3.1/../../../../arm-none-eabi/lib/thumb/v7e-m+fp/softfp/libstdc++.a
LOAD /usr/local/mcuxpressoide-11.9.0_2144/ide/plugins/com.nxp.mcuxpresso.tools.linux_11.9.0.202307121226/tools/bin/../lib/gcc/arm-none-eabi/12.3.1/../../../../arm-none-eabi/lib/thumb/v7e-m+fp/softfp/libm.a
LOAD /usr/local/mcuxpressoide-11.9.0_2144/ide/plugins/com.nxp.mcuxpresso.tools.linux_11.9.0.202307121226/tools/bin/../lib/gcc/arm-none-eabi/12.3.1/../../../../arm-none-eabi/lib/thumb/v7e-m+fp/softfp/libc.a
START GROUP
LOAD /usr/local/mcuxpressoide-11.9.0_2144/ide/plugins/com.nxp.mcuxpresso.tools.linux_11.9.0.202307121226/tools/bin/../lib/gcc/arm-none-eabi/12.3.1/thumb/v7e-m+fp/softfp/libgcc.a
LOAD /usr/local/mcuxpressoide-11.9.0_2144/ide/plugins/com.nxp.mcuxpresso.tools.linux_11.9.0.202307121226/tools/bin/../lib/gcc/arm-none-eabi/12.3.1/../../../../arm-none-eabi/lib/thumb/v7e-m+fp/softfp/libc.a
END GROUP
LOAD /usr/local/mcuxpressoide-11.9.0_2144/ide/plugins/com.nxp.mcuxpresso.tools.linux_11.9.0.202307121226/tools/bin/../lib/gcc/arm-none-eabi/12.3.1/thumb/v7e-m+fp/softfp/crtend.o
LOAD /usr/local/mcuxpressoide-11.9.0_2144/ide/plugins/com.nxp.mcuxpresso.tools.linux_11.9.0.202307121226/tools/bin/../lib/gcc/arm-none-eabi/12.3.1/thumb/v7e-m+fp/softfp/crtn.o
                0x00000001                        __ram_vector_table__ = 0x1
                0x00000400                        __stack_size__ = 0x400
                0x00000400                        STACK_SIZE = DEFINED (__stack_size__)?__stack_size__:0x400
                0x00000400                        M_VECTOR_RAM_SIZE = DEFINED (__ram_vector_table__)?0x400:0x0
                0x00000100                        M_CRASH_DATA_RAM_SIZE = 0x100

.interrupts     0x00000000      0x400
                0x00000000                        __VECTOR_TABLE = .
                0x00000000                        . = ALIGN (0x8)
 *(.isr_vector)
 .isr_vector    0x00000000      0x400 /home/fei/yat0008/Desktop/controller/lcd/mbed-os/lib/libmbed-os.a(startup_MK64F12.o)
                0x00000000                __isr_vector
                0x00000400                        . = ALIGN (0x8)

.flash_config   0x00000400       0x10
                0x00000400                        . = ALIGN (0x8)
 *(.FlashConfig)
 .FlashConfig   0x00000400       0x10 /home/fei/yat0008/Desktop/controller/lcd/mbed-os/lib/libmbed-os.a(startup_MK64F12.o)
                0x00000410                        . = ALIGN (0x8)

.text           0x00000440     0xc768
                0x00000440                        . = ALIGN (0x8)
 *(.text)
 .text          0x00000440       0x7c /usr/local/mcuxpressoide-11.9.0_2144/ide/plugins/com.nxp.mcuxpresso.tools.linux_11.9.0.202307121226/tools/bin/../lib/gcc/arm-none-eabi/12.3.1/../../../../arm-none-eabi/lib/thumb/v7e-m+fp/softfp/crt0.o
                0x00000440                _stack_init
                0x00000448                _mainCRTStartup
                0x00000448                _start
 .text          0x000004bc      0x1e4 /home/fei/yat0008/Desktop/controller/lcd/mbed-os/lib/libmbed-os.a(startup_MK64F12.o)
                0x000004bc                Reset_Handler
                0x00000500                DebugMon_Handler
                0x00000500                DMA_Error_DriverIRQHandler
                0x00000500                SDHC_DriverIRQHandler
                0x00000500                PIT0_IRQHandler
                0x00000500                CMP2_IRQHandler
                0x00000500                LLWU_IRQHandler
                0x00000500                I2S0_Tx_DriverIRQHandler
                0x00000500                ENET_1588_Timer_DriverIRQHandler
                0x00000500                SWI_IRQHandler
                0x00000500                ADC0_IRQHandler
                0x00000500                UsageFault_Handler
                0x00000500                CMT_IRQHandler
                0x00000500                DefaultISR
                0x00000500                UART5_ERR_DriverIRQHandler
                0x00000500                CMP1_IRQHandler
                0x00000500                Reserved71_IRQHandler
                0x00000500                PORTD_IRQHandler
                0x00000500                PORTB_IRQHandler
                0x00000500                UART2_ERR_DriverIRQHandler
                0x00000500                ADC1_IRQHandler
                0x00000500                PIT2_IRQHandler
                0x00000500                RTC_IRQHandler
                0x00000500                UART3_ERR_DriverIRQHandler
                0x00000500                PDB0_IRQHandler
                0x00000500                FTM1_IRQHandler
                0x00000500                PIT3_IRQHandler
                0x00000500                RTC_Seconds_IRQHandler
                0x00000500                MCG_IRQHandler
                0x00000500                FTFE_IRQHandler
                0x00000500                UART0_ERR_DriverIRQHandler
                0x00000500                Read_Collision_IRQHandler
                0x00000500                USBDCD_IRQHandler
                0x00000500                I2S0_Rx_DriverIRQHandler
                0x00000500                USB0_IRQHandler
                0x00000500                UART4_ERR_DriverIRQHandler
                0x00000500                WDOG_EWM_IRQHandler
                0x00000500                MemManage_Handler
                0x00000500                UART0_LON_DriverIRQHandler
                0x00000500                RNG_IRQHandler
                0x00000500                ENET_Receive_DriverIRQHandler
                0x00000500                DAC0_IRQHandler
                0x00000500                ENET_Error_DriverIRQHandler
                0x00000500                PIT1_IRQHandler
                0x00000500                LVD_LVW_IRQHandler
                0x00000500                FTM0_IRQHandler
                0x00000500                PORTA_IRQHandler
                0x00000500                DAC1_IRQHandler
                0x00000500                MCM_IRQHandler
                0x00000500                CAN0_DriverIRQHandler
                0x00000500                FTM3_IRQHandler
                0x00000500                PORTE_IRQHandler
                0x00000500                FTM2_IRQHandler
                0x00000500                LPTMR0_IRQHandler
                0x00000500                BusFault_Handler
                0x00000500                UART1_ERR_DriverIRQHandler
                0x00000500                ENET_Transmit_DriverIRQHandler
                0x00000500                CMP0_IRQHandler
                0x00000500                PORTC_IRQHandler
                0x00000504                NMI_Handler
                0x00000508                HardFault_Handler
                0x0000050c                SVC_Handler
                0x00000510                PendSV_Handler
                0x00000514                SysTick_Handler
                0x00000518                DMA0_IRQHandler
                0x0000051c                DMA1_IRQHandler
                0x00000520                DMA2_IRQHandler
                0x00000524                DMA3_IRQHandler
                0x00000528                DMA4_IRQHandler
                0x0000052c                DMA5_IRQHandler
                0x00000530                DMA6_IRQHandler
                0x00000534                DMA7_IRQHandler
                0x00000538                DMA8_IRQHandler
                0x0000053c                DMA9_IRQHandler
                0x00000540                DMA10_IRQHandler
                0x00000544                DMA11_IRQHandler
                0x00000548                DMA12_IRQHandler
                0x0000054c                DMA13_IRQHandler
                0x00000550                DMA14_IRQHandler
                0x00000554                DMA15_IRQHandler
                0x00000558                DMA_Error_IRQHandler
                0x0000055c                I2C0_IRQHandler
                0x00000560                I2C1_IRQHandler
                0x00000564                SPI0_IRQHandler
                0x00000568                SPI1_IRQHandler
                0x0000056c                I2S0_Tx_IRQHandler
                0x00000570                I2S0_Rx_IRQHandler
                0x00000574                UART0_LON_IRQHandler
                0x00000578                UART0_RX_TX_IRQHandler
                0x0000057c                UART0_ERR_IRQHandler
                0x00000580                UART1_RX_TX_IRQHandler
                0x00000584                UART1_ERR_IRQHandler
                0x00000588                UART2_RX_TX_IRQHandler
                0x0000058c                UART2_ERR_IRQHandler
                0x00000590                UART3_RX_TX_IRQHandler
                0x00000594                UART3_ERR_IRQHandler
                0x00000598                SPI2_IRQHandler
                0x0000059c                UART4_RX_TX_IRQHandler
                0x000005a0                UART4_ERR_IRQHandler
                0x000005a4                UART5_RX_TX_IRQHandler
                0x000005a8                UART5_ERR_IRQHandler
                0x000005ac                I2C2_IRQHandler
                0x000005b0                CAN0_ORed_Message_buffer_IRQHandler
                0x000005b4                CAN0_Bus_Off_IRQHandler
                0x000005b8                CAN0_Error_IRQHandler
                0x000005bc                CAN0_Tx_Warning_IRQHandler
                0x000005c0                CAN0_Rx_Warning_IRQHandler
                0x000005c4                CAN0_Wake_Up_IRQHandler
                0x000005c8                SDHC_IRQHandler
                0x000005cc                ENET_1588_Timer_IRQHandler
                0x000005d0                ENET_Transmit_IRQHandler
                0x000005d4                ENET_Receive_IRQHandler
                0x000005d8                ENET_Error_IRQHandler
 .text          0x000006a0       0x30 /usr/local/mcuxpressoide-11.9.0_2144/ide/plugins/com.nxp.mcuxpresso.tools.linux_11.9.0.202307121226/tools/bin/../lib/gcc/arm-none-eabi/12.3.1/thumb/v7e-m+fp/softfp/libgcc.a(_aeabi_uldivmod.o)
                0x000006a0                __aeabi_uldivmod
 .text          0x000006d0        0x4 /usr/local/mcuxpressoide-11.9.0_2144/ide/plugins/com.nxp.mcuxpresso.tools.linux_11.9.0.202307121226/tools/bin/../lib/gcc/arm-none-eabi/12.3.1/thumb/v7e-m+fp/softfp/libgcc.a(_dvmd_tls.o)
                0x000006d0                __aeabi_ldiv0
                0x000006d0                __aeabi_idiv0
 .text          0x000006d4      0x134 /usr/local/mcuxpressoide-11.9.0_2144/ide/plugins/com.nxp.mcuxpresso.tools.linux_11.9.0.202307121226/tools/bin/../lib/gcc/arm-none-eabi/12.3.1/../../../../arm-none-eabi/lib/thumb/v7e-m+fp/softfp/libc.a(libc_a-memcpy.o)
                0x000006d4                memcpy
 *fill*         0x00000808       0x38 
 .text          0x00000840       0xd8 /usr/local/mcuxpressoide-11.9.0_2144/ide/plugins/com.nxp.mcuxpresso.tools.linux_11.9.0.202307121226/tools/bin/../lib/gcc/arm-none-eabi/12.3.1/../../../../arm-none-eabi/lib/thumb/v7e-m+fp/softfp/libc.a(libc_a-strlen.o)
                0x00000840                strlen
 *fill*         0x00000918        0x8 
 .text          0x00000920       0xa0 /usr/local/mcuxpressoide-11.9.0_2144/ide/plugins/com.nxp.mcuxpresso.tools.linux_11.9.0.202307121226/tools/bin/../lib/gcc/arm-none-eabi/12.3.1/../../../../arm-none-eabi/lib/thumb/v7e-m+fp/softfp/libc.a(libc_a-memchr.o)
                0x00000920                memchr
 *(.text*)
 .text.deregister_tm_clones
                0x000009c0       0x1c /usr/local/mcuxpressoide-11.9.0_2144/ide/plugins/com.nxp.mcuxpresso.tools.linux_11.9.0.202307121226/tools/bin/../lib/gcc/arm-none-eabi/12.3.1/thumb/v7e-m+fp/softfp/crtbegin.o
 .text.register_tm_clones
                0x000009dc       0x24 /usr/local/mcuxpressoide-11.9.0_2144/ide/plugins/com.nxp.mcuxpresso.tools.linux_11.9.0.202307121226/tools/bin/../lib/gcc/arm-none-eabi/12.3.1/thumb/v7e-m+fp/softfp/crtbegin.o
 .text.__do_global_dtors_aux
                0x00000a00       0x28 /usr/local/mcuxpressoide-11.9.0_2144/ide/plugins/com.nxp.mcuxpresso.tools.linux_11.9.0.202307121226/tools/bin/../lib/gcc/arm-none-eabi/12.3.1/thumb/v7e-m+fp/softfp/crtbegin.o
 .text.frame_dummy
                0x00000a28       0x24 /usr/local/mcuxpressoide-11.9.0_2144/ide/plugins/com.nxp.mcuxpresso.tools.linux_11.9.0.202307121226/tools/bin/../lib/gcc/arm-none-eabi/12.3.1/thumb/v7e-m+fp/softfp/crtbegin.o
 .text._getpid  0x00000a4c        0xc ./mbed-os/symbols.o
                0x00000a4c                _getpid
 .text._kill    0x00000a58        0xc ./mbed-os/symbols.o
                0x00000a58                _kill
 .text.__aeabi_atexit
                0x00000a64        0xc ./mbed-os/symbols.o
                0x00000a64                __aeabi_atexit
 .text._ZN4mbed10DigitalOutC2E7PinNamei
                0x00000a70       0x26 ./lcd_lib.o
                0x00000a70                mbed::DigitalOut::DigitalOut(PinName, int)
                0x00000a70                mbed::DigitalOut::DigitalOut(PinName, int)
 .text._ZN4mbed10DigitalOut5writeEi
                0x00000a96       0x1a ./lcd_lib.o
                0x00000a96                mbed::DigitalOut::write(int)
 .text._ZN4mbed10DigitalOutaSEi
                0x00000ab0       0x1a ./lcd_lib.o
                0x00000ab0                mbed::DigitalOut::operator=(int)
 *fill*         0x00000aca        0x2 
 .text._Z17lcd_write_commandh
                0x00000acc       0x44 ./lcd_lib.o
                0x00000acc                lcd_write_command(unsigned char)
 .text._Z14lcd_write_datah
                0x00000b10       0x44 ./lcd_lib.o
                0x00000b10                lcd_write_data(unsigned char)
 .text._Z17lcd_write_data_16t
                0x00000b54       0x60 ./lcd_lib.o
                0x00000b54                lcd_write_data_16(unsigned short)
 .text._Z18lcd_write_data_bufPhm
                0x00000bb4       0x48 ./lcd_lib.o
                0x00000bb4                lcd_write_data_buf(unsigned char*, unsigned long)
 .text._Z13lcd_put_pixelllt
                0x00000bfc       0x5a ./lcd_lib.o
                0x00000bfc                lcd_put_pixel(long, long, unsigned short)
 *fill*         0x00000c56        0x2 
 .text._Z9lcd_resetv
                0x00000c58       0x2c ./lcd_lib.o
                0x00000c58                lcd_reset()
 .text._Z8lcd_initv
                0x00000c84      0x1c8 ./lcd_lib.o
                0x00000c84                lcd_init()
 .text._Z41__static_initialization_and_destruction_0ii
                0x00000e4c       0x90 ./lcd_lib.o
 .text._GLOBAL__sub_I__g_cs
                0x00000edc        0xe ./lcd_lib.o
 .text._ZN4mbed9DigitalInC2E7PinName
                0x00000eea       0x22 ./main-lcd.o
                0x00000eea                mbed::DigitalIn::DigitalIn(PinName)
                0x00000eea                mbed::DigitalIn::DigitalIn(PinName)
 .text._ZN4mbed9DigitalInD2Ev
                0x00000f0c       0x18 ./main-lcd.o
                0x00000f0c                mbed::DigitalIn::~DigitalIn()
                0x00000f0c                mbed::DigitalIn::~DigitalIn()
 .text._ZN4mbed9DigitalIn4readEv
                0x00000f24       0x18 ./main-lcd.o
                0x00000f24                mbed::DigitalIn::read()
 .text._Z16rgb888_to_rgb565m
                0x00000f3c       0x68 ./main-lcd.o
                0x00000f3c                rgb888_to_rgb565(unsigned long)
 .text._Z8drawChariiiiPKtt
                0x00000fa4       0x6e ./main-lcd.o
                0x00000fa4                drawChar(int, int, int, int, unsigned short const*, unsigned short)
 .text._Z8drawFontiitPA16_Kt
                0x00001012       0x7c ./main-lcd.o
                0x00001012                drawFont(int, int, unsigned short, unsigned short const (*) [16])
 .text._Z13drawRectangleiiiit
                0x0000108e       0x8e ./main-lcd.o
                0x0000108e                drawRectangle(int, int, int, int, unsigned short)
 .text._Z10drawCircleiiit
                0x0000111c      0x10e ./main-lcd.o
                0x0000111c                drawCircle(int, int, int, unsigned short)
 .text._Z8drawLineiiiit
                0x0000122a       0xba ./main-lcd.o
                0x0000122a                drawLine(int, int, int, int, unsigned short)
 .text.main     0x000012e4      0x1f8 ./main-lcd.o
                0x000012e4                main
 .text.__tcf_0  0x000014dc       0x24 ./main-lcd.o
 .text._Z41__static_initialization_and_destruction_0ii
                0x00001500       0x80 ./main-lcd.o
 .text._GLOBAL__sub_I_g_led_PTA1
                0x00001580        0xe ./main-lcd.o
 .text._ZN6CThunkIN4mbed3SPIEE10trampolineEP10CThunkBase
                0x0000158e       0x32 /home/fei/yat0008/Desktop/controller/lcd/mbed-os/lib/libmbed-os.a(SPI.o)
                0x0000158e                CThunk<mbed::SPI>::trampoline(CThunkBase*)
 .text._ZN4mbed3SPI8_do_initEPS0_
                0x000015c0       0x18 /home/fei/yat0008/Desktop/controller/lcd/mbed-os/lib/libmbed-os.a(SPI.o)
                0x000015c0                mbed::SPI::_do_init(mbed::SPI*)
 .text._ZN4mbed3SPI4lockEv
                0x000015d8       0x30 /home/fei/yat0008/Desktop/controller/lcd/mbed-os/lib/libmbed-os.a(SPI.o)
                0x000015d8                mbed::SPI::lock()
                0x000015d8                mbed::SPI::unlock()
 .text._ZN4mbed3SPID2Ev
                0x00001608       0x34 /home/fei/yat0008/Desktop/controller/lcd/mbed-os/lib/libmbed-os.a(SPI.o)
                0x00001608                mbed::SPI::~SPI()
                0x00001608                mbed::SPI::~SPI()
 .text._ZN4mbed3SPID0Ev
                0x0000163c       0x14 /home/fei/yat0008/Desktop/controller/lcd/mbed-os/lib/libmbed-os.a(SPI.o)
                0x0000163c                mbed::SPI::~SPI()
 .text._ZN4mbed3SPI7_lookupE7SPIName
                0x00001650       0x3c /home/fei/yat0008/Desktop/controller/lcd/mbed-os/lib/libmbed-os.a(SPI.o)
                0x00001650                mbed::SPI::_lookup(SPIName)
 .text._ZN4mbed3SPI6_allocEv
                0x0000168c       0x34 /home/fei/yat0008/Desktop/controller/lcd/mbed-os/lib/libmbed-os.a(SPI.o)
                0x0000168c                mbed::SPI::_alloc()
 .text._ZN4mbed3SPI13_do_constructEv
                0x000016c0       0x40 /home/fei/yat0008/Desktop/controller/lcd/mbed-os/lib/libmbed-os.a(SPI.o)
                0x000016c0                mbed::SPI::_do_construct()
 .text._ZN4mbed3SPIC2E7PinNameS1_S1_S1_
                0x00001700       0x5c /home/fei/yat0008/Desktop/controller/lcd/mbed-os/lib/libmbed-os.a(SPI.o)
                0x00001700                mbed::SPI::SPI(PinName, PinName, PinName, PinName)
                0x00001700                mbed::SPI::SPI(PinName, PinName, PinName, PinName)
 .text._ZN4mbed3SPI8_acquireEv
                0x0000175c       0x32 /home/fei/yat0008/Desktop/controller/lcd/mbed-os/lib/libmbed-os.a(SPI.o)
                0x0000175c                mbed::SPI::_acquire()
 .text._ZN4mbed3SPI6formatEii
                0x0000178e       0x3c /home/fei/yat0008/Desktop/controller/lcd/mbed-os/lib/libmbed-os.a(SPI.o)
                0x0000178e                mbed::SPI::format(int, int)
 .text._ZN4mbed3SPI9frequencyEi
                0x000017ca       0x34 /home/fei/yat0008/Desktop/controller/lcd/mbed-os/lib/libmbed-os.a(SPI.o)
                0x000017ca                mbed::SPI::frequency(int)
 .text._ZN4mbed3SPI9_set_sselEi
                0x000017fe        0xe /home/fei/yat0008/Desktop/controller/lcd/mbed-os/lib/libmbed-os.a(SPI.o)
                0x000017fe                mbed::SPI::_set_ssel(int)
 .text._ZN4mbed3SPI6selectEv
                0x0000180c       0x2a /home/fei/yat0008/Desktop/controller/lcd/mbed-os/lib/libmbed-os.a(SPI.o)
                0x0000180c                mbed::SPI::select()
 .text._ZN4mbed3SPI8deselectEv
                0x00001836       0x24 /home/fei/yat0008/Desktop/controller/lcd/mbed-os/lib/libmbed-os.a(SPI.o)
                0x00001836                mbed::SPI::deselect()
 .text._ZN4mbed3SPI5writeEi
                0x0000185a       0x20 /home/fei/yat0008/Desktop/controller/lcd/mbed-os/lib/libmbed-os.a(SPI.o)
                0x0000185a                mbed::SPI::write(int)
 .text._ZN4mbed3SPI5writeEPKciPci
                0x0000187a       0x34 /home/fei/yat0008/Desktop/controller/lcd/mbed-os/lib/libmbed-os.a(SPI.o)
                0x0000187a                mbed::SPI::write(char const*, int, char*, int)
 .text.gpio_free
                0x000018ae        0x2 /home/fei/yat0008/Desktop/controller/lcd/mbed-os/lib/libmbed-os.a(mbed_compat.o)
                0x000018ae                gpio_free
 .text._gpio_init_in
                0x000018b0       0x26 /home/fei/yat0008/Desktop/controller/lcd/mbed-os/lib/libmbed-os.a(mbed_gpio.o)
 .text._gpio_init_out
                0x000018d6       0x30 /home/fei/yat0008/Desktop/controller/lcd/mbed-os/lib/libmbed-os.a(mbed_gpio.o)
 .text.gpio_init_in
                0x00001906        0x6 /home/fei/yat0008/Desktop/controller/lcd/mbed-os/lib/libmbed-os.a(mbed_gpio.o)
                0x00001906                gpio_init_in
 .text.gpio_init_out_ex
                0x0000190c        0x8 /home/fei/yat0008/Desktop/controller/lcd/mbed-os/lib/libmbed-os.a(mbed_gpio.o)
                0x0000190c                gpio_init_out_ex
 .text.gpio_init_out
                0x00001914        0x6 /home/fei/yat0008/Desktop/controller/lcd/mbed-os/lib/libmbed-os.a(mbed_gpio.o)
                0x00001914                gpio_init_out
 *fill*         0x0000191a        0x2 
 .text.note_us_ticker_free
                0x0000191c       0x10 /home/fei/yat0008/Desktop/controller/lcd/mbed-os/lib/libmbed-os.a(mbed_us_ticker_api.o)
 .text.note_us_ticker_init
                0x0000192c       0x14 /home/fei/yat0008/Desktop/controller/lcd/mbed-os/lib/libmbed-os.a(mbed_us_ticker_api.o)
 .text.get_us_ticker_data
                0x00001940        0x8 /home/fei/yat0008/Desktop/controller/lcd/mbed-os/lib/libmbed-os.a(mbed_us_ticker_api.o)
                0x00001940                get_us_ticker_data
 .text.us_ticker_irq_handler
                0x00001948       0x14 /home/fei/yat0008/Desktop/controller/lcd/mbed-os/lib/libmbed-os.a(mbed_us_ticker_api.o)
                0x00001948                us_ticker_irq_handler
 .text.update_present_time
                0x0000195c       0x86 /home/fei/yat0008/Desktop/controller/lcd/mbed-os/lib/libmbed-os.a(mbed_ticker_api.o)
 .text._ticker_match_interval_passed
                0x000019e2       0x28 /home/fei/yat0008/Desktop/controller/lcd/mbed-os/lib/libmbed-os.a(mbed_ticker_api.o)
                0x000019e2                _ticker_match_interval_passed
 *fill*         0x00001a0a        0x2 
 .text.schedule_interrupt
                0x00001a0c       0xf4 /home/fei/yat0008/Desktop/controller/lcd/mbed-os/lib/libmbed-os.a(mbed_ticker_api.o)
 .text.initialize
                0x00001b00      0x124 /home/fei/yat0008/Desktop/controller/lcd/mbed-os/lib/libmbed-os.a(mbed_ticker_api.o)
 .text.ticker_irq_handler
                0x00001c24       0x60 /home/fei/yat0008/Desktop/controller/lcd/mbed-os/lib/libmbed-os.a(mbed_ticker_api.o)
                0x00001c24                ticker_irq_handler
 .text.ticker_read_us
                0x00001c84       0x22 /home/fei/yat0008/Desktop/controller/lcd/mbed-os/lib/libmbed-os.a(mbed_ticker_api.o)
                0x00001c84                ticker_read_us
 .text.ticker_read
                0x00001ca6        0x8 /home/fei/yat0008/Desktop/controller/lcd/mbed-os/lib/libmbed-os.a(mbed_ticker_api.o)
                0x00001ca6                ticker_read
 *fill*         0x00001cae        0x2 
 .text._ZN10CThunkBase11cthunk_freeEPFvvE
                0x00001cb0       0x10 /home/fei/yat0008/Desktop/controller/lcd/mbed-os/lib/libmbed-os.a(CThunkBase.o)
                0x00001cb0                CThunkBase::cthunk_free(void (*)())
 .text.mbed_assert_internal
                0x00001cc0       0x14 /home/fei/yat0008/Desktop/controller/lcd/mbed-os/lib/libmbed-os.a(mbed_assert.o)
                0x00001cc0                mbed_assert_internal
 .text.core_util_are_interrupts_enabled
                0x00001cd4        0xc /home/fei/yat0008/Desktop/controller/lcd/mbed-os/lib/libmbed-os.a(mbed_critical.o)
                0x00001cd4                core_util_are_interrupts_enabled
 .text.core_util_is_isr_active
                0x00001ce0        0xc /home/fei/yat0008/Desktop/controller/lcd/mbed-os/lib/libmbed-os.a(mbed_critical.o)
                0x00001ce0                core_util_is_isr_active
 .text.core_util_critical_section_enter
                0x00001cec       0x2c /home/fei/yat0008/Desktop/controller/lcd/mbed-os/lib/libmbed-os.a(mbed_critical.o)
                0x00001cec                core_util_critical_section_enter
 .text.core_util_critical_section_exit
                0x00001d18       0x18 /home/fei/yat0008/Desktop/controller/lcd/mbed-os/lib/libmbed-os.a(mbed_critical.o)
                0x00001d18                core_util_critical_section_exit
 .text.mbed_halt_system
                0x00001d30       0x34 /home/fei/yat0008/Desktop/controller/lcd/mbed-os/lib/libmbed-os.a(mbed_error.o)
 .text.print_error_report.constprop.0
                0x00001d64      0x104 /home/fei/yat0008/Desktop/controller/lcd/mbed-os/lib/libmbed-os.a(mbed_error.o)
 .text.mbed_error_hook
                0x00001e68        0x2 /home/fei/yat0008/Desktop/controller/lcd/mbed-os/lib/libmbed-os.a(mbed_error.o)
                0x00001e68                mbed_error_hook
 *fill*         0x00001e6a        0x2 
 .text.handle_error.constprop.0
                0x00001e6c       0xc0 /home/fei/yat0008/Desktop/controller/lcd/mbed-os/lib/libmbed-os.a(mbed_error.o)
 .text.mbed_error_reboot_callback
                0x00001f2c        0x2 /home/fei/yat0008/Desktop/controller/lcd/mbed-os/lib/libmbed-os.a(mbed_error.o)
                0x00001f2c                mbed_error_reboot_callback
 *fill*         0x00001f2e        0x2 
 .text.mbed_error_initialize
                0x00001f30       0x64 /home/fei/yat0008/Desktop/controller/lcd/mbed-os/lib/libmbed-os.a(mbed_error.o)
                0x00001f30                mbed_error_initialize
 .text.mbed_error
                0x00001f94       0xc4 /home/fei/yat0008/Desktop/controller/lcd/mbed-os/lib/libmbed-os.a(mbed_error.o)
                0x00001f94                mbed_error
 .text.mbed_main
                0x00002058        0x2 /home/fei/yat0008/Desktop/controller/lcd/mbed-os/lib/libmbed-os.a(mbed_sdk_boot.o)
                0x00002058                mbed_main
 .text.mbed_sdk_init
                0x0000205a        0x2 /home/fei/yat0008/Desktop/controller/lcd/mbed-os/lib/libmbed-os.a(mbed_sdk_boot.o)
                0x0000205a                mbed_sdk_init
 .text.software_init_hook_rtos
                0x0000205c        0x2 /home/fei/yat0008/Desktop/controller/lcd/mbed-os/lib/libmbed-os.a(mbed_sdk_boot.o)
                0x0000205c                software_init_hook_rtos
 *fill*         0x0000205e        0x2 
 .text.mbed_copy_nvic
                0x00002060       0x28 /home/fei/yat0008/Desktop/controller/lcd/mbed-os/lib/libmbed-os.a(mbed_sdk_boot.o)
                0x00002060                mbed_copy_nvic
 .text.mbed_init
                0x00002088        0xc /home/fei/yat0008/Desktop/controller/lcd/mbed-os/lib/libmbed-os.a(mbed_sdk_boot.o)
                0x00002088                mbed_init
 .text.software_init_hook
                0x00002094       0x48 /home/fei/yat0008/Desktop/controller/lcd/mbed-os/lib/libmbed-os.a(mbed_sdk_boot.o)
                0x00002094                software_init_hook
 .text.__wrap_main
                0x000020dc       0x12 /home/fei/yat0008/Desktop/controller/lcd/mbed-os/lib/libmbed-os.a(mbed_sdk_boot.o)
                0x000020dc                __wrap_main
 *fill*         0x000020ee        0x2 
 .text._wait_us_ticks
                0x000020f0       0x1c /home/fei/yat0008/Desktop/controller/lcd/mbed-os/lib/libmbed-os.a(mbed_wait_api_no_rtos.o)
                0x000020f0                _wait_us_ticks
 .text._wait_us_generic
                0x0000210c       0x1e /home/fei/yat0008/Desktop/controller/lcd/mbed-os/lib/libmbed-os.a(mbed_wait_api_no_rtos.o)
                0x0000210c                _wait_us_generic
 *fill*         0x0000212a        0x2 
 .text._wait_us_inline
                0x0000212c       0x14 /home/fei/yat0008/Desktop/controller/lcd/mbed-os/lib/libmbed-os.a(mbed_wait_api_no_rtos.o)
                0x0000212c                _wait_us_inline
 .text._ZN4mbed10FileHandle4syncEv
                0x00002140        0x4 /home/fei/yat0008/Desktop/controller/lcd/mbed-os/lib/libmbed-os.a(mbed_retarget.o)
                0x00002140                mbed::FileHandle::sync()
 .text._ZN4mbed10FileHandle4tellEv
                0x00002144        0xa /home/fei/yat0008/Desktop/controller/lcd/mbed-os/lib/libmbed-os.a(mbed_retarget.o)
                0x00002144                mbed::FileHandle::tell()
 .text._ZN4mbed10FileHandle6rewindEv
                0x0000214e        0xa /home/fei/yat0008/Desktop/controller/lcd/mbed-os/lib/libmbed-os.a(mbed_retarget.o)
                0x0000214e                mbed::FileHandle::rewind()
 .text._ZN4mbed10FileHandle8truncateEl
                0x00002158        0x6 /home/fei/yat0008/Desktop/controller/lcd/mbed-os/lib/libmbed-os.a(mbed_retarget.o)
                0x00002158                mbed::FileHandle::truncate(long)
 .text._ZN4mbed10FileHandle12set_blockingEb
                0x0000215e        0xc /home/fei/yat0008/Desktop/controller/lcd/mbed-os/lib/libmbed-os.a(mbed_retarget.o)
                0x0000215e                mbed::FileHandle::set_blocking(bool)
 .text._ZNK4mbed10FileHandle11is_blockingEv
                0x0000216a        0x4 /home/fei/yat0008/Desktop/controller/lcd/mbed-os/lib/libmbed-os.a(mbed_retarget.o)
                0x0000216a                mbed::FileHandle::is_blocking() const
 .text._ZN4mbed10FileHandle12enable_inputEb
                0x0000216e        0x6 /home/fei/yat0008/Desktop/controller/lcd/mbed-os/lib/libmbed-os.a(mbed_retarget.o)
                0x0000216e                mbed::FileHandle::enable_input(bool)
 .text._ZN4mbed10FileHandle13enable_outputEb
                0x00002174        0x6 /home/fei/yat0008/Desktop/controller/lcd/mbed-os/lib/libmbed-os.a(mbed_retarget.o)
                0x00002174                mbed::FileHandle::enable_output(bool)
 .text._ZN4mbed10FileHandle5sigioENS_8CallbackIFvvEEE
                0x0000217a        0xc /home/fei/yat0008/Desktop/controller/lcd/mbed-os/lib/libmbed-os.a(mbed_retarget.o)
                0x0000217a                mbed::FileHandle::sigio(mbed::Callback<void ()>)
 .text._ZN12DirectSerial4seekEli
                0x00002186        0x6 /home/fei/yat0008/Desktop/controller/lcd/mbed-os/lib/libmbed-os.a(mbed_retarget.o)
                0x00002186                DirectSerial::seek(long, int)
 .text._ZN12DirectSerial4sizeEv
                0x0000218c        0x6 /home/fei/yat0008/Desktop/controller/lcd/mbed-os/lib/libmbed-os.a(mbed_retarget.o)
                0x0000218c                DirectSerial::size()
 .text._ZN12DirectSerial6isattyEv
                0x00002192        0x4 /home/fei/yat0008/Desktop/controller/lcd/mbed-os/lib/libmbed-os.a(mbed_retarget.o)
                0x00002192                DirectSerial::isatty()
 .text._ZN12DirectSerial5closeEv
                0x00002196        0x4 /home/fei/yat0008/Desktop/controller/lcd/mbed-os/lib/libmbed-os.a(mbed_retarget.o)
                0x00002196                DirectSerial::close()
 .text._ZN12DirectSerialD2Ev
                0x0000219a        0x2 /home/fei/yat0008/Desktop/controller/lcd/mbed-os/lib/libmbed-os.a(mbed_retarget.o)
                0x0000219a                DirectSerial::~DirectSerial()
                0x0000219a                DirectSerial::~DirectSerial()
 .text._ZN12DirectSerial5writeEPKvj
                0x0000219c       0x24 /home/fei/yat0008/Desktop/controller/lcd/mbed-os/lib/libmbed-os.a(mbed_retarget.o)
                0x0000219c                DirectSerial::write(void const*, unsigned int)
 .text._ZNK12DirectSerial4pollEs
                0x000021c0       0x30 /home/fei/yat0008/Desktop/controller/lcd/mbed-os/lib/libmbed-os.a(mbed_retarget.o)
                0x000021c0                DirectSerial::poll(short) const
 .text._ZN12DirectSerialD0Ev
                0x000021f0        0xc /home/fei/yat0008/Desktop/controller/lcd/mbed-os/lib/libmbed-os.a(mbed_retarget.o)
                0x000021f0                DirectSerial::~DirectSerial()
 .text._ZN12DirectSerial4readEPvj
                0x000021fc       0x18 /home/fei/yat0008/Desktop/controller/lcd/mbed-os/lib/libmbed-os.a(mbed_retarget.o)
                0x000021fc                DirectSerial::read(void*, unsigned int)
 .text._ZN12DirectSerialC2ERK15serial_pinmap_ti
                0x00002214       0x30 /home/fei/yat0008/Desktop/controller/lcd/mbed-os/lib/libmbed-os.a(mbed_retarget.o)
                0x00002214                DirectSerial::DirectSerial(serial_pinmap_t const&, int)
                0x00002214                DirectSerial::DirectSerial(serial_pinmap_t const&, int)
 .text._ZN4mbed28mbed_target_override_consoleEi
                0x00002244        0x4 /home/fei/yat0008/Desktop/controller/lcd/mbed-os/lib/libmbed-os.a(mbed_retarget.o)
                0x00002244                mbed::mbed_target_override_console(int)
 .text._ZN4mbed21mbed_override_consoleEi
                0x00002248        0x4 /home/fei/yat0008/Desktop/controller/lcd/mbed-os/lib/libmbed-os.a(mbed_retarget.o)
                0x00002248                mbed::mbed_override_console(int)
 .text._sbrk    0x0000224c       0x44 /home/fei/yat0008/Desktop/controller/lcd/mbed-os/lib/libmbed-os.a(mbed_retarget.o)
                0x0000224c                _sbrk
 .text.__wrap_atexit
                0x00002290        0x4 /home/fei/yat0008/Desktop/controller/lcd/mbed-os/lib/libmbed-os.a(mbed_retarget.o)
                0x00002290                __wrap_atexit
 .text.__rtos_malloc_lock
                0x00002294        0x2 /home/fei/yat0008/Desktop/controller/lcd/mbed-os/lib/libmbed-os.a(mbed_retarget.o)
                0x00002294                __rtos_malloc_lock
 .text.__rtos_malloc_unlock
                0x00002296        0x2 /home/fei/yat0008/Desktop/controller/lcd/mbed-os/lib/libmbed-os.a(mbed_retarget.o)
                0x00002296                __rtos_malloc_unlock
 .text.__malloc_lock
                0x00002298        0x8 /home/fei/yat0008/Desktop/controller/lcd/mbed-os/lib/libmbed-os.a(mbed_retarget.o)
                0x00002298                __malloc_lock
 .text.__malloc_unlock
                0x000022a0        0x8 /home/fei/yat0008/Desktop/controller/lcd/mbed-os/lib/libmbed-os.a(mbed_retarget.o)
                0x000022a0                __malloc_unlock
 .text.__cxa_guard_acquire
                0x000022a8       0x3c /home/fei/yat0008/Desktop/controller/lcd/mbed-os/lib/libmbed-os.a(mbed_retarget.o)
                0x000022a8                __cxa_guard_acquire
 .text.__cxa_guard_release
                0x000022e4       0x2c /home/fei/yat0008/Desktop/controller/lcd/mbed-os/lib/libmbed-os.a(mbed_retarget.o)
                0x000022e4                __cxa_guard_release
 .text._ZN4mbed16mbed_file_handleEi
                0x00002310       0x80 /home/fei/yat0008/Desktop/controller/lcd/mbed-os/lib/libmbed-os.a(mbed_retarget.o)
                0x00002310                mbed::mbed_file_handle(int)
 .text.close    0x00002390       0x3c /home/fei/yat0008/Desktop/controller/lcd/mbed-os/lib/libmbed-os.a(mbed_retarget.o)
                0x00002390                close
 .text._close   0x000023cc        0x4 /home/fei/yat0008/Desktop/controller/lcd/mbed-os/lib/libmbed-os.a(mbed_retarget.o)
                0x000023cc                _close
 .text.write    0x000023d0       0x34 /home/fei/yat0008/Desktop/controller/lcd/mbed-os/lib/libmbed-os.a(mbed_retarget.o)
                0x000023d0                write
 .text.read     0x00002404       0x34 /home/fei/yat0008/Desktop/controller/lcd/mbed-os/lib/libmbed-os.a(mbed_retarget.o)
                0x00002404                read
 .text.isatty   0x00002438       0x2a /home/fei/yat0008/Desktop/controller/lcd/mbed-os/lib/libmbed-os.a(mbed_retarget.o)
                0x00002438                isatty
 *fill*         0x00002462        0x2 
 .text._write   0x00002464       0xac /home/fei/yat0008/Desktop/controller/lcd/mbed-os/lib/libmbed-os.a(mbed_retarget.o)
                0x00002464                _write
 .text._isatty  0x00002510        0x4 /home/fei/yat0008/Desktop/controller/lcd/mbed-os/lib/libmbed-os.a(mbed_retarget.o)
                0x00002510                _isatty
 .text._read    0x00002514       0x74 /home/fei/yat0008/Desktop/controller/lcd/mbed-os/lib/libmbed-os.a(mbed_retarget.o)
                0x00002514                _read
 .text.lseek    0x00002588       0x34 /home/fei/yat0008/Desktop/controller/lcd/mbed-os/lib/libmbed-os.a(mbed_retarget.o)
                0x00002588                lseek
 .text._lseek   0x000025bc        0x4 /home/fei/yat0008/Desktop/controller/lcd/mbed-os/lib/libmbed-os.a(mbed_retarget.o)
                0x000025bc                _lseek
 .text.fsync    0x000025c0       0x2e /home/fei/yat0008/Desktop/controller/lcd/mbed-os/lib/libmbed-os.a(mbed_retarget.o)
                0x000025c0                fsync
 *fill*         0x000025ee        0x2 
 .text._exit    0x000025f0       0x30 /home/fei/yat0008/Desktop/controller/lcd/mbed-os/lib/libmbed-os.a(mbed_retarget.o)
                0x000025f0                _exit
 .text.__wrap_exit
                0x00002620        0x6 /home/fei/yat0008/Desktop/controller/lcd/mbed-os/lib/libmbed-os.a(mbed_retarget.o)
                0x00002620                __wrap_exit
 .text.fstat    0x00002626       0x3c /home/fei/yat0008/Desktop/controller/lcd/mbed-os/lib/libmbed-os.a(mbed_retarget.o)
                0x00002626                fstat
 .text._fstat   0x00002662        0x4 /home/fei/yat0008/Desktop/controller/lcd/mbed-os/lib/libmbed-os.a(mbed_retarget.o)
                0x00002662                _fstat
 .text._ZdlPvj  0x00002666        0x4 /home/fei/yat0008/Desktop/controller/lcd/mbed-os/lib/libmbed-os.a(mbed_retarget.o)
                0x00002666                operator delete(void*, unsigned int)
 *fill*         0x0000266a        0x2 
 .text.SystemInit
                0x0000266c       0x2c /home/fei/yat0008/Desktop/controller/lcd/mbed-os/lib/libmbed-os.a(system_MK64F12.o)
                0x0000266c                SystemInit
 .text.pit_isr  0x00002698       0x2c /home/fei/yat0008/Desktop/controller/lcd/mbed-os/lib/libmbed-os.a(us_ticker.o)
 .text.us_ticker_get_info
                0x000026c4        0x8 /home/fei/yat0008/Desktop/controller/lcd/mbed-os/lib/libmbed-os.a(us_ticker.o)
                0x000026c4                us_ticker_get_info
 .text.us_ticker_init
                0x000026cc       0xcc /home/fei/yat0008/Desktop/controller/lcd/mbed-os/lib/libmbed-os.a(us_ticker.o)
                0x000026cc                us_ticker_init
 .text.us_ticker_read
                0x00002798       0x10 /home/fei/yat0008/Desktop/controller/lcd/mbed-os/lib/libmbed-os.a(us_ticker.o)
                0x00002798                us_ticker_read
 .text.us_ticker_disable_interrupt
                0x000027a8       0x14 /home/fei/yat0008/Desktop/controller/lcd/mbed-os/lib/libmbed-os.a(us_ticker.o)
                0x000027a8                us_ticker_disable_interrupt
 .text.us_ticker_clear_interrupt
                0x000027bc       0x10 /home/fei/yat0008/Desktop/controller/lcd/mbed-os/lib/libmbed-os.a(us_ticker.o)
                0x000027bc                us_ticker_clear_interrupt
 .text.us_ticker_set_interrupt
                0x000027cc       0x60 /home/fei/yat0008/Desktop/controller/lcd/mbed-os/lib/libmbed-os.a(us_ticker.o)
                0x000027cc                us_ticker_set_interrupt
 .text.us_ticker_fire_interrupt
                0x0000282c       0x10 /home/fei/yat0008/Desktop/controller/lcd/mbed-os/lib/libmbed-os.a(us_ticker.o)
                0x0000282c                us_ticker_fire_interrupt
 .text.us_ticker_free
                0x0000283c       0x64 /home/fei/yat0008/Desktop/controller/lcd/mbed-os/lib/libmbed-os.a(us_ticker.o)
                0x0000283c                us_ticker_free
 .text.spi_get_peripheral_name
                0x000028a0       0x5c /home/fei/yat0008/Desktop/controller/lcd/mbed-os/lib/libmbed-os.a(spi_api.o)
                0x000028a0                spi_get_peripheral_name
 .text.spi_init_direct
                0x000028fc       0x78 /home/fei/yat0008/Desktop/controller/lcd/mbed-os/lib/libmbed-os.a(spi_api.o)
                0x000028fc                spi_init_direct
 .text.spi_init
                0x00002974       0xbc /home/fei/yat0008/Desktop/controller/lcd/mbed-os/lib/libmbed-os.a(spi_api.o)
                0x00002974                spi_init
 .text.spi_format
                0x00002a30       0x94 /home/fei/yat0008/Desktop/controller/lcd/mbed-os/lib/libmbed-os.a(spi_api.o)
                0x00002a30                spi_format
 .text.spi_frequency
                0x00002ac4       0x4c /home/fei/yat0008/Desktop/controller/lcd/mbed-os/lib/libmbed-os.a(spi_api.o)
                0x00002ac4                spi_frequency
 .text.spi_master_write
                0x00002b10       0x48 /home/fei/yat0008/Desktop/controller/lcd/mbed-os/lib/libmbed-os.a(spi_api.o)
                0x00002b10                spi_master_write
 .text.spi_master_block_write
                0x00002b58       0x58 /home/fei/yat0008/Desktop/controller/lcd/mbed-os/lib/libmbed-os.a(spi_api.o)
                0x00002b58                spi_master_block_write
 .text.serial_init_direct
                0x00002bb0       0xd4 /home/fei/yat0008/Desktop/controller/lcd/mbed-os/lib/libmbed-os.a(serial_api.o)
                0x00002bb0                serial_init_direct
 .text.serial_baud
                0x00002c84       0x2c /home/fei/yat0008/Desktop/controller/lcd/mbed-os/lib/libmbed-os.a(serial_api.o)
                0x00002c84                serial_baud
 .text.serial_readable
                0x00002cb0       0x2c /home/fei/yat0008/Desktop/controller/lcd/mbed-os/lib/libmbed-os.a(serial_api.o)
                0x00002cb0                serial_readable
 .text.serial_getc
                0x00002cdc       0x20 /home/fei/yat0008/Desktop/controller/lcd/mbed-os/lib/libmbed-os.a(serial_api.o)
                0x00002cdc                serial_getc
 .text.serial_writable
                0x00002cfc       0x2c /home/fei/yat0008/Desktop/controller/lcd/mbed-os/lib/libmbed-os.a(serial_api.o)
                0x00002cfc                serial_writable
 .text.serial_putc
                0x00002d28       0x24 /home/fei/yat0008/Desktop/controller/lcd/mbed-os/lib/libmbed-os.a(serial_api.o)
                0x00002d28                serial_putc
 .text.gpio_init
                0x00002d4c       0x12 /home/fei/yat0008/Desktop/controller/lcd/mbed-os/lib/libmbed-os.a(gpio_api.o)
                0x00002d4c                gpio_init
 .text.gpio_mode
                0x00002d5e        0x6 /home/fei/yat0008/Desktop/controller/lcd/mbed-os/lib/libmbed-os.a(gpio_api.o)
                0x00002d5e                gpio_mode
 .text.gpio_dir
                0x00002d64       0x48 /home/fei/yat0008/Desktop/controller/lcd/mbed-os/lib/libmbed-os.a(gpio_api.o)
                0x00002d64                gpio_dir
 .text.gpio_write
                0x00002dac       0x3c /home/fei/yat0008/Desktop/controller/lcd/mbed-os/lib/libmbed-os.a(gpio_api.o)
                0x00002dac                gpio_write
 .text.gpio_read
                0x00002de8       0x34 /home/fei/yat0008/Desktop/controller/lcd/mbed-os/lib/libmbed-os.a(gpio_api.o)
                0x00002de8                gpio_read
 .text.pin_function
                0x00002e1c       0x74 /home/fei/yat0008/Desktop/controller/lcd/mbed-os/lib/libmbed-os.a(pinmap.o)
                0x00002e1c                pin_function
 .text.pin_mode
                0x00002e90       0x5c /home/fei/yat0008/Desktop/controller/lcd/mbed-os/lib/libmbed-os.a(pinmap.o)
                0x00002e90                pin_mode
 .text.mbed_tiny_compute_crc32
                0x00002eec       0x2c /home/fei/yat0008/Desktop/controller/lcd/mbed-os/lib/libmbed-os.a(MbedCRC.o)
                0x00002eec                mbed_tiny_compute_crc32
 .text.hal_critical_section_enter
                0x00002f18       0x24 /home/fei/yat0008/Desktop/controller/lcd/mbed-os/lib/libmbed-os.a(mbed_critical_section_api.o)
                0x00002f18                hal_critical_section_enter
 .text.hal_critical_section_exit
                0x00002f3c       0x38 /home/fei/yat0008/Desktop/controller/lcd/mbed-os/lib/libmbed-os.a(mbed_critical_section_api.o)
                0x00002f3c                hal_critical_section_exit
 .text.pinmap_merge
                0x00002f74       0x30 /home/fei/yat0008/Desktop/controller/lcd/mbed-os/lib/libmbed-os.a(mbed_pinmap_common.o)
                0x00002f74                pinmap_merge
 .text.pinmap_find_peripheral
                0x00002fa4       0x16 /home/fei/yat0008/Desktop/controller/lcd/mbed-os/lib/libmbed-os.a(mbed_pinmap_common.o)
                0x00002fa4                pinmap_find_peripheral
 *fill*         0x00002fba        0x2 
 .text.pinmap_peripheral
                0x00002fbc       0x2c /home/fei/yat0008/Desktop/controller/lcd/mbed-os/lib/libmbed-os.a(mbed_pinmap_common.o)
                0x00002fbc                pinmap_peripheral
 .text.pinmap_find_function
                0x00002fe8       0x16 /home/fei/yat0008/Desktop/controller/lcd/mbed-os/lib/libmbed-os.a(mbed_pinmap_common.o)
                0x00002fe8                pinmap_find_function
 .text.core_util_atomic_flag_test_and_set
                0x00002ffe       0x14 /home/fei/yat0008/Desktop/controller/lcd/mbed-os/lib/libmbed-os.a(mbed_atomic_impl.o)
                0x00002ffe                core_util_atomic_flag_test_and_set
 .text.core_util_atomic_exchange_u8
                0x00003012       0x12 /home/fei/yat0008/Desktop/controller/lcd/mbed-os/lib/libmbed-os.a(mbed_atomic_impl.o)
                0x00003012                core_util_atomic_exchange_u8
 .text.mbed_die
                0x00003024       0x64 /home/fei/yat0008/Desktop/controller/lcd/mbed-os/lib/libmbed-os.a(mbed_board.o)
                0x00003024                mbed_die
 .text.mbed_error_puts
                0x00003088       0x50 /home/fei/yat0008/Desktop/controller/lcd/mbed-os/lib/libmbed-os.a(mbed_board.o)
                0x00003088                mbed_error_puts
 .text.mbed_error_vprintf
                0x000030d8       0x38 /home/fei/yat0008/Desktop/controller/lcd/mbed-os/lib/libmbed-os.a(mbed_board.o)
                0x000030d8                mbed_error_vprintf
 .text.mbed_error_printf
                0x00003110       0x1a /home/fei/yat0008/Desktop/controller/lcd/mbed-os/lib/libmbed-os.a(mbed_board.o)
                0x00003110                mbed_error_printf
 .text.__wrap_vsnprintf
                0x0000312a        0xe /home/fei/yat0008/Desktop/controller/lcd/mbed-os/lib/libmbed-os.a(mbed_printf_wrapper.o)
                0x0000312a                __wrap_vsnprintf
 .text.CLOCK_GetInternalRefClkSelectFreq
                0x00003138       0x28 /home/fei/yat0008/Desktop/controller/lcd/mbed-os/lib/libmbed-os.a(fsl_clock.o)
 .text.CLOCK_GetMcgExtClkFreq
                0x00003160       0x60 /home/fei/yat0008/Desktop/controller/lcd/mbed-os/lib/libmbed-os.a(fsl_clock.o)
 .text.CLOCK_GetFllRefClkFreq
                0x000031c0       0x54 /home/fei/yat0008/Desktop/controller/lcd/mbed-os/lib/libmbed-os.a(fsl_clock.o)
 .text.CLOCK_GetOsc0ErClkFreq
                0x00003214       0x3c /home/fei/yat0008/Desktop/controller/lcd/mbed-os/lib/libmbed-os.a(fsl_clock.o)
                0x00003214                CLOCK_GetOsc0ErClkFreq
 .text.CLOCK_GetEr32kClkFreq
                0x00003250       0x5c /home/fei/yat0008/Desktop/controller/lcd/mbed-os/lib/libmbed-os.a(fsl_clock.o)
                0x00003250                CLOCK_GetEr32kClkFreq
 .text.CLOCK_GetFllFreq
                0x000032ac       0x3c /home/fei/yat0008/Desktop/controller/lcd/mbed-os/lib/libmbed-os.a(fsl_clock.o)
                0x000032ac                CLOCK_GetFllFreq
 .text.CLOCK_GetInternalRefClkFreq
                0x000032e8       0x14 /home/fei/yat0008/Desktop/controller/lcd/mbed-os/lib/libmbed-os.a(fsl_clock.o)
                0x000032e8                CLOCK_GetInternalRefClkFreq
 .text.CLOCK_GetPll0Freq
                0x000032fc       0x48 /home/fei/yat0008/Desktop/controller/lcd/mbed-os/lib/libmbed-os.a(fsl_clock.o)
                0x000032fc                CLOCK_GetPll0Freq
 .text.CLOCK_GetPllFllSelClkFreq
                0x00003344       0x2c /home/fei/yat0008/Desktop/controller/lcd/mbed-os/lib/libmbed-os.a(fsl_clock.o)
                0x00003344                CLOCK_GetPllFllSelClkFreq
 .text.CLOCK_GetOutClkFreq
                0x00003370       0x28 /home/fei/yat0008/Desktop/controller/lcd/mbed-os/lib/libmbed-os.a(fsl_clock.o)
                0x00003370                CLOCK_GetOutClkFreq
 .text.CLOCK_GetFixedFreqClkFreq
                0x00003398       0x1c /home/fei/yat0008/Desktop/controller/lcd/mbed-os/lib/libmbed-os.a(fsl_clock.o)
                0x00003398                CLOCK_GetFixedFreqClkFreq
 .text.CLOCK_GetFreq
                0x000033b4       0xa8 /home/fei/yat0008/Desktop/controller/lcd/mbed-os/lib/libmbed-os.a(fsl_clock.o)
                0x000033b4                CLOCK_GetFreq
 .text.EDMA_HandleIRQ
                0x0000345c       0xb0 /home/fei/yat0008/Desktop/controller/lcd/mbed-os/lib/libmbed-os.a(fsl_edma.o)
                0x0000345c                EDMA_HandleIRQ
 .text.DMA0_DriverIRQHandler
                0x0000350c        0xc /home/fei/yat0008/Desktop/controller/lcd/mbed-os/lib/libmbed-os.a(fsl_edma.o)
                0x0000350c                DMA0_DriverIRQHandler
 .text.DMA1_DriverIRQHandler
                0x00003518        0xc /home/fei/yat0008/Desktop/controller/lcd/mbed-os/lib/libmbed-os.a(fsl_edma.o)
                0x00003518                DMA1_DriverIRQHandler
 .text.DMA2_DriverIRQHandler
                0x00003524        0xc /home/fei/yat0008/Desktop/controller/lcd/mbed-os/lib/libmbed-os.a(fsl_edma.o)
                0x00003524                DMA2_DriverIRQHandler
 .text.DMA3_DriverIRQHandler
                0x00003530        0xc /home/fei/yat0008/Desktop/controller/lcd/mbed-os/lib/libmbed-os.a(fsl_edma.o)
                0x00003530                DMA3_DriverIRQHandler
 .text.DMA4_DriverIRQHandler
                0x0000353c        0xc /home/fei/yat0008/Desktop/controller/lcd/mbed-os/lib/libmbed-os.a(fsl_edma.o)
                0x0000353c                DMA4_DriverIRQHandler
 .text.DMA5_DriverIRQHandler
                0x00003548        0xc /home/fei/yat0008/Desktop/controller/lcd/mbed-os/lib/libmbed-os.a(fsl_edma.o)
                0x00003548                DMA5_DriverIRQHandler
 .text.DMA6_DriverIRQHandler
                0x00003554        0xc /home/fei/yat0008/Desktop/controller/lcd/mbed-os/lib/libmbed-os.a(fsl_edma.o)
                0x00003554                DMA6_DriverIRQHandler
 .text.DMA7_DriverIRQHandler
                0x00003560        0xc /home/fei/yat0008/Desktop/controller/lcd/mbed-os/lib/libmbed-os.a(fsl_edma.o)
                0x00003560                DMA7_DriverIRQHandler
 .text.DMA8_DriverIRQHandler
                0x0000356c        0xc /home/fei/yat0008/Desktop/controller/lcd/mbed-os/lib/libmbed-os.a(fsl_edma.o)
                0x0000356c                DMA8_DriverIRQHandler
 .text.DMA9_DriverIRQHandler
                0x00003578        0xc /home/fei/yat0008/Desktop/controller/lcd/mbed-os/lib/libmbed-os.a(fsl_edma.o)
                0x00003578                DMA9_DriverIRQHandler
 .text.DMA10_DriverIRQHandler
                0x00003584        0xc /home/fei/yat0008/Desktop/controller/lcd/mbed-os/lib/libmbed-os.a(fsl_edma.o)
                0x00003584                DMA10_DriverIRQHandler
 .text.DMA11_DriverIRQHandler
                0x00003590        0xc /home/fei/yat0008/Desktop/controller/lcd/mbed-os/lib/libmbed-os.a(fsl_edma.o)
                0x00003590                DMA11_DriverIRQHandler
 .text.DMA12_DriverIRQHandler
                0x0000359c        0xc /home/fei/yat0008/Desktop/controller/lcd/mbed-os/lib/libmbed-os.a(fsl_edma.o)
                0x0000359c                DMA12_DriverIRQHandler
 .text.DMA13_DriverIRQHandler
                0x000035a8        0xc /home/fei/yat0008/Desktop/controller/lcd/mbed-os/lib/libmbed-os.a(fsl_edma.o)
                0x000035a8                DMA13_DriverIRQHandler
 .text.DMA14_DriverIRQHandler
                0x000035b4        0xc /home/fei/yat0008/Desktop/controller/lcd/mbed-os/lib/libmbed-os.a(fsl_edma.o)
                0x000035b4                DMA14_DriverIRQHandler
 .text.DMA15_DriverIRQHandler
                0x000035c0        0xc /home/fei/yat0008/Desktop/controller/lcd/mbed-os/lib/libmbed-os.a(fsl_edma.o)
                0x000035c0                DMA15_DriverIRQHandler
 .text.DSPI_CommonIRQHandler
                0x000035cc       0x20 /home/fei/yat0008/Desktop/controller/lcd/mbed-os/lib/libmbed-os.a(fsl_dspi.o)
 .text.DSPI_MasterGetFormattedCommand.constprop.0
                0x000035ec       0x20 /home/fei/yat0008/Desktop/controller/lcd/mbed-os/lib/libmbed-os.a(fsl_dspi.o)
 .text.DSPI_GetInstance
                0x0000360c       0x40 /home/fei/yat0008/Desktop/controller/lcd/mbed-os/lib/libmbed-os.a(fsl_dspi.o)
                0x0000360c                DSPI_GetInstance
 .text.DSPI_GetDummyDataInstance
                0x0000364c       0x10 /home/fei/yat0008/Desktop/controller/lcd/mbed-os/lib/libmbed-os.a(fsl_dspi.o)
                0x0000364c                DSPI_GetDummyDataInstance
 .text.DSPI_SetDummyData
                0x0000365c       0x14 /home/fei/yat0008/Desktop/controller/lcd/mbed-os/lib/libmbed-os.a(fsl_dspi.o)
                0x0000365c                DSPI_SetDummyData
 .text.DSPI_MasterGetDefaultConfig
                0x00003670       0x48 /home/fei/yat0008/Desktop/controller/lcd/mbed-os/lib/libmbed-os.a(fsl_dspi.o)
                0x00003670                DSPI_MasterGetDefaultConfig
 .text.DSPI_SlaveInit
                0x000036b8       0xcc /home/fei/yat0008/Desktop/controller/lcd/mbed-os/lib/libmbed-os.a(fsl_dspi.o)
                0x000036b8                DSPI_SlaveInit
 .text.DSPI_SlaveGetDefaultConfig
                0x00003784       0x30 /home/fei/yat0008/Desktop/controller/lcd/mbed-os/lib/libmbed-os.a(fsl_dspi.o)
                0x00003784                DSPI_SlaveGetDefaultConfig
 .text.DSPI_MasterSetBaudRate
                0x000037b4       0xd8 /home/fei/yat0008/Desktop/controller/lcd/mbed-os/lib/libmbed-os.a(fsl_dspi.o)
                0x000037b4                DSPI_MasterSetBaudRate
 .text.DSPI_MasterSetDelayScaler
                0x0000388c       0x8c /home/fei/yat0008/Desktop/controller/lcd/mbed-os/lib/libmbed-os.a(fsl_dspi.o)
                0x0000388c                DSPI_MasterSetDelayScaler
 .text.DSPI_MasterSetDelayTimes
                0x00003918       0xbc /home/fei/yat0008/Desktop/controller/lcd/mbed-os/lib/libmbed-os.a(fsl_dspi.o)
                0x00003918                DSPI_MasterSetDelayTimes
 .text.DSPI_MasterInit
                0x000039d4      0x138 /home/fei/yat0008/Desktop/controller/lcd/mbed-os/lib/libmbed-os.a(fsl_dspi.o)
                0x000039d4                DSPI_MasterInit
 .text.DSPI_GetDefaultDataCommandConfig
                0x00003b0c       0x2c /home/fei/yat0008/Desktop/controller/lcd/mbed-os/lib/libmbed-os.a(fsl_dspi.o)
                0x00003b0c                DSPI_GetDefaultDataCommandConfig
 .text.DSPI_MasterWriteDataBlocking
                0x00003b38       0x68 /home/fei/yat0008/Desktop/controller/lcd/mbed-os/lib/libmbed-os.a(fsl_dspi.o)
                0x00003b38                DSPI_MasterWriteDataBlocking
 .text.DSPI_MasterTransferBlocking
                0x00003ba0      0x25c /home/fei/yat0008/Desktop/controller/lcd/mbed-os/lib/libmbed-os.a(fsl_dspi.o)
                0x00003ba0                DSPI_MasterTransferBlocking
 .text.SPI0_DriverIRQHandler
                0x00003dfc       0x34 /home/fei/yat0008/Desktop/controller/lcd/mbed-os/lib/libmbed-os.a(fsl_dspi.o)
                0x00003dfc                SPI0_DriverIRQHandler
 .text.SPI1_DriverIRQHandler
                0x00003e30       0x34 /home/fei/yat0008/Desktop/controller/lcd/mbed-os/lib/libmbed-os.a(fsl_dspi.o)
                0x00003e30                SPI1_DriverIRQHandler
 .text.SPI2_DriverIRQHandler
                0x00003e64       0x34 /home/fei/yat0008/Desktop/controller/lcd/mbed-os/lib/libmbed-os.a(fsl_dspi.o)
                0x00003e64                SPI2_DriverIRQHandler
 .text.PIT_GetInstance.isra.0
                0x00003e98       0x28 /home/fei/yat0008/Desktop/controller/lcd/mbed-os/lib/libmbed-os.a(fsl_pit.o)
 .text.PIT_Init
                0x00003ec0       0x50 /home/fei/yat0008/Desktop/controller/lcd/mbed-os/lib/libmbed-os.a(fsl_pit.o)
                0x00003ec0                PIT_Init
 .text.I2C_TransferCommonIRQHandler
                0x00003f10       0x34 /home/fei/yat0008/Desktop/controller/lcd/mbed-os/lib/libmbed-os.a(fsl_i2c.o)
 .text.I2C0_DriverIRQHandler
                0x00003f44       0x14 /home/fei/yat0008/Desktop/controller/lcd/mbed-os/lib/libmbed-os.a(fsl_i2c.o)
                0x00003f44                I2C0_DriverIRQHandler
 .text.I2C1_DriverIRQHandler
                0x00003f58       0x14 /home/fei/yat0008/Desktop/controller/lcd/mbed-os/lib/libmbed-os.a(fsl_i2c.o)
                0x00003f58                I2C1_DriverIRQHandler
 .text.I2C2_DriverIRQHandler
                0x00003f6c       0x14 /home/fei/yat0008/Desktop/controller/lcd/mbed-os/lib/libmbed-os.a(fsl_i2c.o)
                0x00003f6c                I2C2_DriverIRQHandler
 .text.UART_GetInstance
                0x00003f80       0x64 /home/fei/yat0008/Desktop/controller/lcd/mbed-os/lib/libmbed-os.a(fsl_uart.o)
                0x00003f80                UART_GetInstance
 .text.UART_Init
                0x00003fe4      0x178 /home/fei/yat0008/Desktop/controller/lcd/mbed-os/lib/libmbed-os.a(fsl_uart.o)
                0x00003fe4                UART_Init
 .text.UART_GetDefaultConfig
                0x0000415c       0x30 /home/fei/yat0008/Desktop/controller/lcd/mbed-os/lib/libmbed-os.a(fsl_uart.o)
                0x0000415c                UART_GetDefaultConfig
 .text.UART_SetBaudRate
                0x0000418c       0x8c /home/fei/yat0008/Desktop/controller/lcd/mbed-os/lib/libmbed-os.a(fsl_uart.o)
                0x0000418c                UART_SetBaudRate
 .text.UART_GetStatusFlags
                0x00004218       0x16 /home/fei/yat0008/Desktop/controller/lcd/mbed-os/lib/libmbed-os.a(fsl_uart.o)
                0x00004218                UART_GetStatusFlags
 .text.UART_ClearStatusFlags
                0x0000422e       0x40 /home/fei/yat0008/Desktop/controller/lcd/mbed-os/lib/libmbed-os.a(fsl_uart.o)
                0x0000422e                UART_ClearStatusFlags
 *fill*         0x0000426e        0x2 
 .text.UART0_DriverIRQHandler
                0x00004270       0x18 /home/fei/yat0008/Desktop/controller/lcd/mbed-os/lib/libmbed-os.a(fsl_uart.o)
                0x00004270                UART0_DriverIRQHandler
 .text.UART0_RX_TX_DriverIRQHandler
                0x00004288        0x4 /home/fei/yat0008/Desktop/controller/lcd/mbed-os/lib/libmbed-os.a(fsl_uart.o)
                0x00004288                UART0_RX_TX_DriverIRQHandler
 .text.UART1_DriverIRQHandler
                0x0000428c       0x18 /home/fei/yat0008/Desktop/controller/lcd/mbed-os/lib/libmbed-os.a(fsl_uart.o)
                0x0000428c                UART1_DriverIRQHandler
 .text.UART1_RX_TX_DriverIRQHandler
                0x000042a4        0x4 /home/fei/yat0008/Desktop/controller/lcd/mbed-os/lib/libmbed-os.a(fsl_uart.o)
                0x000042a4                UART1_RX_TX_DriverIRQHandler
 .text.UART2_DriverIRQHandler
                0x000042a8       0x18 /home/fei/yat0008/Desktop/controller/lcd/mbed-os/lib/libmbed-os.a(fsl_uart.o)
                0x000042a8                UART2_DriverIRQHandler
 .text.UART2_RX_TX_DriverIRQHandler
                0x000042c0        0x4 /home/fei/yat0008/Desktop/controller/lcd/mbed-os/lib/libmbed-os.a(fsl_uart.o)
                0x000042c0                UART2_RX_TX_DriverIRQHandler
 .text.UART3_DriverIRQHandler
                0x000042c4       0x18 /home/fei/yat0008/Desktop/controller/lcd/mbed-os/lib/libmbed-os.a(fsl_uart.o)
                0x000042c4                UART3_DriverIRQHandler
 .text.UART3_RX_TX_DriverIRQHandler
                0x000042dc        0x4 /home/fei/yat0008/Desktop/controller/lcd/mbed-os/lib/libmbed-os.a(fsl_uart.o)
                0x000042dc                UART3_RX_TX_DriverIRQHandler
 .text.UART4_DriverIRQHandler
                0x000042e0       0x18 /home/fei/yat0008/Desktop/controller/lcd/mbed-os/lib/libmbed-os.a(fsl_uart.o)
                0x000042e0                UART4_DriverIRQHandler
 .text.UART4_RX_TX_DriverIRQHandler
                0x000042f8        0x4 /home/fei/yat0008/Desktop/controller/lcd/mbed-os/lib/libmbed-os.a(fsl_uart.o)
                0x000042f8                UART4_RX_TX_DriverIRQHandler
 .text.UART5_DriverIRQHandler
                0x000042fc       0x18 /home/fei/yat0008/Desktop/controller/lcd/mbed-os/lib/libmbed-os.a(fsl_uart.o)
                0x000042fc                UART5_DriverIRQHandler
 .text.UART5_RX_TX_DriverIRQHandler
                0x00004314        0x4 /home/fei/yat0008/Desktop/controller/lcd/mbed-os/lib/libmbed-os.a(fsl_uart.o)
                0x00004314                UART5_RX_TX_DriverIRQHandler
 .text.mbed_minimal_putchar
                0x00004318       0x34 /home/fei/yat0008/Desktop/controller/lcd/mbed-os/lib/libmbed-os.a(mbed_printf_implementation.o)
 .text.mbed_minimal_formatted_string_integer
                0x0000434c      0x144 /home/fei/yat0008/Desktop/controller/lcd/mbed-os/lib/libmbed-os.a(mbed_printf_implementation.o)
 .text.mbed_minimal_formatted_string
                0x00004490      0x3bc /home/fei/yat0008/Desktop/controller/lcd/mbed-os/lib/libmbed-os.a(mbed_printf_implementation.o)
                0x00004490                mbed_minimal_formatted_string
 .text.__udivmoddi4
                0x0000484c      0x2bc /usr/local/mcuxpressoide-11.9.0_2144/ide/plugins/com.nxp.mcuxpresso.tools.linux_11.9.0.202307121226/tools/bin/../lib/gcc/arm-none-eabi/12.3.1/thumb/v7e-m+fp/softfp/libgcc.a(_udivmoddi4.o)
                0x0000484c                __udivmoddi4
 .text.fputc    0x00004b08       0x58 /usr/local/mcuxpressoide-11.9.0_2144/ide/plugins/com.nxp.mcuxpresso.tools.linux_11.9.0.202307121226/tools/bin/../lib/gcc/arm-none-eabi/12.3.1/../../../../arm-none-eabi/lib/thumb/v7e-m+fp/softfp/libc.a(libc_a-fputc.o)
                0x00004b08                fputc
 .text.__sread  0x00004b60       0x24 /usr/local/mcuxpressoide-11.9.0_2144/ide/plugins/com.nxp.mcuxpresso.tools.linux_11.9.0.202307121226/tools/bin/../lib/gcc/arm-none-eabi/12.3.1/../../../../arm-none-eabi/lib/thumb/v7e-m+fp/softfp/libc.a(libc_a-stdio.o)
                0x00004b60                __sread
 .text.__swrite
                0x00004b84       0x40 /usr/local/mcuxpressoide-11.9.0_2144/ide/plugins/com.nxp.mcuxpresso.tools.linux_11.9.0.202307121226/tools/bin/../lib/gcc/arm-none-eabi/12.3.1/../../../../arm-none-eabi/lib/thumb/v7e-m+fp/softfp/libc.a(libc_a-stdio.o)
                0x00004b84                __swrite
 .text.__sseek  0x00004bc4       0x24 /usr/local/mcuxpressoide-11.9.0_2144/ide/plugins/com.nxp.mcuxpresso.tools.linux_11.9.0.202307121226/tools/bin/../lib/gcc/arm-none-eabi/12.3.1/../../../../arm-none-eabi/lib/thumb/v7e-m+fp/softfp/libc.a(libc_a-stdio.o)
                0x00004bc4                __sseek
 .text.__sclose
                0x00004be8        0x8 /usr/local/mcuxpressoide-11.9.0_2144/ide/plugins/com.nxp.mcuxpresso.tools.linux_11.9.0.202307121226/tools/bin/../lib/gcc/arm-none-eabi/12.3.1/../../../../arm-none-eabi/lib/thumb/v7e-m+fp/softfp/libc.a(libc_a-stdio.o)
                0x00004be8                __sclose
 .text._write_r
                0x00004bf0       0x2c /usr/local/mcuxpressoide-11.9.0_2144/ide/plugins/com.nxp.mcuxpresso.tools.linux_11.9.0.202307121226/tools/bin/../lib/gcc/arm-none-eabi/12.3.1/../../../../arm-none-eabi/lib/thumb/v7e-m+fp/softfp/libc.a(libc_a-writer.o)
                0x00004bf0                _write_r
 .text.__errno  0x00004c1c        0xc /usr/local/mcuxpressoide-11.9.0_2144/ide/plugins/com.nxp.mcuxpresso.tools.linux_11.9.0.202307121226/tools/bin/../lib/gcc/arm-none-eabi/12.3.1/../../../../arm-none-eabi/lib/thumb/v7e-m+fp/softfp/libc.a(libc_a-errno.o)
                0x00004c1c                __errno
 .text.free     0x00004c28       0x10 /usr/local/mcuxpressoide-11.9.0_2144/ide/plugins/com.nxp.mcuxpresso.tools.linux_11.9.0.202307121226/tools/bin/../lib/gcc/arm-none-eabi/12.3.1/../../../../arm-none-eabi/lib/thumb/v7e-m+fp/softfp/libc.a(libc_a-malloc.o)
                0x00004c28                free
 .text._malloc_r
                0x00004c38      0x574 /usr/local/mcuxpressoide-11.9.0_2144/ide/plugins/com.nxp.mcuxpresso.tools.linux_11.9.0.202307121226/tools/bin/../lib/gcc/arm-none-eabi/12.3.1/../../../../arm-none-eabi/lib/thumb/v7e-m+fp/softfp/libc.a(libc_a-mallocr.o)
                0x00004c38                _malloc_r
 .text.__assert_func
                0x000051ac       0x40 /usr/local/mcuxpressoide-11.9.0_2144/ide/plugins/com.nxp.mcuxpresso.tools.linux_11.9.0.202307121226/tools/bin/../lib/gcc/arm-none-eabi/12.3.1/../../../../arm-none-eabi/lib/thumb/v7e-m+fp/softfp/libc.a(libc_a-assert.o)
                0x000051ac                __assert_func
 .text.memset   0x000051ec       0xa4 /usr/local/mcuxpressoide-11.9.0_2144/ide/plugins/com.nxp.mcuxpresso.tools.linux_11.9.0.202307121226/tools/bin/../lib/gcc/arm-none-eabi/12.3.1/../../../../arm-none-eabi/lib/thumb/v7e-m+fp/softfp/libc.a(libc_a-memset.o)
                0x000051ec                memset
 .text.__libc_init_array
                0x00005290       0x50 /usr/local/mcuxpressoide-11.9.0_2144/ide/plugins/com.nxp.mcuxpresso.tools.linux_11.9.0.202307121226/tools/bin/../lib/gcc/arm-none-eabi/12.3.1/../../../../arm-none-eabi/lib/thumb/v7e-m+fp/softfp/libc.a(libc_a-init.o)
                0x00005290                __libc_init_array
 .text.__retarget_lock_init_recursive
                0x000052e0        0x4 /usr/local/mcuxpressoide-11.9.0_2144/ide/plugins/com.nxp.mcuxpresso.tools.linux_11.9.0.202307121226/tools/bin/../lib/gcc/arm-none-eabi/12.3.1/../../../../arm-none-eabi/lib/thumb/v7e-m+fp/softfp/libc.a(libc_a-lock.o)
                0x000052e0                __retarget_lock_init_recursive
 .text.__retarget_lock_close_recursive
                0x000052e4        0x4 /usr/local/mcuxpressoide-11.9.0_2144/ide/plugins/com.nxp.mcuxpresso.tools.linux_11.9.0.202307121226/tools/bin/../lib/gcc/arm-none-eabi/12.3.1/../../../../arm-none-eabi/lib/thumb/v7e-m+fp/softfp/libc.a(libc_a-lock.o)
                0x000052e4                __retarget_lock_close_recursive
 .text.__retarget_lock_acquire_recursive
                0x000052e8        0x4 /usr/local/mcuxpressoide-11.9.0_2144/ide/plugins/com.nxp.mcuxpresso.tools.linux_11.9.0.202307121226/tools/bin/../lib/gcc/arm-none-eabi/12.3.1/../../../../arm-none-eabi/lib/thumb/v7e-m+fp/softfp/libc.a(libc_a-lock.o)
                0x000052e8                __retarget_lock_acquire_recursive
 .text.__retarget_lock_release_recursive
                0x000052ec        0x4 /usr/local/mcuxpressoide-11.9.0_2144/ide/plugins/com.nxp.mcuxpresso.tools.linux_11.9.0.202307121226/tools/bin/../lib/gcc/arm-none-eabi/12.3.1/../../../../arm-none-eabi/lib/thumb/v7e-m+fp/softfp/libc.a(libc_a-lock.o)
                0x000052ec                __retarget_lock_release_recursive
 .text.sysconf  0x000052f0       0x1c /usr/local/mcuxpressoide-11.9.0_2144/ide/plugins/com.nxp.mcuxpresso.tools.linux_11.9.0.202307121226/tools/bin/../lib/gcc/arm-none-eabi/12.3.1/../../../../arm-none-eabi/lib/thumb/v7e-m+fp/softfp/libc.a(libc_a-sysconf.o)
                0x000052f0                sysconf
 .text._putc_r  0x0000530c       0x78 /usr/local/mcuxpressoide-11.9.0_2144/ide/plugins/com.nxp.mcuxpresso.tools.linux_11.9.0.202307121226/tools/bin/../lib/gcc/arm-none-eabi/12.3.1/../../../../arm-none-eabi/lib/thumb/v7e-m+fp/softfp/libc.a(libc_a-putc.o)
                0x0000530c                _putc_r
 .text._close_r
                0x00005384       0x24 /usr/local/mcuxpressoide-11.9.0_2144/ide/plugins/com.nxp.mcuxpresso.tools.linux_11.9.0.202307121226/tools/bin/../lib/gcc/arm-none-eabi/12.3.1/../../../../arm-none-eabi/lib/thumb/v7e-m+fp/softfp/libc.a(libc_a-closer.o)
                0x00005384                _close_r
 .text.__sflush_r
                0x000053a8      0x138 /usr/local/mcuxpressoide-11.9.0_2144/ide/plugins/com.nxp.mcuxpresso.tools.linux_11.9.0.202307121226/tools/bin/../lib/gcc/arm-none-eabi/12.3.1/../../../../arm-none-eabi/lib/thumb/v7e-m+fp/softfp/libc.a(libc_a-fflush.o)
                0x000053a8                __sflush_r
 .text._fflush_r
                0x000054e0       0x54 /usr/local/mcuxpressoide-11.9.0_2144/ide/plugins/com.nxp.mcuxpresso.tools.linux_11.9.0.202307121226/tools/bin/../lib/gcc/arm-none-eabi/12.3.1/../../../../arm-none-eabi/lib/thumb/v7e-m+fp/softfp/libc.a(libc_a-fflush.o)
                0x000054e0                _fflush_r
 .text.fflush   0x00005534       0x74 /usr/local/mcuxpressoide-11.9.0_2144/ide/plugins/com.nxp.mcuxpresso.tools.linux_11.9.0.202307121226/tools/bin/../lib/gcc/arm-none-eabi/12.3.1/../../../../arm-none-eabi/lib/thumb/v7e-m+fp/softfp/libc.a(libc_a-fflush.o)
                0x00005534                fflush
 .text.stdio_exit_handler
                0x000055a8       0x18 /usr/local/mcuxpressoide-11.9.0_2144/ide/plugins/com.nxp.mcuxpresso.tools.linux_11.9.0.202307121226/tools/bin/../lib/gcc/arm-none-eabi/12.3.1/../../../../arm-none-eabi/lib/thumb/v7e-m+fp/softfp/libc.a(libc_a-findfp.o)
 .text.cleanup_stdio
                0x000055c0       0x40 /usr/local/mcuxpressoide-11.9.0_2144/ide/plugins/com.nxp.mcuxpresso.tools.linux_11.9.0.202307121226/tools/bin/../lib/gcc/arm-none-eabi/12.3.1/../../../../arm-none-eabi/lib/thumb/v7e-m+fp/softfp/libc.a(libc_a-findfp.o)
 .text.global_stdio_init.part.0
                0x00005600       0xf0 /usr/local/mcuxpressoide-11.9.0_2144/ide/plugins/com.nxp.mcuxpresso.tools.linux_11.9.0.202307121226/tools/bin/../lib/gcc/arm-none-eabi/12.3.1/../../../../arm-none-eabi/lib/thumb/v7e-m+fp/softfp/libc.a(libc_a-findfp.o)
 .text.__sinit  0x000056f0       0x3c /usr/local/mcuxpressoide-11.9.0_2144/ide/plugins/com.nxp.mcuxpresso.tools.linux_11.9.0.202307121226/tools/bin/../lib/gcc/arm-none-eabi/12.3.1/../../../../arm-none-eabi/lib/thumb/v7e-m+fp/softfp/libc.a(libc_a-findfp.o)
                0x000056f0                __sinit
 .text.__sfp_lock_acquire
                0x0000572c        0xc /usr/local/mcuxpressoide-11.9.0_2144/ide/plugins/com.nxp.mcuxpresso.tools.linux_11.9.0.202307121226/tools/bin/../lib/gcc/arm-none-eabi/12.3.1/../../../../arm-none-eabi/lib/thumb/v7e-m+fp/softfp/libc.a(libc_a-findfp.o)
                0x0000572c                __sfp_lock_acquire
 .text.__sfp_lock_release
                0x00005738        0xc /usr/local/mcuxpressoide-11.9.0_2144/ide/plugins/com.nxp.mcuxpresso.tools.linux_11.9.0.202307121226/tools/bin/../lib/gcc/arm-none-eabi/12.3.1/../../../../arm-none-eabi/lib/thumb/v7e-m+fp/softfp/libc.a(libc_a-findfp.o)
                0x00005738                __sfp_lock_release
 .text._malloc_trim_r
                0x00005744       0xb8 /usr/local/mcuxpressoide-11.9.0_2144/ide/plugins/com.nxp.mcuxpresso.tools.linux_11.9.0.202307121226/tools/bin/../lib/gcc/arm-none-eabi/12.3.1/../../../../arm-none-eabi/lib/thumb/v7e-m+fp/softfp/libc.a(libc_a-freer.o)
                0x00005744                _malloc_trim_r
 .text._free_r  0x000057fc      0x1fc /usr/local/mcuxpressoide-11.9.0_2144/ide/plugins/com.nxp.mcuxpresso.tools.linux_11.9.0.202307121226/tools/bin/../lib/gcc/arm-none-eabi/12.3.1/../../../../arm-none-eabi/lib/thumb/v7e-m+fp/softfp/libc.a(libc_a-freer.o)
                0x000057fc                _free_r
 .text._fstat_r
                0x000059f8       0x2c /usr/local/mcuxpressoide-11.9.0_2144/ide/plugins/com.nxp.mcuxpresso.tools.linux_11.9.0.202307121226/tools/bin/../lib/gcc/arm-none-eabi/12.3.1/../../../../arm-none-eabi/lib/thumb/v7e-m+fp/softfp/libc.a(libc_a-fstatr.o)
                0x000059f8                _fstat_r
 .text._lseek_r
                0x00005a24       0x2c /usr/local/mcuxpressoide-11.9.0_2144/ide/plugins/com.nxp.mcuxpresso.tools.linux_11.9.0.202307121226/tools/bin/../lib/gcc/arm-none-eabi/12.3.1/../../../../arm-none-eabi/lib/thumb/v7e-m+fp/softfp/libc.a(libc_a-lseekr.o)
                0x00005a24                _lseek_r
 .text._read_r  0x00005a50       0x2c /usr/local/mcuxpressoide-11.9.0_2144/ide/plugins/com.nxp.mcuxpresso.tools.linux_11.9.0.202307121226/tools/bin/../lib/gcc/arm-none-eabi/12.3.1/../../../../arm-none-eabi/lib/thumb/v7e-m+fp/softfp/libc.a(libc_a-readr.o)
                0x00005a50                _read_r
 .text.fiprintf
                0x00005a7c       0x28 /usr/local/mcuxpressoide-11.9.0_2144/ide/plugins/com.nxp.mcuxpresso.tools.linux_11.9.0.202307121226/tools/bin/../lib/gcc/arm-none-eabi/12.3.1/../../../../arm-none-eabi/lib/thumb/v7e-m+fp/softfp/libc.a(libc_a-fiprintf.o)
                0x00005a7c                fiprintf
 .text._sbrk_r  0x00005aa4       0x24 /usr/local/mcuxpressoide-11.9.0_2144/ide/plugins/com.nxp.mcuxpresso.tools.linux_11.9.0.202307121226/tools/bin/../lib/gcc/arm-none-eabi/12.3.1/../../../../arm-none-eabi/lib/thumb/v7e-m+fp/softfp/libc.a(libc_a-sbrkr.o)
                0x00005aa4                _sbrk_r
 .text._fwalk_sglue
                0x00005ac8       0x48 /usr/local/mcuxpressoide-11.9.0_2144/ide/plugins/com.nxp.mcuxpresso.tools.linux_11.9.0.202307121226/tools/bin/../lib/gcc/arm-none-eabi/12.3.1/../../../../arm-none-eabi/lib/thumb/v7e-m+fp/softfp/libc.a(libc_a-fwalk.o)
                0x00005ac8                _fwalk_sglue
 .text.__sprint_r.part.0
                0x00005b10       0x78 /usr/local/mcuxpressoide-11.9.0_2144/ide/plugins/com.nxp.mcuxpresso.tools.linux_11.9.0.202307121226/tools/bin/../lib/gcc/arm-none-eabi/12.3.1/../../../../arm-none-eabi/lib/thumb/v7e-m+fp/softfp/libc.a(libc_a-vfiprintf.o)
 .text._vfiprintf_r
                0x00005b88      0xfa8 /usr/local/mcuxpressoide-11.9.0_2144/ide/plugins/com.nxp.mcuxpresso.tools.linux_11.9.0.202307121226/tools/bin/../lib/gcc/arm-none-eabi/12.3.1/../../../../arm-none-eabi/lib/thumb/v7e-m+fp/softfp/libc.a(libc_a-vfiprintf.o)
                0x00005b88                _vfiprintf_r
 .text.__sbprintf
                0x00006b30       0x80 /usr/local/mcuxpressoide-11.9.0_2144/ide/plugins/com.nxp.mcuxpresso.tools.linux_11.9.0.202307121226/tools/bin/../lib/gcc/arm-none-eabi/12.3.1/../../../../arm-none-eabi/lib/thumb/v7e-m+fp/softfp/libc.a(libc_a-vfiprintf.o)
 .text.__swbuf_r
                0x00006bb0       0xac /usr/local/mcuxpressoide-11.9.0_2144/ide/plugins/com.nxp.mcuxpresso.tools.linux_11.9.0.202307121226/tools/bin/../lib/gcc/arm-none-eabi/12.3.1/../../../../arm-none-eabi/lib/thumb/v7e-m+fp/softfp/libc.a(libc_a-wbuf.o)
                0x00006bb0                __swbuf_r
 .text.abort    0x00006c5c       0x10 /usr/local/mcuxpressoide-11.9.0_2144/ide/plugins/com.nxp.mcuxpresso.tools.linux_11.9.0.202307121226/tools/bin/../lib/gcc/arm-none-eabi/12.3.1/../../../../arm-none-eabi/lib/thumb/v7e-m+fp/softfp/libc.a(libc_a-abort.o)
                0x00006c5c                abort
 .text._wcrtomb_r
                0x00006c6c       0x4c /usr/local/mcuxpressoide-11.9.0_2144/ide/plugins/com.nxp.mcuxpresso.tools.linux_11.9.0.202307121226/tools/bin/../lib/gcc/arm-none-eabi/12.3.1/../../../../arm-none-eabi/lib/thumb/v7e-m+fp/softfp/libc.a(libc_a-wcrtomb.o)
                0x00006c6c                _wcrtomb_r
 .text.__locale_mb_cur_max
                0x00006cb8        0xc /usr/local/mcuxpressoide-11.9.0_2144/ide/plugins/com.nxp.mcuxpresso.tools.linux_11.9.0.202307121226/tools/bin/../lib/gcc/arm-none-eabi/12.3.1/../../../../arm-none-eabi/lib/thumb/v7e-m+fp/softfp/libc.a(libc_a-locale.o)
                0x00006cb8                __locale_mb_cur_max
 .text._localeconv_r
                0x00006cc4        0x8 /usr/local/mcuxpressoide-11.9.0_2144/ide/plugins/com.nxp.mcuxpresso.tools.linux_11.9.0.202307121226/tools/bin/../lib/gcc/arm-none-eabi/12.3.1/../../../../arm-none-eabi/lib/thumb/v7e-m+fp/softfp/libc.a(libc_a-localeconv.o)
                0x00006cc4                _localeconv_r
 .text._fclose_r
                0x00006ccc       0xc0 /usr/local/mcuxpressoide-11.9.0_2144/ide/plugins/com.nxp.mcuxpresso.tools.linux_11.9.0.202307121226/tools/bin/../lib/gcc/arm-none-eabi/12.3.1/../../../../arm-none-eabi/lib/thumb/v7e-m+fp/softfp/libc.a(libc_a-fclose.o)
                0x00006ccc                _fclose_r
 .text.__swsetup_r
                0x00006d8c       0xc0 /usr/local/mcuxpressoide-11.9.0_2144/ide/plugins/com.nxp.mcuxpresso.tools.linux_11.9.0.202307121226/tools/bin/../lib/gcc/arm-none-eabi/12.3.1/../../../../arm-none-eabi/lib/thumb/v7e-m+fp/softfp/libc.a(libc_a-wsetup.o)
                0x00006d8c                __swsetup_r
 .text.__smakebuf_r
                0x00006e4c       0xdc /usr/local/mcuxpressoide-11.9.0_2144/ide/plugins/com.nxp.mcuxpresso.tools.linux_11.9.0.202307121226/tools/bin/../lib/gcc/arm-none-eabi/12.3.1/../../../../arm-none-eabi/lib/thumb/v7e-m+fp/softfp/libc.a(libc_a-makebuf.o)
                0x00006e4c                __smakebuf_r
 .text._wcsrtombs_r
                0x00006f28       0x18 /usr/local/mcuxpressoide-11.9.0_2144/ide/plugins/com.nxp.mcuxpresso.tools.linux_11.9.0.202307121226/tools/bin/../lib/gcc/arm-none-eabi/12.3.1/../../../../arm-none-eabi/lib/thumb/v7e-m+fp/softfp/libc.a(libc_a-wcsrtombs.o)
                0x00006f28                _wcsrtombs_r
 .text.strncpy  0x00006f40       0x68 /usr/local/mcuxpressoide-11.9.0_2144/ide/plugins/com.nxp.mcuxpresso.tools.linux_11.9.0.202307121226/tools/bin/../lib/gcc/arm-none-eabi/12.3.1/../../../../arm-none-eabi/lib/thumb/v7e-m+fp/softfp/libc.a(libc_a-strncpy.o)
                0x00006f40                strncpy
 .text.raise    0x00006fa8       0x58 /usr/local/mcuxpressoide-11.9.0_2144/ide/plugins/com.nxp.mcuxpresso.tools.linux_11.9.0.202307121226/tools/bin/../lib/gcc/arm-none-eabi/12.3.1/../../../../arm-none-eabi/lib/thumb/v7e-m+fp/softfp/libc.a(libc_a-signal.o)
                0x00006fa8                raise
 .text._isatty_r
                0x00007000       0x24 /usr/local/mcuxpressoide-11.9.0_2144/ide/plugins/com.nxp.mcuxpresso.tools.linux_11.9.0.202307121226/tools/bin/../lib/gcc/arm-none-eabi/12.3.1/../../../../arm-none-eabi/lib/thumb/v7e-m+fp/softfp/libc.a(libc_a-isattyr.o)
                0x00007000                _isatty_r
 .text.__fputwc
                0x00007024       0x7c /usr/local/mcuxpressoide-11.9.0_2144/ide/plugins/com.nxp.mcuxpresso.tools.linux_11.9.0.202307121226/tools/bin/../lib/gcc/arm-none-eabi/12.3.1/../../../../arm-none-eabi/lib/thumb/v7e-m+fp/softfp/libc.a(libc_a-fputwc.o)
                0x00007024                __fputwc
 .text._fputwc_r
                0x000070a0       0x60 /usr/local/mcuxpressoide-11.9.0_2144/ide/plugins/com.nxp.mcuxpresso.tools.linux_11.9.0.202307121226/tools/bin/../lib/gcc/arm-none-eabi/12.3.1/../../../../arm-none-eabi/lib/thumb/v7e-m+fp/softfp/libc.a(libc_a-fputwc.o)
                0x000070a0                _fputwc_r
 .text.__ascii_wctomb
                0x00007100       0x1c /usr/local/mcuxpressoide-11.9.0_2144/ide/plugins/com.nxp.mcuxpresso.tools.linux_11.9.0.202307121226/tools/bin/../lib/gcc/arm-none-eabi/12.3.1/../../../../arm-none-eabi/lib/thumb/v7e-m+fp/softfp/libc.a(libc_a-wctomb_r.o)
                0x00007100                __ascii_wctomb
 .text._kill_r  0x0000711c       0x2c /usr/local/mcuxpressoide-11.9.0_2144/ide/plugins/com.nxp.mcuxpresso.tools.linux_11.9.0.202307121226/tools/bin/../lib/gcc/arm-none-eabi/12.3.1/../../../../arm-none-eabi/lib/thumb/v7e-m+fp/softfp/libc.a(libc_a-signalr.o)
                0x0000711c                _kill_r
 .text._getpid_r
                0x00007148        0x4 /usr/local/mcuxpressoide-11.9.0_2144/ide/plugins/com.nxp.mcuxpresso.tools.linux_11.9.0.202307121226/tools/bin/../lib/gcc/arm-none-eabi/12.3.1/../../../../arm-none-eabi/lib/thumb/v7e-m+fp/softfp/libc.a(libc_a-signalr.o)
                0x00007148                _getpid_r
 .text.__sfvwrite_r
                0x0000714c      0x300 /usr/local/mcuxpressoide-11.9.0_2144/ide/plugins/com.nxp.mcuxpresso.tools.linux_11.9.0.202307121226/tools/bin/../lib/gcc/arm-none-eabi/12.3.1/../../../../arm-none-eabi/lib/thumb/v7e-m+fp/softfp/libc.a(libc_a-fvwrite.o)
                0x0000714c                __sfvwrite_r
 .text.__ascii_mbtowc
                0x0000744c       0x2c /usr/local/mcuxpressoide-11.9.0_2144/ide/plugins/com.nxp.mcuxpresso.tools.linux_11.9.0.202307121226/tools/bin/../lib/gcc/arm-none-eabi/12.3.1/../../../../arm-none-eabi/lib/thumb/v7e-m+fp/softfp/libc.a(libc_a-mbtowc_r.o)
                0x0000744c                __ascii_mbtowc
 .text.memmove  0x00007478      0x100 /usr/local/mcuxpressoide-11.9.0_2144/ide/plugins/com.nxp.mcuxpresso.tools.linux_11.9.0.202307121226/tools/bin/../lib/gcc/arm-none-eabi/12.3.1/../../../../arm-none-eabi/lib/thumb/v7e-m+fp/softfp/libc.a(libc_a-memmove.o)
                0x00007478                memmove
 .text._wcsnrtombs_l
                0x00007578       0xfc /usr/local/mcuxpressoide-11.9.0_2144/ide/plugins/com.nxp.mcuxpresso.tools.linux_11.9.0.202307121226/tools/bin/../lib/gcc/arm-none-eabi/12.3.1/../../../../arm-none-eabi/lib/thumb/v7e-m+fp/softfp/libc.a(libc_a-wcsnrtombs.o)
                0x00007578                _wcsnrtombs_l
 .text._wcsnrtombs_r
                0x00007674       0x24 /usr/local/mcuxpressoide-11.9.0_2144/ide/plugins/com.nxp.mcuxpresso.tools.linux_11.9.0.202307121226/tools/bin/../lib/gcc/arm-none-eabi/12.3.1/../../../../arm-none-eabi/lib/thumb/v7e-m+fp/softfp/libc.a(libc_a-wcsnrtombs.o)
                0x00007674                _wcsnrtombs_r
 .text._realloc_r
                0x00007698      0x344 /usr/local/mcuxpressoide-11.9.0_2144/ide/plugins/com.nxp.mcuxpresso.tools.linux_11.9.0.202307121226/tools/bin/../lib/gcc/arm-none-eabi/12.3.1/../../../../arm-none-eabi/lib/thumb/v7e-m+fp/softfp/libc.a(libc_a-reallocr.o)
                0x00007698                _realloc_r
 *(.rodata)
 .rodata        0x000079dc       0x14 /home/fei/yat0008/Desktop/controller/lcd/mbed-os/lib/libmbed-os.a(pinmap.o)
 *(.rodata*)
 .rodata._ZL8font_lsb
                0x000079f0     0x2000 ./main-lcd.o
 .rodata._ZL8font_msb
                0x000099f0     0x2000 ./main-lcd.o
 .rodata._ZN4mbed3SPI4lockEv.str1.1
                0x0000b9f0       0x56 /home/fei/yat0008/Desktop/controller/lcd/mbed-os/lib/libmbed-os.a(SPI.o)
 .rodata._ZN4mbed3SPI6_allocEv.str1.1
                0x0000ba46       0x4a /home/fei/yat0008/Desktop/controller/lcd/mbed-os/lib/libmbed-os.a(SPI.o)
 .rodata._ZTVN4mbed3SPIE
                0x0000ba90       0x20 /home/fei/yat0008/Desktop/controller/lcd/mbed-os/lib/libmbed-os.a(SPI.o)
                0x0000ba90                vtable for mbed::SPI
 .rodata.us_data
                0x0000bab0        0x8 /home/fei/yat0008/Desktop/controller/lcd/mbed-os/lib/libmbed-os.a(mbed_us_ticker_api.o)
 .rodata.us_interface
                0x0000bab8       0x24 /home/fei/yat0008/Desktop/controller/lcd/mbed-os/lib/libmbed-os.a(mbed_us_ticker_api.o)
 .rodata.schedule_interrupt.str1.1
                0x0000badc       0x4b /home/fei/yat0008/Desktop/controller/lcd/mbed-os/lib/libmbed-os.a(mbed_ticker_api.o)
 .rodata.initialize.str1.1
                0x0000bb27       0x55 /home/fei/yat0008/Desktop/controller/lcd/mbed-os/lib/libmbed-os.a(mbed_ticker_api.o)
 .rodata.core_util_critical_section_enter.str1.1
                0x0000bb7c       0x5b /home/fei/yat0008/Desktop/controller/lcd/mbed-os/lib/libmbed-os.a(mbed_critical.o)
 .rodata.print_error_report.constprop.0.str1.1
                0x0000bbd7      0x18a /home/fei/yat0008/Desktop/controller/lcd/mbed-os/lib/libmbed-os.a(mbed_error.o)
 .rodata.mbed_error.str1.1
                0x0000bd61       0x7d /home/fei/yat0008/Desktop/controller/lcd/mbed-os/lib/libmbed-os.a(mbed_error.o)
 .rodata.__cxa_guard_acquire.str1.1
                0x0000bdde       0x4a /home/fei/yat0008/Desktop/controller/lcd/mbed-os/lib/libmbed-os.a(mbed_retarget.o)
 .rodata.__cxa_guard_release.str1.1
                0x0000be28       0x37 /home/fei/yat0008/Desktop/controller/lcd/mbed-os/lib/libmbed-os.a(mbed_retarget.o)
 .rodata._write.str1.1
                0x0000be5f        0x2 /home/fei/yat0008/Desktop/controller/lcd/mbed-os/lib/libmbed-os.a(mbed_retarget.o)
 *fill*         0x0000be61        0x3 
 .rodata._ZTV12DirectSerial
                0x0000be64       0x50 /home/fei/yat0008/Desktop/controller/lcd/mbed-os/lib/libmbed-os.a(mbed_retarget.o)
                0x0000be64                vtable for DirectSerial
 .rodata._ZZL15default_consolevE14console_pinmap
                0x0000beb4       0x18 /home/fei/yat0008/Desktop/controller/lcd/mbed-os/lib/libmbed-os.a(mbed_retarget.o)
 .rodata.info.1
                0x0000becc        0x8 /home/fei/yat0008/Desktop/controller/lcd/mbed-os/lib/libmbed-os.a(us_ticker.o)
 .rodata.spi_init_direct.str1.1
                0x0000bed4       0x71 /home/fei/yat0008/Desktop/controller/lcd/mbed-os/lib/libmbed-os.a(spi_api.o)
 .rodata.spi_format.str1.1
                0x0000bf45       0x18 /home/fei/yat0008/Desktop/controller/lcd/mbed-os/lib/libmbed-os.a(spi_api.o)
 .rodata.spi_clocks
                0x0000bf5d        0x3 /home/fei/yat0008/Desktop/controller/lcd/mbed-os/lib/libmbed-os.a(spi_api.o)
 .rodata.spi_address
                0x0000bf60        0xc /home/fei/yat0008/Desktop/controller/lcd/mbed-os/lib/libmbed-os.a(spi_api.o)
 .rodata.serial_init_direct.str1.1
                0x0000bf6c       0x74 /home/fei/yat0008/Desktop/controller/lcd/mbed-os/lib/libmbed-os.a(serial_api.o)
 .rodata.uart_clocks
                0x0000bfe0        0x6 /home/fei/yat0008/Desktop/controller/lcd/mbed-os/lib/libmbed-os.a(serial_api.o)
 *fill*         0x0000bfe6        0x2 
 .rodata.uart_addrs
                0x0000bfe8       0x18 /home/fei/yat0008/Desktop/controller/lcd/mbed-os/lib/libmbed-os.a(serial_api.o)
 .rodata.gpio_set.str1.1
                0x0000c000       0x49 /home/fei/yat0008/Desktop/controller/lcd/mbed-os/lib/libmbed-os.a(gpio_api.o)
                                 0x5c (size before relaxing)
 .rodata.gpio_dir.str1.1
                0x0000c049       0x18 /home/fei/yat0008/Desktop/controller/lcd/mbed-os/lib/libmbed-os.a(gpio_api.o)
 *fill*         0x0000c061        0x3 
 .rodata.gpio_addrs
                0x0000c064       0x14 /home/fei/yat0008/Desktop/controller/lcd/mbed-os/lib/libmbed-os.a(gpio_api.o)
 .rodata.pin_function.str1.1
                0x0000c078       0x47 /home/fei/yat0008/Desktop/controller/lcd/mbed-os/lib/libmbed-os.a(pinmap.o)
                                 0x5a (size before relaxing)
 *fill*         0x0000c0bf        0x1 
 .rodata.port_addrs
                0x0000c0c0       0x14 /home/fei/yat0008/Desktop/controller/lcd/mbed-os/lib/libmbed-os.a(pinmap.o)
 .rodata.hal_critical_section_exit.str1.1
                0x0000c0d4       0x4b /home/fei/yat0008/Desktop/controller/lcd/mbed-os/lib/libmbed-os.a(mbed_critical_section_api.o)
 .rodata.pinmap_merge.str1.1
                0x0000c11f       0x11 /home/fei/yat0008/Desktop/controller/lcd/mbed-os/lib/libmbed-os.a(mbed_pinmap_common.o)
 .rodata.pinmap_peripheral.str1.1
                0x0000c130       0x20 /home/fei/yat0008/Desktop/controller/lcd/mbed-os/lib/libmbed-os.a(mbed_pinmap_common.o)
 .rodata.mbed_error_vprintf.str1.1
                0x0000c150        0x5 /home/fei/yat0008/Desktop/controller/lcd/mbed-os/lib/libmbed-os.a(mbed_board.o)
 *fill*         0x0000c155        0x3 
 .rodata.PinMap_SPI_SSEL
                0x0000c158       0x60 /home/fei/yat0008/Desktop/controller/lcd/mbed-os/lib/libmbed-os.a(PeripheralPins.o)
                0x0000c158                PinMap_SPI_SSEL
 .rodata.PinMap_SPI_MISO
                0x0000c1b8       0x6c /home/fei/yat0008/Desktop/controller/lcd/mbed-os/lib/libmbed-os.a(PeripheralPins.o)
                0x0000c1b8                PinMap_SPI_MISO
 .rodata.PinMap_SPI_MOSI
                0x0000c224       0x6c /home/fei/yat0008/Desktop/controller/lcd/mbed-os/lib/libmbed-os.a(PeripheralPins.o)
                0x0000c224                PinMap_SPI_MOSI
 .rodata.PinMap_SPI_SCLK
                0x0000c290       0x60 /home/fei/yat0008/Desktop/controller/lcd/mbed-os/lib/libmbed-os.a(PeripheralPins.o)
                0x0000c290                PinMap_SPI_SCLK
 .rodata.CLOCK_GetMcgExtClkFreq.str1.1
                0x0000c2f0       0x77 /home/fei/yat0008/Desktop/controller/lcd/mbed-os/lib/libmbed-os.a(fsl_clock.o)
 .rodata.CLOCK_GetPll0Freq.str1.1
                0x0000c367        0xb /home/fei/yat0008/Desktop/controller/lcd/mbed-os/lib/libmbed-os.a(fsl_clock.o)
 .rodata.__func__.4
                0x0000c372       0x12 /home/fei/yat0008/Desktop/controller/lcd/mbed-os/lib/libmbed-os.a(fsl_clock.o)
 .rodata.fllFactorTable.5
                0x0000c384       0x10 /home/fei/yat0008/Desktop/controller/lcd/mbed-os/lib/libmbed-os.a(fsl_clock.o)
 .rodata.__func__.6
                0x0000c394       0x17 /home/fei/yat0008/Desktop/controller/lcd/mbed-os/lib/libmbed-os.a(fsl_clock.o)
 .rodata.__func__.7
                0x0000c3ab       0x16 /home/fei/yat0008/Desktop/controller/lcd/mbed-os/lib/libmbed-os.a(fsl_clock.o)
 .rodata.__func__.8
                0x0000c3c1       0x17 /home/fei/yat0008/Desktop/controller/lcd/mbed-os/lib/libmbed-os.a(fsl_clock.o)
 .rodata.EDMA_GetInstance.str1.1
                0x0000c3d8       0x83 /home/fei/yat0008/Desktop/controller/lcd/mbed-os/lib/libmbed-os.a(fsl_edma.o)
 .rodata.EDMA_CreateHandle.str1.1
                0x0000c45b        0xf /home/fei/yat0008/Desktop/controller/lcd/mbed-os/lib/libmbed-os.a(fsl_edma.o)
 .rodata.__func__.0
                0x0000c46a        0xf /home/fei/yat0008/Desktop/controller/lcd/mbed-os/lib/libmbed-os.a(fsl_edma.o)
 .rodata.DSPI_GetInstance.str1.1
                0x0000c479       0x80 /home/fei/yat0008/Desktop/controller/lcd/mbed-os/lib/libmbed-os.a(fsl_dspi.o)
 .rodata.DSPI_MasterGetDefaultConfig.str1.1
                0x0000c4f9       0x15 /home/fei/yat0008/Desktop/controller/lcd/mbed-os/lib/libmbed-os.a(fsl_dspi.o)
 .rodata.DSPI_SlaveInit.str1.1
                0x0000c50e       0x14 /home/fei/yat0008/Desktop/controller/lcd/mbed-os/lib/libmbed-os.a(fsl_dspi.o)
 .rodata.DSPI_MasterSetDelayScaler.str1.1
                0x0000c522        0x6 /home/fei/yat0008/Desktop/controller/lcd/mbed-os/lib/libmbed-os.a(fsl_dspi.o)
 .rodata.DSPI_GetDefaultDataCommandConfig.str1.1
                0x0000c528       0x10 /home/fei/yat0008/Desktop/controller/lcd/mbed-os/lib/libmbed-os.a(fsl_dspi.o)
 .rodata.DSPI_MasterTransferBlocking.str1.1
                0x0000c538       0x11 /home/fei/yat0008/Desktop/controller/lcd/mbed-os/lib/libmbed-os.a(fsl_dspi.o)
 .rodata.SPI0_DriverIRQHandler.str1.1