Archive member included to satisfy reference by file (symbol)

/home/fei/yat0008/Desktop/controller/lcd/mbed-os/lib/libmbed-os.a(SPI.o)
                              ./lcd_lib.o (mbed::SPI::~SPI())
/home/fei/yat0008/Desktop/controller/lcd/mbed-os/lib/libmbed-os.a(mbed_compat.o)
                              ./main-lcd.o (gpio_free)
/home/fei/yat0008/Desktop/controller/lcd/mbed-os/lib/libmbed-os.a(mbed_gpio.o)
                              ./main-lcd.o (gpio_init_in)
/home/fei/yat0008/Desktop/controller/lcd/mbed-os/lib/libmbed-os.a(mbed_us_ticker_api.o)
                              ./lcd_lib.o (_us_ticker_initialized)
/home/fei/yat0008/Desktop/controller/lcd/mbed-os/lib/libmbed-os.a(mbed_ticker_api.o)
                              /home/fei/yat0008/Desktop/controller/lcd/mbed-os/lib/libmbed-os.a(mbed_us_ticker_api.o) (ticker_irq_handler)
/home/fei/yat0008/Desktop/controller/lcd/mbed-os/lib/libmbed-os.a(static_pinmap.o)
                              /home/fei/yat0008/Desktop/controller/lcd/mbed-os/lib/libmbed-os.a(SPI.o) (spi_init_direct)
/home/fei/yat0008/Desktop/controller/lcd/mbed-os/lib/libmbed-os.a(CThunkBase.o)
                              /home/fei/yat0008/Desktop/controller/lcd/mbed-os/lib/libmbed-os.a(SPI.o) (CThunkBase::cthunk_alloc(CThunkBase*))
/home/fei/yat0008/Desktop/controller/lcd/mbed-os/lib/libmbed-os.a(mbed_assert.o)
                              /home/fei/yat0008/Desktop/controller/lcd/mbed-os/lib/libmbed-os.a(SPI.o) (mbed_assert_internal)
/home/fei/yat0008/Desktop/controller/lcd/mbed-os/lib/libmbed-os.a(mbed_critical.o)
                              /home/fei/yat0008/Desktop/controller/lcd/mbed-os/lib/libmbed-os.a(SPI.o) (core_util_critical_section_enter)
/home/fei/yat0008/Desktop/controller/lcd/mbed-os/lib/libmbed-os.a(mbed_error.o)
                              /home/fei/yat0008/Desktop/controller/lcd/mbed-os/lib/libmbed-os.a(mbed_ticker_api.o) (mbed_error)
/home/fei/yat0008/Desktop/controller/lcd/mbed-os/lib/libmbed-os.a(mbed_power_mgmt.o)
                              /home/fei/yat0008/Desktop/controller/lcd/mbed-os/lib/libmbed-os.a(SPI.o) (sleep_manager_lock_deep_sleep_internal)
/home/fei/yat0008/Desktop/controller/lcd/mbed-os/lib/libmbed-os.a(mbed_sdk_boot.o)
                              /usr/local/mcuxpressoide-11.9.0_2144/ide/plugins/com.nxp.mcuxpresso.tools.linux_11.9.0.202307121226/tools/bin/../lib/gcc/arm-none-eabi/12.3.1/../../../../arm-none-eabi/lib/thumb/v7e-m+fp/softfp/crt0.o (__wrap_main)
/home/fei/yat0008/Desktop/controller/lcd/mbed-os/lib/libmbed-os.a(mbed_wait_api_no_rtos.o)
                              ./lcd_lib.o (_wait_us_ticks)
/home/fei/yat0008/Desktop/controller/lcd/mbed-os/lib/libmbed-os.a(mbed_retarget.o)
                              /usr/local/mcuxpressoide-11.9.0_2144/ide/plugins/com.nxp.mcuxpresso.tools.linux_11.9.0.202307121226/tools/bin/../lib/gcc/arm-none-eabi/12.3.1/../../../../arm-none-eabi/lib/thumb/v7e-m+fp/softfp/crt0.o (__wrap_exit)
/home/fei/yat0008/Desktop/controller/lcd/mbed-os/lib/libmbed-os.a(startup_MK64F12.o)
                              (Reset_Handler)
/home/fei/yat0008/Desktop/controller/lcd/mbed-os/lib/libmbed-os.a(system_MK64F12.o)
                              /home/fei/yat0008/Desktop/controller/lcd/mbed-os/lib/libmbed-os.a(startup_MK64F12.o) (SystemInit)
/home/fei/yat0008/Desktop/controller/lcd/mbed-os/lib/libmbed-os.a(pwmout_api.o)
                              /home/fei/yat0008/Desktop/controller/lcd/mbed-os/lib/libmbed-os.a(static_pinmap.o) (pwmout_init)
/home/fei/yat0008/Desktop/controller/lcd/mbed-os/lib/libmbed-os.a(us_ticker.o)
                              /home/fei/yat0008/Desktop/controller/lcd/mbed-os/lib/libmbed-os.a(mbed_us_ticker_api.o) (us_ticker_init)
/home/fei/yat0008/Desktop/controller/lcd/mbed-os/lib/libmbed-os.a(spi_api.o)
                              /home/fei/yat0008/Desktop/controller/lcd/mbed-os/lib/libmbed-os.a(SPI.o) (spi_get_peripheral_name)
/home/fei/yat0008/Desktop/controller/lcd/mbed-os/lib/libmbed-os.a(serial_api.o)
                              /home/fei/yat0008/Desktop/controller/lcd/mbed-os/lib/libmbed-os.a(mbed_retarget.o) (stdio_uart_inited)
/home/fei/yat0008/Desktop/controller/lcd/mbed-os/lib/libmbed-os.a(analogin_api.o)
                              /home/fei/yat0008/Desktop/controller/lcd/mbed-os/lib/libmbed-os.a(static_pinmap.o) (analogin_init)
/home/fei/yat0008/Desktop/controller/lcd/mbed-os/lib/libmbed-os.a(analogout_api.o)
                              /home/fei/yat0008/Desktop/controller/lcd/mbed-os/lib/libmbed-os.a(static_pinmap.o) (analogout_init)
/home/fei/yat0008/Desktop/controller/lcd/mbed-os/lib/libmbed-os.a(dma_api.o)
                              /home/fei/yat0008/Desktop/controller/lcd/mbed-os/lib/libmbed-os.a(spi_api.o) (dma_init)
/home/fei/yat0008/Desktop/controller/lcd/mbed-os/lib/libmbed-os.a(gpio_api.o)
                              /home/fei/yat0008/Desktop/controller/lcd/mbed-os/lib/libmbed-os.a(mbed_gpio.o) (gpio_init)
[...]
Memory Configuration

Name             Origin             Length             Attributes
m_interrupts     0x00000000         0x00000400         xr
m_flash_config   0x00000400         0x00000010         xr
m_text           0x00000410         0x000ffbf0         xr
m_data           0x1fff0000         0x00010000         rw
m_data_2         0x20000000         0x00030000         rw
*default*        0x00000000         0xffffffff

Linker script and memory map

LOAD /usr/local/mcuxpressoide-11.9.0_2144/ide/plugins/com.nxp.mcuxpresso.tools.linux_11.9.0.202307121226/tools/bin/../lib/gcc/arm-none-eabi/12.3.1/thumb/v7e-m+fp/softfp/crti.o
LOAD /usr/local/mcuxpressoide-11.9.0_2144/ide/plugins/com.nxp.mcuxpresso.tools.linux_11.9.0.202307121226/tools/bin/../lib/gcc/arm-none-eabi/12.3.1/thumb/v7e-m+fp/softfp/crtbegin.o
LOAD /usr/local/mcuxpressoide-11.9.0_2144/ide/plugins/com.nxp.mcuxpresso.tools.linux_11.9.0.202307121226/tools/bin/../lib/gcc/arm-none-eabi/12.3.1/../../../../arm-none-eabi/lib/thumb/v7e-m+fp/softfp/crt0.o
LOAD ./mbed-os/symbols.o
LOAD ./font8x8.o
LOAD ./lcd_lib.o
LOAD ./main-lcd.o
START GROUP
LOAD /usr/local/mcuxpressoide-11.9.0_2144/ide/plugins/com.nxp.mcuxpresso.tools.linux_11.9.0.202307121226/tools/bin/../lib/gcc/arm-none-eabi/12.3.1/../../../../arm-none-eabi/lib/thumb/v7e-m+fp/softfp/libstdc++.a
LOAD /usr/local/mcuxpressoide-11.9.0_2144/ide/plugins/com.nxp.mcuxpresso.tools.linux_11.9.0.202307121226/tools/bin/../lib/gcc/arm-none-eabi/12.3.1/../../../../arm-none-eabi/lib/thumb/v7e-m+fp/softfp/libsupc++.a
LOAD /usr/local/mcuxpressoide-11.9.0_2144/ide/plugins/com.nxp.mcuxpresso.tools.linux_11.9.0.202307121226/tools/bin/../lib/gcc/arm-none-eabi/12.3.1/thumb/v7e-m+fp/softfp/libgcc.a
LOAD /usr/local/mcuxpressoide-11.9.0_2144/ide/plugins/com.nxp.mcuxpresso.tools.linux_11.9.0.202307121226/tools/bin/../lib/gcc/arm-none-eabi/12.3.1/../../../../arm-none-eabi/lib/thumb/v7e-m+fp/softfp/libnosys.a
LOAD /home/fei/yat0008/Desktop/controller/lcd/mbed-os/lib/libmbed-os.a
END GROUP
LOAD /home/fei/yat0008/Desktop/controller/lcd/mbed-os/lib/libmbed-os.a
LOAD /usr/local/mcuxpressoide-11.9.0_2144/ide/plugins/com.nxp.mcuxpresso.tools.linux_11.9.0.202307121226/tools/bin/../lib/gcc/arm-none-eabi/12.3.1/../../../../arm-none-eabi/lib/thumb/v7e-m+fp/softfp/libstdc++.a
LOAD /usr/local/mcuxpressoide-11.9.0_2144/ide/plugins/com.nxp.mcuxpresso.tools.linux_11.9.0.202307121226/tools/bin/../lib/gcc/arm-none-eabi/12.3.1/../../../../arm-none-eabi/lib/thumb/v7e-m+fp/softfp/libsupc++.a
LOAD /usr/local/mcuxpressoide-11.9.0_2144/ide/plugins/com.nxp.mcuxpresso.tools.linux_11.9.0.202307121226/tools/bin/../lib/gcc/arm-none-eabi/12.3.1/../../../../arm-none-eabi/lib/thumb/v7e-m+fp/softfp/libm.a
LOAD /usr/local/mcuxpressoide-11.9.0_2144/ide/plugins/com.nxp.mcuxpresso.tools.linux_11.9.0.202307121226/tools/bin/../lib/gcc/arm-none-eabi/12.3.1/../../../../arm-none-eabi/lib/thumb/v7e-m+fp/softfp/libc.a
LOAD /usr/local/mcuxpressoide-11.9.0_2144/ide/plugins/com.nxp.mcuxpresso.tools.linux_11.9.0.202307121226/tools/bin/../lib/gcc/arm-none-eabi/12.3.1/thumb/v7e-m+fp/softfp/libgcc.a
LOAD /usr/local/mcuxpressoide-11.9.0_2144/ide/plugins/com.nxp.mcuxpresso.tools.linux_11.9.0.202307121226/tools/bin/../lib/gcc/arm-none-eabi/12.3.1/../../../../arm-none-eabi/lib/thumb/v7e-m+fp/softfp/libnosys.a
LOAD /usr/local/mcuxpressoide-11.9.0_2144/ide/plugins/com.nxp.mcuxpresso.tools.linux_11.9.0.202307121226/tools/bin/../lib/gcc/arm-none-eabi/12.3.1/../../../../arm-none-eabi/lib/thumb/v7e-m+fp/softfp/libstdc++.a
LOAD /usr/local/mcuxpressoide-11.9.0_2144/ide/plugins/com.nxp.mcuxpresso.tools.linux_11.9.0.202307121226/tools/bin/../lib/gcc/arm-none-eabi/12.3.1/../../../../arm-none-eabi/lib/thumb/v7e-m+fp/softfp/libm.a
LOAD /usr/local/mcuxpressoide-11.9.0_2144/ide/plugins/com.nxp.mcuxpresso.tools.linux_11.9.0.202307121226/tools/bin/../lib/gcc/arm-none-eabi/12.3.1/../../../../arm-none-eabi/lib/thumb/v7e-m+fp/softfp/libc.a
START GROUP
LOAD /usr/local/mcuxpressoide-11.9.0_2144/ide/plugins/com.nxp.mcuxpresso.tools.linux_11.9.0.202307121226/tools/bin/../lib/gcc/arm-none-eabi/12.3.1/thumb/v7e-m+fp/softfp/libgcc.a
LOAD /usr/local/mcuxpressoide-11.9.0_2144/ide/plugins/com.nxp.mcuxpresso.tools.linux_11.9.0.202307121226/tools/bin/../lib/gcc/arm-none-eabi/12.3.1/../../../../arm-none-eabi/lib/thumb/v7e-m+fp/softfp/libc.a
END GROUP
LOAD /usr/local/mcuxpressoide-11.9.0_2144/ide/plugins/com.nxp.mcuxpresso.tools.linux_11.9.0.202307121226/tools/bin/../lib/gcc/arm-none-eabi/12.3.1/thumb/v7e-m+fp/softfp/crtend.o
LOAD /usr/local/mcuxpressoide-11.9.0_2144/ide/plugins/com.nxp.mcuxpresso.tools.linux_11.9.0.202307121226/tools/bin/../lib/gcc/arm-none-eabi/12.3.1/thumb/v7e-m+fp/softfp/crtn.o
                0x00000001                        __ram_vector_table__ = 0x1
                0x00000400                        __stack_size__ = 0x400
                0x00000400                        STACK_SIZE = DEFINED (__stack_size__)?__stack_size__:0x400
                0x00000400                        M_VECTOR_RAM_SIZE = DEFINED (__ram_vector_table__)?0x400:0x0
                0x00000100                        M_CRASH_DATA_RAM_SIZE = 0x100

.interrupts     0x00000000      0x400
                0x00000000                        __VECTOR_TABLE = .
                0x00000000                        . = ALIGN (0x8)
 *(.isr_vector)
 .isr_vector    0x00000000      0x400 /home/fei/yat0008/Desktop/controller/lcd/mbed-os/lib/libmbed-os.a(startup_MK64F12.o)
                0x00000000                __isr_vector
                0x00000400                        . = ALIGN (0x8)

.flash_config   0x00000400       0x10
                0x00000400                        . = ALIGN (0x8)
 *(.FlashConfig)
 .FlashConfig   0x00000400       0x10 /home/fei/yat0008/Desktop/controller/lcd/mbed-os/lib/libmbed-os.a(startup_MK64F12.o)
                0x00000410                        . = ALIGN (0x8)

.text           0x00000440     0xa830
                0x00000440                        . = ALIGN (0x8)
 *(.text)
 .text          0x00000440       0x7c /usr/local/mcuxpressoide-11.9.0_2144/ide/plugins/com.nxp.mcuxpresso.tools.linux_11.9.0.202307121226/tools/bin/../lib/gcc/arm-none-eabi/12.3.1/../../../../arm-none-eabi/lib/thumb/v7e-m+fp/softfp/crt0.o
                0x00000440                _stack_init
                0x00000448                _mainCRTStartup
                0x00000448                _start
 .text          0x000004bc      0x1e4 /home/fei/yat0008/Desktop/controller/lcd/mbed-os/lib/libmbed-os.a(startup_MK64F12.o)
                0x000004bc                Reset_Handler
                0x00000500                DebugMon_Handler
                0x00000500                DMA_Error_DriverIRQHandler
                0x00000500                SDHC_DriverIRQHandler
                0x00000500                PIT0_IRQHandler
                0x00000500                CMP2_IRQHandler
                0x00000500                LLWU_IRQHandler
                0x00000500                I2S0_Tx_DriverIRQHandler
                0x00000500                ENET_1588_Timer_DriverIRQHandler
                0x00000500                SWI_IRQHandler
                0x00000500                ADC0_IRQHandler
                0x00000500                UsageFault_Handler
                0x00000500                CMT_IRQHandler
                0x00000500                DefaultISR
                0x00000500                UART5_ERR_DriverIRQHandler
                0x00000500                CMP1_IRQHandler
                0x00000500                Reserved71_IRQHandler
                0x00000500                PORTD_IRQHandler
                0x00000500                PORTB_IRQHandler
                0x00000500                UART2_ERR_DriverIRQHandler
                0x00000500                ADC1_IRQHandler
                0x00000500                PIT2_IRQHandler
                0x00000500                RTC_IRQHandler
                0x00000500                UART3_ERR_DriverIRQHandler
                0x00000500                PDB0_IRQHandler
                0x00000500                FTM1_IRQHandler
                0x00000500                PIT3_IRQHandler
                0x00000500                RTC_Seconds_IRQHandler
                0x00000500                MCG_IRQHandler
                0x00000500                FTFE_IRQHandler
                0x00000500                UART0_ERR_DriverIRQHandler
                0x00000500                Read_Collision_IRQHandler
                0x00000500                USBDCD_IRQHandler
                0x00000500                I2S0_Rx_DriverIRQHandler
                0x00000500                USB0_IRQHandler
                0x00000500                UART4_ERR_DriverIRQHandler
                0x00000500                WDOG_EWM_IRQHandler
                0x00000500                MemManage_Handler
                0x00000500                UART0_LON_DriverIRQHandler
                0x00000500                RNG_IRQHandler
                0x00000500                ENET_Receive_DriverIRQHandler
                0x00000500                DAC0_IRQHandler
                0x00000500                ENET_Error_DriverIRQHandler
                0x00000500                PIT1_IRQHandler
                0x00000500                LVD_LVW_IRQHandler
                0x00000500                FTM0_IRQHandler
                0x00000500                PORTA_IRQHandler
                0x00000500                DAC1_IRQHandler
                0x00000500                MCM_IRQHandler
                0x00000500                CAN0_DriverIRQHandler
                0x00000500                FTM3_IRQHandler
                0x00000500                PORTE_IRQHandler
                0x00000500                FTM2_IRQHandler
                0x00000500                LPTMR0_IRQHandler
                0x00000500                BusFault_Handler
                0x00000500                UART1_ERR_DriverIRQHandler
                0x00000500                ENET_Transmit_DriverIRQHandler
                0x00000500                CMP0_IRQHandler
                0x00000500                PORTC_IRQHandler
                0x00000504                NMI_Handler
                0x00000508                HardFault_Handler
                0x0000050c                SVC_Handler
                0x00000510                PendSV_Handler
                0x00000514                SysTick_Handler
                0x00000518                DMA0_IRQHandler
                0x0000051c                DMA1_IRQHandler
                0x00000520                DMA2_IRQHandler
                0x00000524                DMA3_IRQHandler
                0x00000528                DMA4_IRQHandler
                0x0000052c                DMA5_IRQHandler
                0x00000530                DMA6_IRQHandler
                0x00000534                DMA7_IRQHandler
                0x00000538                DMA8_IRQHandler
                0x0000053c                DMA9_IRQHandler
                0x00000540                DMA10_IRQHandler
                0x00000544                DMA11_IRQHandler
                0x00000548                DMA12_IRQHandler
                0x0000054c                DMA13_IRQHandler
                0x00000550                DMA14_IRQHandler
                0x00000554                DMA15_IRQHandler
                0x00000558                DMA_Error_IRQHandler
                0x0000055c                I2C0_IRQHandler
                0x00000560                I2C1_IRQHandler
                0x00000564                SPI0_IRQHandler
                0x00000568                SPI1_IRQHandler
                0x0000056c                I2S0_Tx_IRQHandler
                0x00000570                I2S0_Rx_IRQHandler
                0x00000574                UART0_LON_IRQHandler
                0x00000578                UART0_RX_TX_IRQHandler
                0x0000057c                UART0_ERR_IRQHandler
                0x00000580                UART1_RX_TX_IRQHandler
                0x00000584                UART1_ERR_IRQHandler
                0x00000588                UART2_RX_TX_IRQHandler
                0x0000058c                UART2_ERR_IRQHandler
                0x00000590                UART3_RX_TX_IRQHandler
                0x00000594                UART3_ERR_IRQHandler
                0x00000598                SPI2_IRQHandler
                0x0000059c                UART4_RX_TX_IRQHandler
                0x000005a0                UART4_ERR_IRQHandler
                0x000005a4                UART5_RX_TX_IRQHandler
                0x000005a8                UART5_ERR_IRQHandler
                0x000005ac                I2C2_IRQHandler
                0x000005b0                CAN0_ORed_Message_buffer_IRQHandler
                0x000005b4                CAN0_Bus_Off_IRQHandler
                0x000005b8                CAN0_Error_IRQHandler
                0x000005bc                CAN0_Tx_Warning_IRQHandler
                0x000005c0                CAN0_Rx_Warning_IRQHandler
                0x000005c4                CAN0_Wake_Up_IRQHandler
                0x000005c8                SDHC_IRQHandler
                0x000005cc                ENET_1588_Timer_IRQHandler
                0x000005d0                ENET_Transmit_IRQHandler
                0x000005d4                ENET_Receive_IRQHandler
                0x000005d8                ENET_Error_IRQHandler
 .text          0x000006a0       0x30 /usr/local/mcuxpressoide-11.9.0_2144/ide/plugins/com.nxp.mcuxpresso.tools.linux_11.9.0.202307121226/tools/bin/../lib/gcc/arm-none-eabi/12.3.1/thumb/v7e-m+fp/softfp/libgcc.a(_aeabi_uldivmod.o)
                0x000006a0                __aeabi_uldivmod
 .text          0x000006d0        0x4 /usr/local/mcuxpressoide-11.9.0_2144/ide/plugins/com.nxp.mcuxpresso.tools.linux_11.9.0.202307121226/tools/bin/../lib/gcc/arm-none-eabi/12.3.1/thumb/v7e-m+fp/softfp/libgcc.a(_dvmd_tls.o)
                0x000006d0                __aeabi_ldiv0
                0x000006d0                __aeabi_idiv0
 .text          0x000006d4      0x134 /usr/local/mcuxpressoide-11.9.0_2144/ide/plugins/com.nxp.mcuxpresso.tools.linux_11.9.0.202307121226/tools/bin/../lib/gcc/arm-none-eabi/12.3.1/../../../../arm-none-eabi/lib/thumb/v7e-m+fp/softfp/libc.a(libc_a-memcpy.o)
                0x000006d4                memcpy
 *fill*         0x00000808       0x38 
 .text          0x00000840       0xd8 /usr/local/mcuxpressoide-11.9.0_2144/ide/plugins/com.nxp.mcuxpresso.tools.linux_11.9.0.202307121226/tools/bin/../lib/gcc/arm-none-eabi/12.3.1/../../../../arm-none-eabi/lib/thumb/v7e-m+fp/softfp/libc.a(libc_a-strlen.o)
                0x00000840                strlen
 *fill*         0x00000918        0x8 
 .text          0x00000920       0xa0 /usr/local/mcuxpressoide-11.9.0_2144/ide/plugins/com.nxp.mcuxpresso.tools.linux_11.9.0.202307121226/tools/bin/../lib/gcc/arm-none-eabi/12.3.1/../../../../arm-none-eabi/lib/thumb/v7e-m+fp/softfp/libc.a(libc_a-memchr.o)
                0x00000920                memchr
 *(.text*)
 .text.deregister_tm_clones
                0x000009c0       0x1c /usr/local/mcuxpressoide-11.9.0_2144/ide/plugins/com.nxp.mcuxpresso.tools.linux_11.9.0.202307121226/tools/bin/../lib/gcc/arm-none-eabi/12.3.1/thumb/v7e-m+fp/softfp/crtbegin.o
 .text.register_tm_clones
                0x000009dc       0x24 /usr/local/mcuxpressoide-11.9.0_2144/ide/plugins/com.nxp.mcuxpresso.tools.linux_11.9.0.202307121226/tools/bin/../lib/gcc/arm-none-eabi/12.3.1/thumb/v7e-m+fp/softfp/crtbegin.o
 .text.__do_global_dtors_aux
                0x00000a00       0x28 /usr/local/mcuxpressoide-11.9.0_2144/ide/plugins/com.nxp.mcuxpresso.tools.linux_11.9.0.202307121226/tools/bin/../lib/gcc/arm-none-eabi/12.3.1/thumb/v7e-m+fp/softfp/crtbegin.o
 .text.frame_dummy
                0x00000a28       0x24 /usr/local/mcuxpressoide-11.9.0_2144/ide/plugins/com.nxp.mcuxpresso.tools.linux_11.9.0.202307121226/tools/bin/../lib/gcc/arm-none-eabi/12.3.1/thumb/v7e-m+fp/softfp/crtbegin.o
 .text._getpid  0x00000a4c        0xc ./mbed-os/symbols.o
                0x00000a4c                _getpid
 .text._kill    0x00000a58        0xc ./mbed-os/symbols.o
                0x00000a58                _kill
 .text.__aeabi_atexit
                0x00000a64        0xc ./mbed-os/symbols.o
                0x00000a64                __aeabi_atexit
 .text._ZN4mbed10DigitalOutC2E7PinNamei
                0x00000a70       0x26 ./lcd_lib.o
                0x00000a70                mbed::DigitalOut::DigitalOut(PinName, int)
                0x00000a70                mbed::DigitalOut::DigitalOut(PinName, int)
 .text._ZN4mbed10DigitalOut5writeEi
                0x00000a96       0x1a ./lcd_lib.o
                0x00000a96                mbed::DigitalOut::write(int)
 .text._ZN4mbed10DigitalOutaSEi
                0x00000ab0       0x1a ./lcd_lib.o
                0x00000ab0                mbed::DigitalOut::operator=(int)
 *fill*         0x00000aca        0x2 
 .text._Z17lcd_write_commandh
                0x00000acc       0x44 ./lcd_lib.o
                0x00000acc                lcd_write_command(unsigned char)
 .text._Z14lcd_write_datah
                0x00000b10       0x44 ./lcd_lib.o
                0x00000b10                lcd_write_data(unsigned char)
 .text._Z17lcd_write_data_16t
                0x00000b54       0x60 ./lcd_lib.o
                0x00000b54                lcd_write_data_16(unsigned short)
 .text._Z18lcd_write_data_bufPhm
                0x00000bb4       0x48 ./lcd_lib.o
                0x00000bb4                lcd_write_data_buf(unsigned char*, unsigned long)
 .text._Z13lcd_put_pixelllt
                0x00000bfc       0x5a ./lcd_lib.o
                0x00000bfc                lcd_put_pixel(long, long, unsigned short)
 *fill*         0x00000c56        0x2 
 .text._Z9lcd_resetv
                0x00000c58       0x2c ./lcd_lib.o
                0x00000c58                lcd_reset()
 .text._Z8lcd_initv
                0x00000c84      0x1c8 ./lcd_lib.o
                0x00000c84                lcd_init()
 .text._Z41__static_initialization_and_destruction_0ii
                0x00000e4c       0x90 ./lcd_lib.o
 .text._GLOBAL__sub_I__g_cs
                0x00000edc        0xe ./lcd_lib.o
 .text._ZN4mbed9DigitalInC2E7PinName
                0x00000eea       0x22 ./main-lcd.o
                0x00000eea                mbed::DigitalIn::DigitalIn(PinName)
                0x00000eea                mbed::DigitalIn::DigitalIn(PinName)
 .text._ZN4mbed9DigitalInD2Ev
                0x00000f0c       0x18 ./main-lcd.o
                0x00000f0c                mbed::DigitalIn::~DigitalIn()
                0x00000f0c                mbed::DigitalIn::~DigitalIn()
 .text._ZN4mbed9DigitalIn4readEv
                0x00000f24       0x18 ./main-lcd.o
                0x00000f24                mbed::DigitalIn::read()
 .text._Z8drawChariiiiPKtt
                0x00000f3c       0x6e ./main-lcd.o
                0x00000f3c                drawChar(int, int, int, int, unsigned short const*, unsigned short)
 *fill*         0x00000faa        0x2 
 .text._Z9numDigitsi
                0x00000fac       0x3c ./main-lcd.o
                0x00000fac                numDigits(int)
 .text._Z10drawDigitsiiiiiPA16_Ktt
                0x00000fe8       0x90 ./main-lcd.o
                0x00000fe8                drawDigits(int, int, int, int, int, unsigned short const (*) [16], unsigned short)
 .text._Z10draw_scoreiit
                0x00001078       0xa4 ./main-lcd.o
                0x00001078                draw_score(int, int, unsigned short)
 .text._Z13drawRectangleiiiit
                0x0000111c       0x54 ./main-lcd.o
                0x0000111c                drawRectangle(int, int, int, int, unsigned short)
 .text._ZN5panelC2Ei
                0x00001170       0x5c ./main-lcd.o
                0x00001170                panel::panel(int)
                0x00001170                panel::panel(int)
 .text._ZN5panel5get_yEv
                0x000011cc        0xe ./main-lcd.o
                0x000011cc                panel::get_y()
 .text._ZN5panel9get_widthEv
                0x000011da        0xe ./main-lcd.o
                0x000011da                panel::get_width()
 .text._ZN5panel10get_heightEv
                0x000011e8        0xe ./main-lcd.o
                0x000011e8                panel::get_height()
 .text._ZN5panel7mooveUpEv
                0x000011f6       0x6a ./main-lcd.o
                0x000011f6                panel::mooveUp()
 .text._ZN5panel9mooveDownEv
                0x00001260       0x86 ./main-lcd.o
                0x00001260                panel::mooveDown()
 .text._ZN4ball5mooveEiiii
                0x000012e6      0x160 ./main-lcd.o
                0x000012e6                ball::moove(int, int, int, int)
 .text._ZN4ball5get_yEv
                0x00001446        0xe ./main-lcd.o
                0x00001446                ball::get_y()
 .text.main     0x00001454      0x138 ./main-lcd.o
                0x00001454                main
 .text.__tcf_0  0x0000158c       0x24 ./main-lcd.o
 .text._Z41__static_initialization_and_destruction_0ii
                0x000015b0       0x80 ./main-lcd.o
 .text._GLOBAL__sub_I_g_led_PTA1
                0x00001630        0xe ./main-lcd.o
 .text._ZN6CThunkIN4mbed3SPIEE10trampolineEP10CThunkBase
                0x0000163e       0x32 /home/fei/yat0008/Desktop/controller/lcd/mbed-os/lib/libmbed-os.a(SPI.o)
                0x0000163e                CThunk<mbed::SPI>::trampoline(CThunkBase*)
 .text._ZN4mbed3SPI8_do_initEPS0_
                0x00001670       0x18 /home/fei/yat0008/Desktop/controller/lcd/mbed-os/lib/libmbed-os.a(SPI.o)
                0x00001670                mbed::SPI::_do_init(mbed::SPI*)
 .text._ZN4mbed3SPI4lockEv
                0x00001688       0x30 /home/fei/yat0008/Desktop/controller/lcd/mbed-os/lib/libmbed-os.a(SPI.o)
                0x00001688                mbed::SPI::lock()
                0x00001688                mbed::SPI::unlock()
 .text._ZN4mbed3SPID2Ev
                0x000016b8       0x34 /home/fei/yat0008/Desktop/controller/lcd/mbed-os/lib/libmbed-os.a(SPI.o)
                0x000016b8                mbed::SPI::~SPI()
                0x000016b8                mbed::SPI::~SPI()
 .text._ZN4mbed3SPID0Ev
                0x000016ec       0x14 /home/fei/yat0008/Desktop/controller/lcd/mbed-os/lib/libmbed-os.a(SPI.o)
                0x000016ec                mbed::SPI::~SPI()
 .text._ZN4mbed3SPI7_lookupE7SPIName
                0x00001700       0x3c /home/fei/yat0008/Desktop/controller/lcd/mbed-os/lib/libmbed-os.a(SPI.o)
                0x00001700                mbed::SPI::_lookup(SPIName)
 .text._ZN4mbed3SPI6_allocEv
                0x0000173c       0x34 /home/fei/yat0008/Desktop/controller/lcd/mbed-os/lib/libmbed-os.a(SPI.o)
                0x0000173c                mbed::SPI::_alloc()
 .text._ZN4mbed3SPI13_do_constructEv
                0x00001770       0x40 /home/fei/yat0008/Desktop/controller/lcd/mbed-os/lib/libmbed-os.a(SPI.o)
                0x00001770                mbed::SPI::_do_construct()
 .text._ZN4mbed3SPIC2E7PinNameS1_S1_S1_
                0x000017b0       0x5c /home/fei/yat0008/Desktop/controller/lcd/mbed-os/lib/libmbed-os.a(SPI.o)
                0x000017b0                mbed::SPI::SPI(PinName, PinName, PinName, PinName)
                0x000017b0                mbed::SPI::SPI(PinName, PinName, PinName, PinName)
 .text._ZN4mbed3SPI8_acquireEv
                0x0000180c       0x32 /home/fei/yat0008/Desktop/controller/lcd/mbed-os/lib/libmbed-os.a(SPI.o)
                0x0000180c                mbed::SPI::_acquire()
 .text._ZN4mbed3SPI6formatEii
                0x0000183e       0x3c /home/fei/yat0008/Desktop/controller/lcd/mbed-os/lib/libmbed-os.a(SPI.o)
                0x0000183e                mbed::SPI::format(int, int)
 .text._ZN4mbed3SPI9frequencyEi
                0x0000187a       0x34 /home/fei/yat0008/Desktop/controller/lcd/mbed-os/lib/libmbed-os.a(SPI.o)
                0x0000187a                mbed::SPI::frequency(int)
 .text._ZN4mbed3SPI9_set_sselEi
                0x000018ae        0xe /home/fei/yat0008/Desktop/controller/lcd/mbed-os/lib/libmbed-os.a(SPI.o)
                0x000018ae                mbed::SPI::_set_ssel(int)
 .text._ZN4mbed3SPI6selectEv
                0x000018bc       0x2a /home/fei/yat0008/Desktop/controller/lcd/mbed-os/lib/libmbed-os.a(SPI.o)
                0x000018bc                mbed::SPI::select()
 .text._ZN4mbed3SPI8deselectEv
                0x000018e6       0x24 /home/fei/yat0008/Desktop/controller/lcd/mbed-os/lib/libmbed-os.a(SPI.o)
                0x000018e6                mbed::SPI::deselect()
 .text._ZN4mbed3SPI5writeEi
                0x0000190a       0x20 /home/fei/yat0008/Desktop/controller/lcd/mbed-os/lib/libmbed-os.a(SPI.o)
                0x0000190a                mbed::SPI::write(int)
 .text._ZN4mbed3SPI5writeEPKciPci
                0x0000192a       0x34 /home/fei/yat0008/Desktop/controller/lcd/mbed-os/lib/libmbed-os.a(SPI.o)
                0x0000192a                mbed::SPI::write(char const*, int, char*, int)
 .text.gpio_free
                0x0000195e        0x2 /home/fei/yat0008/Desktop/controller/lcd/mbed-os/lib/libmbed-os.a(mbed_compat.o)
                0x0000195e                gpio_free
 .text._gpio_init_in
                0x00001960       0x26 /home/fei/yat0008/Desktop/controller/lcd/mbed-os/lib/libmbed-os.a(mbed_gpio.o)
 .text._gpio_init_out
                0x00001986       0x30 /home/fei/yat0008/Desktop/controller/lcd/mbed-os/lib/libmbed-os.a(mbed_gpio.o)
 .text.gpio_init_in
                0x000019b6        0x6 /home/fei/yat0008/Desktop/controller/lcd/mbed-os/lib/libmbed-os.a(mbed_gpio.o)
                0x000019b6                gpio_init_in
 .text.gpio_init_out_ex
                0x000019bc        0x8 /home/fei/yat0008/Desktop/controller/lcd/mbed-os/lib/libmbed-os.a(mbed_gpio.o)
                0x000019bc                gpio_init_out_ex
 .text.gpio_init_out
                0x000019c4        0x6 /home/fei/yat0008/Desktop/controller/lcd/mbed-os/lib/libmbed-os.a(mbed_gpio.o)
                0x000019c4                gpio_init_out
 *fill*         0x000019ca        0x2 
 .text.note_us_ticker_free
                0x000019cc       0x10 /home/fei/yat0008/Desktop/controller/lcd/mbed-os/lib/libmbed-os.a(mbed_us_ticker_api.o)
 .text.note_us_ticker_init
                0x000019dc       0x14 /home/fei/yat0008/Desktop/controller/lcd/mbed-os/lib/libmbed-os.a(mbed_us_ticker_api.o)
 .text.get_us_ticker_data
                0x000019f0        0x8 /home/fei/yat0008/Desktop/controller/lcd/mbed-os/lib/libmbed-os.a(mbed_us_ticker_api.o)
                0x000019f0                get_us_ticker_data
 .text.us_ticker_irq_handler
                0x000019f8       0x14 /home/fei/yat0008/Desktop/controller/lcd/mbed-os/lib/libmbed-os.a(mbed_us_ticker_api.o)
                0x000019f8                us_ticker_irq_handler
 .text.update_present_time
                0x00001a0c       0x86 /home/fei/yat0008/Desktop/controller/lcd/mbed-os/lib/libmbed-os.a(mbed_ticker_api.o)
 .text._ticker_match_interval_passed
                0x00001a92       0x28 /home/fei/yat0008/Desktop/controller/lcd/mbed-os/lib/libmbed-os.a(mbed_ticker_api.o)
                0x00001a92                _ticker_match_interval_passed
 *fill*         0x00001aba        0x2 
 .text.schedule_interrupt
                0x00001abc       0xf4 /home/fei/yat0008/Desktop/controller/lcd/mbed-os/lib/libmbed-os.a(mbed_ticker_api.o)
 .text.initialize
                0x00001bb0      0x124 /home/fei/yat0008/Desktop/controller/lcd/mbed-os/lib/libmbed-os.a(mbed_ticker_api.o)
 .text.ticker_irq_handler
                0x00001cd4       0x60 /home/fei/yat0008/Desktop/controller/lcd/mbed-os/lib/libmbed-os.a(mbed_ticker_api.o)
                0x00001cd4                ticker_irq_handler
 .text.ticker_read_us
                0x00001d34       0x22 /home/fei/yat0008/Desktop/controller/lcd/mbed-os/lib/libmbed-os.a(mbed_ticker_api.o)
                0x00001d34                ticker_read_us
 .text.ticker_read
                0x00001d56        0x8 /home/fei/yat0008/Desktop/controller/lcd/mbed-os/lib/libmbed-os.a(mbed_ticker_api.o)
                0x00001d56                ticker_read
 *fill*         0x00001d5e        0x2 
 .text._ZN10CThunkBase11cthunk_freeEPFvvE
                0x00001d60       0x10 /home/fei/yat0008/Desktop/controller/lcd/mbed-os/lib/libmbed-os.a(CThunkBase.o)
                0x00001d60                CThunkBase::cthunk_free(void (*)())
 .text.mbed_assert_internal
                0x00001d70       0x14 /home/fei/yat0008/Desktop/controller/lcd/mbed-os/lib/libmbed-os.a(mbed_assert.o)
                0x00001d70                mbed_assert_internal
 .text.core_util_are_interrupts_enabled
                0x00001d84        0xc /home/fei/yat0008/Desktop/controller/lcd/mbed-os/lib/libmbed-os.a(mbed_critical.o)
                0x00001d84                core_util_are_interrupts_enabled
 .text.core_util_is_isr_active
                0x00001d90        0xc /home/fei/yat0008/Desktop/controller/lcd/mbed-os/lib/libmbed-os.a(mbed_critical.o)
                0x00001d90                core_util_is_isr_active
 .text.core_util_critical_section_enter
                0x00001d9c       0x2c /home/fei/yat0008/Desktop/controller/lcd/mbed-os/lib/libmbed-os.a(mbed_critical.o)
                0x00001d9c                core_util_critical_section_enter
 .text.core_util_critical_section_exit
                0x00001dc8       0x18 /home/fei/yat0008/Desktop/controller/lcd/mbed-os/lib/libmbed-os.a(mbed_critical.o)
                0x00001dc8                core_util_critical_section_exit
 .text.mbed_halt_system
                0x00001de0       0x34 /home/fei/yat0008/Desktop/controller/lcd/mbed-os/lib/libmbed-os.a(mbed_error.o)
 .text.print_error_report.constprop.0
                0x00001e14      0x104 /home/fei/yat0008/Desktop/controller/lcd/mbed-os/lib/libmbed-os.a(mbed_error.o)
 .text.mbed_error_hook
                0x00001f18        0x2 /home/fei/yat0008/Desktop/controller/lcd/mbed-os/lib/libmbed-os.a(mbed_error.o)
                0x00001f18                mbed_error_hook
 *fill*         0x00001f1a        0x2 
 .text.handle_error.constprop.0
                0x00001f1c       0xc0 /home/fei/yat0008/Desktop/controller/lcd/mbed-os/lib/libmbed-os.a(mbed_error.o)
 .text.mbed_error_reboot_callback
                0x00001fdc        0x2 /home/fei/yat0008/Desktop/controller/lcd/mbed-os/lib/libmbed-os.a(mbed_error.o)
                0x00001fdc                mbed_error_reboot_callback
 *fill*         0x00001fde        0x2 
 .text.mbed_error_initialize
                0x00001fe0       0x64 /home/fei/yat0008/Desktop/controller/lcd/mbed-os/lib/libmbed-os.a(mbed_error.o)
                0x00001fe0                mbed_error_initialize
 .text.mbed_error
                0x00002044       0xc4 /home/fei/yat0008/Desktop/controller/lcd/mbed-os/lib/libmbed-os.a(mbed_error.o)
                0x00002044                mbed_error
 .text.mbed_main
                0x00002108        0x2 /home/fei/yat0008/Desktop/controller/lcd/mbed-os/lib/libmbed-os.a(mbed_sdk_boot.o)
                0x00002108                mbed_main
 .text.mbed_sdk_init
                0x0000210a        0x2 /home/fei/yat0008/Desktop/controller/lcd/mbed-os/lib/libmbed-os.a(mbed_sdk_boot.o)
                0x0000210a                mbed_sdk_init
 .text.software_init_hook_rtos
                0x0000210c        0x2 /home/fei/yat0008/Desktop/controller/lcd/mbed-os/lib/libmbed-os.a(mbed_sdk_boot.o)
                0x0000210c                software_init_hook_rtos
 *fill*         0x0000210e        0x2 
 .text.mbed_copy_nvic
                0x00002110       0x28 /home/fei/yat0008/Desktop/controller/lcd/mbed-os/lib/libmbed-os.a(mbed_sdk_boot.o)
                0x00002110                mbed_copy_nvic
 .text.mbed_init
                0x00002138        0xc /home/fei/yat0008/Desktop/controller/lcd/mbed-os/lib/libmbed-os.a(mbed_sdk_boot.o)
                0x00002138                mbed_init
 .text.software_init_hook
                0x00002144       0x48 /home/fei/yat0008/Desktop/controller/lcd/mbed-os/lib/libmbed-os.a(mbed_sdk_boot.o)
                0x00002144                software_init_hook
 .text.__wrap_main
                0x0000218c       0x12 /home/fei/yat0008/Desktop/controller/lcd/mbed-os/lib/libmbed-os.a(mbed_sdk_boot.o)
                0x0000218c                __wrap_main
 *fill*         0x0000219e        0x2 
 .text._wait_us_ticks
                0x000021a0       0x1c /home/fei/yat0008/Desktop/controller/lcd/mbed-os/lib/libmbed-os.a(mbed_wait_api_no_rtos.o)
                0x000021a0                _wait_us_ticks
 .text._wait_us_generic
                0x000021bc       0x1e /home/fei/yat0008/Desktop/controller/lcd/mbed-os/lib/libmbed-os.a(mbed_wait_api_no_rtos.o)
                0x000021bc                _wait_us_generic
 *fill*         0x000021da        0x2 
 .text._wait_us_inline
                0x000021dc       0x14 /home/fei/yat0008/Desktop/controller/lcd/mbed-os/lib/libmbed-os.a(mbed_wait_api_no_rtos.o)
                0x000021dc                _wait_us_inline
 .text._ZN4mbed10FileHandle4syncEv
                0x000021f0        0x4 /home/fei/yat0008/Desktop/controller/lcd/mbed-os/lib/libmbed-os.a(mbed_retarget.o)
                0x000021f0                mbed::FileHandle::sync()
 .text._ZN4mbed10FileHandle4tellEv
                0x000021f4        0xa /home/fei/yat0008/Desktop/controller/lcd/mbed-os/lib/libmbed-os.a(mbed_retarget.o)
                0x000021f4                mbed::FileHandle::tell()
 .text._ZN4mbed10FileHandle6rewindEv
                0x000021fe        0xa /home/fei/yat0008/Desktop/controller/lcd/mbed-os/lib/libmbed-os.a(mbed_retarget.o)
                0x000021fe                mbed::FileHandle::rewind()
 .text._ZN4mbed10FileHandle8truncateEl
                0x00002208        0x6 /home/fei/yat0008/Desktop/controller/lcd/mbed-os/lib/libmbed-os.a(mbed_retarget.o)
                0x00002208                mbed::FileHandle::truncate(long)
 .text._ZN4mbed10FileHandle12set_blockingEb
                0x0000220e        0xc /home/fei/yat0008/Desktop/controller/lcd/mbed-os/lib/libmbed-os.a(mbed_retarget.o)
                0x0000220e                mbed::FileHandle::set_blocking(bool)
 .text._ZNK4mbed10FileHandle11is_blockingEv
                0x0000221a        0x4 /home/fei/yat0008/Desktop/controller/lcd/mbed-os/lib/libmbed-os.a(mbed_retarget.o)
                0x0000221a                mbed::FileHandle::is_blocking() const
 .text._ZN4mbed10FileHandle12enable_inputEb
                0x0000221e        0x6 /home/fei/yat0008/Desktop/controller/lcd/mbed-os/lib/libmbed-os.a(mbed_retarget.o)
                0x0000221e                mbed::FileHandle::enable_input(bool)
 .text._ZN4mbed10FileHandle13enable_outputEb
                0x00002224        0x6 /home/fei/yat0008/Desktop/controller/lcd/mbed-os/lib/libmbed-os.a(mbed_retarget.o)
                0x00002224                mbed::FileHandle::enable_output(bool)
 .text._ZN4mbed10FileHandle5sigioENS_8CallbackIFvvEEE
                0x0000222a        0xc /home/fei/yat0008/Desktop/controller/lcd/mbed-os/lib/libmbed-os.a(mbed_retarget.o)
                0x0000222a                mbed::FileHandle::sigio(mbed::Callback<void ()>)
 .text._ZN12DirectSerial4seekEli
                0x00002236        0x6 /home/fei/yat0008/Desktop/controller/lcd/mbed-os/lib/libmbed-os.a(mbed_retarget.o)
                0x00002236                DirectSerial::seek(long, int)
 .text._ZN12DirectSerial4sizeEv
                0x0000223c        0x6 /home/fei/yat0008/Desktop/controller/lcd/mbed-os/lib/libmbed-os.a(mbed_retarget.o)
                0x0000223c                DirectSerial::size()
 .text._ZN12DirectSerial6isattyEv
                0x00002242        0x4 /home/fei/yat0008/Desktop/controller/lcd/mbed-os/lib/libmbed-os.a(mbed_retarget.o)
                0x00002242                DirectSerial::isatty()
 .text._ZN12DirectSerial5closeEv
                0x00002246        0x4 /home/fei/yat0008/Desktop/controller/lcd/mbed-os/lib/libmbed-os.a(mbed_retarget.o)
                0x00002246                DirectSerial::close()
 .text._ZN12DirectSerialD2Ev
                0x0000224a        0x2 /home/fei/yat0008/Desktop/controller/lcd/mbed-os/lib/libmbed-os.a(mbed_retarget.o)
                0x0000224a                DirectSerial::~DirectSerial()
                0x0000224a                DirectSerial::~DirectSerial()
 .text._ZN12DirectSerial5writeEPKvj
                0x0000224c       0x24 /home/fei/yat0008/Desktop/controller/lcd/mbed-os/lib/libmbed-os.a(mbed_retarget.o)
                0x0000224c                DirectSerial::write(void const*, unsigned int)
 .text._ZNK12DirectSerial4pollEs
                0x00002270       0x30 /home/fei/yat0008/Desktop/controller/lcd/mbed-os/lib/libmbed-os.a(mbed_retarget.o)
                0x00002270                DirectSerial::poll(short) const
 .text._ZN12DirectSerialD0Ev
                0x000022a0        0xc /home/fei/yat0008/Desktop/controller/lcd/mbed-os/lib/libmbed-os.a(mbed_retarget.o)
                0x000022a0                DirectSerial::~DirectSerial()
 .text._ZN12DirectSerial4readEPvj
                0x000022ac       0x18 /home/fei/yat0008/Desktop/controller/lcd/mbed-os/lib/libmbed-os.a(mbed_retarget.o)
                0x000022ac                DirectSerial::read(void*, unsigned int)
 .text._ZN12DirectSerialC2ERK15serial_pinmap_ti
                0x000022c4       0x30 /home/fei/yat0008/Desktop/controller/lcd/mbed-os/lib/libmbed-os.a(mbed_retarget.o)
                0x000022c4                DirectSerial::DirectSerial(serial_pinmap_t const&, int)
                0x000022c4                DirectSerial::DirectSerial(serial_pinmap_t const&, int)
 .text._ZN4mbed28mbed_target_override_consoleEi
                0x000022f4        0x4 /home/fei/yat0008/Desktop/controller/lcd/mbed-os/lib/libmbed-os.a(mbed_retarget.o)
                0x000022f4                mbed::mbed_target_override_console(int)
 .text._ZN4mbed21mbed_override_consoleEi
                0x000022f8        0x4 /home/fei/yat0008/Desktop/controller/lcd/mbed-os/lib/libmbed-os.a(mbed_retarget.o)
                0x000022f8                mbed::mbed_override_console(int)
 .text._sbrk    0x000022fc       0x44 /home/fei/yat0008/Desktop/controller/lcd/mbed-os/lib/libmbed-os.a(mbed_retarget.o)
                0x000022fc                _sbrk
 .text.__wrap_atexit
                0x00002340        0x4 /home/fei/yat0008/Desktop/controller/lcd/mbed-os/lib/libmbed-os.a(mbed_retarget.o)
                0x00002340                __wrap_atexit
 .text.__rtos_malloc_lock
                0x00002344        0x2 /home/fei/yat0008/Desktop/controller/lcd/mbed-os/lib/libmbed-os.a(mbed_retarget.o)
                0x00002344                __rtos_malloc_lock
 .text.__rtos_malloc_unlock
                0x00002346        0x2 /home/fei/yat0008/Desktop/controller/lcd/mbed-os/lib/libmbed-os.a(mbed_retarget.o)
                0x00002346                __rtos_malloc_unlock
 .text.__malloc_lock
                0x00002348        0x8 /home/fei/yat0008/Desktop/controller/lcd/mbed-os/lib/libmbed-os.a(mbed_retarget.o)
                0x00002348                __malloc_lock
 .text.__malloc_unlock
                0x00002350        0x8 /home/fei/yat0008/Desktop/controller/lcd/mbed-os/lib/libmbed-os.a(mbed_retarget.o)
                0x00002350                __malloc_unlock
 .text.__cxa_guard_acquire
                0x00002358       0x3c /home/fei/yat0008/Desktop/controller/lcd/mbed-os/lib/libmbed-os.a(mbed_retarget.o)
                0x00002358                __cxa_guard_acquire
 .text.__cxa_guard_release
                0x00002394       0x2c /home/fei/yat0008/Desktop/controller/lcd/mbed-os/lib/libmbed-os.a(mbed_retarget.o)
                0x00002394                __cxa_guard_release
 .text._ZN4mbed16mbed_file_handleEi
                0x000023c0       0x80 /home/fei/yat0008/Desktop/controller/lcd/mbed-os/lib/libmbed-os.a(mbed_retarget.o)
                0x000023c0                mbed::mbed_file_handle(int)
 .text.close    0x00002440       0x3c /home/fei/yat0008/Desktop/controller/lcd/mbed-os/lib/libmbed-os.a(mbed_retarget.o)
                0x00002440                close
 .text._close   0x0000247c        0x4 /home/fei/yat0008/Desktop/controller/lcd/mbed-os/lib/libmbed-os.a(mbed_retarget.o)
                0x0000247c                _close
 .text.write    0x00002480       0x34 /home/fei/yat0008/Desktop/controller/lcd/mbed-os/lib/libmbed-os.a(mbed_retarget.o)
                0x00002480                write
 .text.read     0x000024b4       0x34 /home/fei/yat0008/Desktop/controller/lcd/mbed-os/lib/libmbed-os.a(mbed_retarget.o)
                0x000024b4                read
 .text.isatty   0x000024e8       0x2a /home/fei/yat0008/Desktop/controller/lcd/mbed-os/lib/libmbed-os.a(mbed_retarget.o)
                0x000024e8                isatty
 *fill*         0x00002512        0x2 
 .text._write   0x00002514       0xac /home/fei/yat0008/Desktop/controller/lcd/mbed-os/lib/libmbed-os.a(mbed_retarget.o)
                0x00002514                _write
 .text._isatty  0x000025c0        0x4 /home/fei/yat0008/Desktop/controller/lcd/mbed-os/lib/libmbed-os.a(mbed_retarget.o)
                0x000025c0                _isatty
 .text._read    0x000025c4       0x74 /home/fei/yat0008/Desktop/controller/lcd/mbed-os/lib/libmbed-os.a(mbed_retarget.o)
                0x000025c4                _read
 .text.lseek    0x00002638       0x34 /home/fei/yat0008/Desktop/controller/lcd/mbed-os/lib/libmbed-os.a(mbed_retarget.o)
                0x00002638                lseek
 .text._lseek   0x0000266c        0x4 /home/fei/yat0008/Desktop/controller/lcd/mbed-os/lib/libmbed-os.a(mbed_retarget.o)
                0x0000266c                _lseek
 .text.fsync    0x00002670       0x2e /home/fei/yat0008/Desktop/controller/lcd/mbed-os/lib/libmbed-os.a(mbed_retarget.o)
                0x00002670                fsync
 *fill*         0x0000269e        0x2 
 .text._exit    0x000026a0       0x30 /home/fei/yat0008/Desktop/controller/lcd/mbed-os/lib/libmbed-os.a(mbed_retarget.o)
                0x000026a0                _exit
 .text.__wrap_exit
                0x000026d0        0x6 /home/fei/yat0008/Desktop/controller/lcd/mbed-os/lib/libmbed-os.a(mbed_retarget.o)
                0x000026d0                __wrap_exit
 .text.fstat    0x000026d6       0x3c /home/fei/yat0008/Desktop/controller/lcd/mbed-os/lib/libmbed-os.a(mbed_retarget.o)
                0x000026d6                fstat
 .text._fstat   0x00002712        0x4 /home/fei/yat0008/Desktop/controller/lcd/mbed-os/lib/libmbed-os.a(mbed_retarget.o)
                0x00002712                _fstat
 .text._ZdlPvj  0x00002716        0x4 /home/fei/yat0008/Desktop/controller/lcd/mbed-os/lib/libmbed-os.a(mbed_retarget.o)
                0x00002716                operator delete(void*, unsigned int)
 *fill*         0x0000271a        0x2 
 .text.SystemInit
                0x0000271c       0x2c /home/fei/yat0008/Desktop/controller/lcd/mbed-os/lib/libmbed-os.a(system_MK64F12.o)
                0x0000271c                SystemInit
 .text.pit_isr  0x00002748       0x2c /home/fei/yat0008/Desktop/controller/lcd/mbed-os/lib/libmbed-os.a(us_ticker.o)
 .text.us_ticker_get_info
                0x00002774        0x8 /home/fei/yat0008/Desktop/controller/lcd/mbed-os/lib/libmbed-os.a(us_ticker.o)
                0x00002774                us_ticker_get_info
 .text.us_ticker_init
                0x0000277c       0xcc /home/fei/yat0008/Desktop/controller/lcd/mbed-os/lib/libmbed-os.a(us_ticker.o)
                0x0000277c                us_ticker_init
 .text.us_ticker_read
                0x00002848       0x10 /home/fei/yat0008/Desktop/controller/lcd/mbed-os/lib/libmbed-os.a(us_ticker.o)
                0x00002848                us_ticker_read
 .text.us_ticker_disable_interrupt
                0x00002858       0x14 /home/fei/yat0008/Desktop/controller/lcd/mbed-os/lib/libmbed-os.a(us_ticker.o)
                0x00002858                us_ticker_disable_interrupt
 .text.us_ticker_clear_interrupt
                0x0000286c       0x10 /home/fei/yat0008/Desktop/controller/lcd/mbed-os/lib/libmbed-os.a(us_ticker.o)
                0x0000286c                us_ticker_clear_interrupt
 .text.us_ticker_set_interrupt
                0x0000287c       0x60 /home/fei/yat0008/Desktop/controller/lcd/mbed-os/lib/libmbed-os.a(us_ticker.o)
                0x0000287c                us_ticker_set_interrupt
 .text.us_ticker_fire_interrupt
                0x000028dc       0x10 /home/fei/yat0008/Desktop/controller/lcd/mbed-os/lib/libmbed-os.a(us_ticker.o)
                0x000028dc                us_ticker_fire_interrupt
 .text.us_ticker_free
                0x000028ec       0x64 /home/fei/yat0008/Desktop/controller/lcd/mbed-os/lib/libmbed-os.a(us_ticker.o)
                0x000028ec                us_ticker_free
 .text.spi_get_peripheral_name
                0x00002950       0x5c /home/fei/yat0008/Desktop/controller/lcd/mbed-os/lib/libmbed-os.a(spi_api.o)
                0x00002950                spi_get_peripheral_name
 .text.spi_init_direct
                0x000029ac       0x78 /home/fei/yat0008/Desktop/controller/lcd/mbed-os/lib/libmbed-os.a(spi_api.o)
                0x000029ac                spi_init_direct
 .text.spi_init
                0x00002a24       0xbc /home/fei/yat0008/Desktop/controller/lcd/mbed-os/lib/libmbed-os.a(spi_api.o)
                0x00002a24                spi_init
 .text.spi_format
                0x00002ae0       0x94 /home/fei/yat0008/Desktop/controller/lcd/mbed-os/lib/libmbed-os.a(spi_api.o)
                0x00002ae0                spi_format
 .text.spi_frequency
                0x00002b74       0x4c /home/fei/yat0008/Desktop/controller/lcd/mbed-os/lib/libmbed-os.a(spi_api.o)
                0x00002b74                spi_frequency
 .text.spi_master_write
                0x00002bc0       0x48 /home/fei/yat0008/Desktop/controller/lcd/mbed-os/lib/libmbed-os.a(spi_api.o)
                0x00002bc0                spi_master_write
 .text.spi_master_block_write
                0x00002c08       0x58 /home/fei/yat0008/Desktop/controller/lcd/mbed-os/lib/libmbed-os.a(spi_api.o)
                0x00002c08                spi_master_block_write
 .text.serial_init_direct
                0x00002c60       0xd4 /home/fei/yat0008/Desktop/controller/lcd/mbed-os/lib/libmbed-os.a(serial_api.o)
                0x00002c60                serial_init_direct
 .text.serial_baud
                0x00002d34       0x2c /home/fei/yat0008/Desktop/controller/lcd/mbed-os/lib/libmbed-os.a(serial_api.o)
                0x00002d34                serial_baud
 .text.serial_readable
                0x00002d60       0x2c /home/fei/yat0008/Desktop/controller/lcd/mbed-os/lib/libmbed-os.a(serial_api.o)
                0x00002d60                serial_readable
 .text.serial_getc
                0x00002d8c       0x20 /home/fei/yat0008/Desktop/controller/lcd/mbed-os/lib/libmbed-os.a(serial_api.o)
                0x00002d8c                serial_getc
 .text.serial_writable
                0x00002dac       0x2c /home/fei/yat0008/Desktop/controller/lcd/mbed-os/lib/libmbed-os.a(serial_api.o)
                0x00002dac                serial_writable
 .text.serial_putc
                0x00002dd8       0x24 /home/fei/yat0008/Desktop/controller/lcd/mbed-os/lib/libmbed-os.a(serial_api.o)
                0x00002dd8                serial_putc
 .text.gpio_init
                0x00002dfc       0x12 /home/fei/yat0008/Desktop/controller/lcd/mbed-os/lib/libmbed-os.a(gpio_api.o)
                0x00002dfc                gpio_init
 .text.gpio_mode
                0x00002e0e        0x6 /home/fei/yat0008/Desktop/controller/lcd/mbed-os/lib/libmbed-os.a(gpio_api.o)
                0x00002e0e                gpio_mode
 .text.gpio_dir
                0x00002e14       0x48 /home/fei/yat0008/Desktop/controller/lcd/mbed-os/lib/libmbed-os.a(gpio_api.o)
                0x00002e14                gpio_dir
 .text.gpio_write
                0x00002e5c       0x3c /home/fei/yat0008/Desktop/controller/lcd/mbed-os/lib/libmbed-os.a(gpio_api.o)
                0x00002e5c                gpio_write
 .text.gpio_read
                0x00002e98       0x34 /home/fei/yat0008/Desktop/controller/lcd/mbed-os/lib/libmbed-os.a(gpio_api.o)
                0x00002e98                gpio_read
 .text.pin_function
                0x00002ecc       0x74 /home/fei/yat0008/Desktop/controller/lcd/mbed-os/lib/libmbed-os.a(pinmap.o)
                0x00002ecc                pin_function
 .text.pin_mode
                0x00002f40       0x5c /home/fei/yat0008/Desktop/controller/lcd/mbed-os/lib/libmbed-os.a(pinmap.o)
                0x00002f40                pin_mode
 .text.mbed_tiny_compute_crc32
                0x00002f9c       0x2c /home/fei/yat0008/Desktop/controller/lcd/mbed-os/lib/libmbed-os.a(MbedCRC.o)
                0x00002f9c                mbed_tiny_compute_crc32
 .text.hal_critical_section_enter
                0x00002fc8       0x24 /home/fei/yat0008/Desktop/controller/lcd/mbed-os/lib/libmbed-os.a(mbed_critical_section_api.o)
                0x00002fc8                hal_critical_section_enter
 .text.hal_critical_section_exit
                0x00002fec       0x38 /home/fei/yat0008/Desktop/controller/lcd/mbed-os/lib/libmbed-os.a(mbed_critical_section_api.o)
                0x00002fec                hal_critical_section_exit
 .text.pinmap_merge
                0x00003024       0x30 /home/fei/yat0008/Desktop/controller/lcd/mbed-os/lib/libmbed-os.a(mbed_pinmap_common.o)
                0x00003024                pinmap_merge
 .text.pinmap_find_peripheral
                0x00003054       0x16 /home/fei/yat0008/Desktop/controller/lcd/mbed-os/lib/libmbed-os.a(mbed_pinmap_common.o)
                0x00003054                pinmap_find_peripheral
 *fill*         0x0000306a        0x2 
 .text.pinmap_peripheral
                0x0000306c       0x2c /home/fei/yat0008/Desktop/controller/lcd/mbed-os/lib/libmbed-os.a(mbed_pinmap_common.o)
                0x0000306c                pinmap_peripheral
 .text.pinmap_find_function
                0x00003098       0x16 /home/fei/yat0008/Desktop/controller/lcd/mbed-os/lib/libmbed-os.a(mbed_pinmap_common.o)
                0x00003098                pinmap_find_function
 .text.core_util_atomic_flag_test_and_set
                0x000030ae       0x14 /home/fei/yat0008/Desktop/controller/lcd/mbed-os/lib/libmbed-os.a(mbed_atomic_impl.o)
                0x000030ae                core_util_atomic_flag_test_and_set
 .text.core_util_atomic_exchange_u8
                0x000030c2       0x12 /home/fei/yat0008/Desktop/controller/lcd/mbed-os/lib/libmbed-os.a(mbed_atomic_impl.o)
                0x000030c2                core_util_atomic_exchange_u8
 .text.mbed_die
                0x000030d4       0x64 /home/fei/yat0008/Desktop/controller/lcd/mbed-os/lib/libmbed-os.a(mbed_board.o)
                0x000030d4                mbed_die
 .text.mbed_error_puts
                0x00003138       0x50 /home/fei/yat0008/Desktop/controller/lcd/mbed-os/lib/libmbed-os.a(mbed_board.o)
                0x00003138                mbed_error_puts
 .text.mbed_error_vprintf
                0x00003188       0x38 /home/fei/yat0008/Desktop/controller/lcd/mbed-os/lib/libmbed-os.a(mbed_board.o)
                0x00003188                mbed_error_vprintf
 .text.mbed_error_printf
                0x000031c0       0x1a /home/fei/yat0008/Desktop/controller/lcd/mbed-os/lib/libmbed-os.a(mbed_board.o)
                0x000031c0                mbed_error_printf
 .text.__wrap_vsnprintf
                0x000031da        0xe /home/fei/yat0008/Desktop/controller/lcd/mbed-os/lib/libmbed-os.a(mbed_printf_wrapper.o)
                0x000031da                __wrap_vsnprintf
 .text.CLOCK_GetInternalRefClkSelectFreq
                0x000031e8       0x28 /home/fei/yat0008/Desktop/controller/lcd/mbed-os/lib/libmbed-os.a(fsl_clock.o)
 .text.CLOCK_GetMcgExtClkFreq
                0x00003210       0x60 /home/fei/yat0008/Desktop/controller/lcd/mbed-os/lib/libmbed-os.a(fsl_clock.o)
 .text.CLOCK_GetFllRefClkFreq
                0x00003270       0x54 /home/fei/yat0008/Desktop/controller/lcd/mbed-os/lib/libmbed-os.a(fsl_clock.o)
 .text.CLOCK_GetOsc0ErClkFreq
                0x000032c4       0x3c /home/fei/yat0008/Desktop/controller/lcd/mbed-os/lib/libmbed-os.a(fsl_clock.o)
                0x000032c4                CLOCK_GetOsc0ErClkFreq
 .text.CLOCK_GetEr32kClkFreq
                0x00003300       0x5c /home/fei/yat0008/Desktop/controller/lcd/mbed-os/lib/libmbed-os.a(fsl_clock.o)
                0x00003300                CLOCK_GetEr32kClkFreq
 .text.CLOCK_GetFllFreq
                0x0000335c       0x3c /home/fei/yat0008/Desktop/controller/lcd/mbed-os/lib/libmbed-os.a(fsl_clock.o)
                0x0000335c                CLOCK_GetFllFreq
 .text.CLOCK_GetInternalRefClkFreq
                0x00003398       0x14 /home/fei/yat0008/Desktop/controller/lcd/mbed-os/lib/libmbed-os.a(fsl_clock.o)
                0x00003398                CLOCK_GetInternalRefClkFreq
 .text.CLOCK_GetPll0Freq
                0x000033ac       0x48 /home/fei/yat0008/Desktop/controller/lcd/mbed-os/lib/libmbed-os.a(fsl_clock.o)
                0x000033ac                CLOCK_GetPll0Freq
 .text.CLOCK_GetPllFllSelClkFreq
                0x000033f4       0x2c /home/fei/yat0008/Desktop/controller/lcd/mbed-os/lib/libmbed-os.a(fsl_clock.o)
                0x000033f4                CLOCK_GetPllFllSelClkFreq
 .text.CLOCK_GetOutClkFreq
                0x00003420       0x28 /home/fei/yat0008/Desktop/controller/lcd/mbed-os/lib/libmbed-os.a(fsl_clock.o)
                0x00003420                CLOCK_GetOutClkFreq
 .text.CLOCK_GetFixedFreqClkFreq
                0x00003448       0x1c /home/fei/yat0008/Desktop/controller/lcd/mbed-os/lib/libmbed-os.a(fsl_clock.o)
                0x00003448                CLOCK_GetFixedFreqClkFreq
 .text.CLOCK_GetFreq
                0x00003464       0xa8 /home/fei/yat0008/Desktop/controller/lcd/mbed-os/lib/libmbed-os.a(fsl_clock.o)
                0x00003464                CLOCK_GetFreq
 .text.EDMA_HandleIRQ
                0x0000350c       0xb0 /home/fei/yat0008/Desktop/controller/lcd/mbed-os/lib/libmbed-os.a(fsl_edma.o)
                0x0000350c                EDMA_HandleIRQ
 .text.DMA0_DriverIRQHandler
                0x000035bc        0xc /home/fei/yat0008/Desktop/controller/lcd/mbed-os/lib/libmbed-os.a(fsl_edma.o)
                0x000035bc                DMA0_DriverIRQHandler
 .text.DMA1_DriverIRQHandler
                0x000035c8        0xc /home/fei/yat0008/Desktop/controller/lcd/mbed-os/lib/libmbed-os.a(fsl_edma.o)
                0x000035c8                DMA1_DriverIRQHandler
 .text.DMA2_DriverIRQHandler
                0x000035d4        0xc /home/fei/yat0008/Desktop/controller/lcd/mbed-os/lib/libmbed-os.a(fsl_edma.o)
                0x000035d4                DMA2_DriverIRQHandler
 .text.DMA3_DriverIRQHandler
                0x000035e0        0xc /home/fei/yat0008/Desktop/controller/lcd/mbed-os/lib/libmbed-os.a(fsl_edma.o)
                0x000035e0                DMA3_DriverIRQHandler
 .text.DMA4_DriverIRQHandler
                0x000035ec        0xc /home/fei/yat0008/Desktop/controller/lcd/mbed-os/lib/libmbed-os.a(fsl_edma.o)
                0x000035ec                DMA4_DriverIRQHandler
 .text.DMA5_DriverIRQHandler
                0x000035f8        0xc /home/fei/yat0008/Desktop/controller/lcd/mbed-os/lib/libmbed-os.a(fsl_edma.o)
                0x000035f8                DMA5_DriverIRQHandler
 .text.DMA6_DriverIRQHandler
                0x00003604        0xc /home/fei/yat0008/Desktop/controller/lcd/mbed-os/lib/libmbed-os.a(fsl_edma.o)
                0x00003604                DMA6_DriverIRQHandler
 .text.DMA7_DriverIRQHandler
                0x00003610        0xc /home/fei/yat0008/Desktop/controller/lcd/mbed-os/lib/libmbed-os.a(fsl_edma.o)
                0x00003610                DMA7_DriverIRQHandler
 .text.DMA8_DriverIRQHandler
                0x0000361c        0xc /home/fei/yat0008/Desktop/controller/lcd/mbed-os/lib/libmbed-os.a(fsl_edma.o)
                0x0000361c                DMA8_DriverIRQHandler
 .text.DMA9_DriverIRQHandler
                0x00003628        0xc /home/fei/yat0008/Desktop/controller/lcd/mbed-os/lib/libmbed-os.a(fsl_edma.o)
                0x00003628                DMA9_DriverIRQHandler
 .text.DMA10_DriverIRQHandler
                0x00003634        0xc /home/fei/yat0008/Desktop/controller/lcd/mbed-os/lib/libmbed-os.a(fsl_edma.o)
                0x00003634                DMA10_DriverIRQHandler
 .text.DMA11_DriverIRQHandler
                0x00003640        0xc /home/fei/yat0008/Desktop/controller/lcd/mbed-os/lib/libmbed-os.a(fsl_edma.o)
                0x00003640                DMA11_DriverIRQHandler
 .text.DMA12_DriverIRQHandler
                0x0000364c        0xc /home/fei/yat0008/Desktop/controller/lcd/mbed-os/lib/libmbed-os.a(fsl_edma.o)
                0x0000364c                DMA12_DriverIRQHandler
 .text.DMA13_DriverIRQHandler
                0x00003658        0xc /home/fei/yat0008/Desktop/controller/lcd/mbed-os/lib/libmbed-os.a(fsl_edma.o)
                0x00003658                DMA13_DriverIRQHandler
 .text.DMA14_DriverIRQHandler
                0x00003664        0xc /home/fei/yat0008/Desktop/controller/lcd/mbed-os/lib/libmbed-os.a(fsl_edma.o)
                0x00003664                DMA14_DriverIRQHandler
 .text.DMA15_DriverIRQHandler
                0x00003670        0xc /home/fei/yat0008/Desktop/controller/lcd/mbed-os/lib/libmbed-os.a(fsl_edma.o)
                0x00003670                DMA15_DriverIRQHandler
 .text.DSPI_CommonIRQHandler
                0x0000367c       0x20 /home/fei/yat0008/Desktop/controller/lcd/mbed-os/lib/libmbed-os.a(fsl_dspi.o)
 .text.DSPI_MasterGetFormattedCommand.constprop.0
                0x0000369c       0x20 /home/fei/yat0008/Desktop/controller/lcd/mbed-os/lib/libmbed-os.a(fsl_dspi.o)
 .text.DSPI_GetInstance
                0x000036bc       0x40 /home/fei/yat0008/Desktop/controller/lcd/mbed-os/lib/libmbed-os.a(fsl_dspi.o)
                0x000036bc                DSPI_GetInstance
 .text.DSPI_GetDummyDataInstance
                0x000036fc       0x10 /home/fei/yat0008/Desktop/controller/lcd/mbed-os/lib/libmbed-os.a(fsl_dspi.o)
                0x000036fc                DSPI_GetDummyDataInstance
 .text.DSPI_SetDummyData
                0x0000370c       0x14 /home/fei/yat0008/Desktop/controller/lcd/mbed-os/lib/libmbed-os.a(fsl_dspi.o)
                0x0000370c                DSPI_SetDummyData
 .text.DSPI_MasterGetDefaultConfig
                0x00003720       0x48 /home/fei/yat0008/Desktop/controller/lcd/mbed-os/lib/libmbed-os.a(fsl_dspi.o)
                0x00003720                DSPI_MasterGetDefaultConfig
 .text.DSPI_SlaveInit
                0x00003768       0xcc /home/fei/yat0008/Desktop/controller/lcd/mbed-os/lib/libmbed-os.a(fsl_dspi.o)
                0x00003768                DSPI_SlaveInit
 .text.DSPI_SlaveGetDefaultConfig
                0x00003834       0x30 /home/fei/yat0008/Desktop/controller/lcd/mbed-os/lib/libmbed-os.a(fsl_dspi.o)
                0x00003834                DSPI_SlaveGetDefaultConfig
 .text.DSPI_MasterSetBaudRate
                0x00003864       0xd8 /home/fei/yat0008/Desktop/controller/lcd/mbed-os/lib/libmbed-os.a(fsl_dspi.o)
                0x00003864                DSPI_MasterSetBaudRate
 .text.DSPI_MasterSetDelayScaler
                0x0000393c       0x8c /home/fei/yat0008/Desktop/controller/lcd/mbed-os/lib/libmbed-os.a(fsl_dspi.o)
                0x0000393c                DSPI_MasterSetDelayScaler
 .text.DSPI_MasterSetDelayTimes
                0x000039c8       0xbc /home/fei/yat0008/Desktop/controller/lcd/mbed-os/lib/libmbed-os.a(fsl_dspi.o)
                0x000039c8                DSPI_MasterSetDelayTimes
 .text.DSPI_MasterInit
                0x00003a84      0x138 /home/fei/yat0008/Desktop/controller/lcd/mbed-os/lib/libmbed-os.a(fsl_dspi.o)
                0x00003a84                DSPI_MasterInit
 .text.DSPI_GetDefaultDataCommandConfig
                0x00003bbc       0x2c /home/fei/yat0008/Desktop/controller/lcd/mbed-os/lib/libmbed-os.a(fsl_dspi.o)
                0x00003bbc                DSPI_GetDefaultDataCommandConfig
 .text.DSPI_MasterWriteDataBlocking
                0x00003be8       0x68 /home/fei/yat0008/Desktop/controller/lcd/mbed-os/lib/libmbed-os.a(fsl_dspi.o)
                0x00003be8                DSPI_MasterWriteDataBlocking
 .text.DSPI_MasterTransferBlocking
                0x00003c50      0x25c /home/fei/yat0008/Desktop/controller/lcd/mbed-os/lib/libmbed-os.a(fsl_dspi.o)
                0x00003c50                DSPI_MasterTransferBlocking
 .text.SPI0_DriverIRQHandler
                0x00003eac       0x34 /home/fei/yat0008/Desktop/controller/lcd/mbed-os/lib/libmbed-os.a(fsl_dspi.o)
                0x00003eac                SPI0_DriverIRQHandler
 .text.SPI1_DriverIRQHandler
                0x00003ee0       0x34 /home/fei/yat0008/Desktop/controller/lcd/mbed-os/lib/libmbed-os.a(fsl_dspi.o)
                0x00003ee0                SPI1_DriverIRQHandler
 .text.SPI2_DriverIRQHandler
                0x00003f14       0x34 /home/fei/yat0008/Desktop/controller/lcd/mbed-os/lib/libmbed-os.a(fsl_dspi.o)
                0x00003f14                SPI2_DriverIRQHandler
 .text.PIT_GetInstance.isra.0
                0x00003f48       0x28 /home/fei/yat0008/Desktop/controller/lcd/mbed-os/lib/libmbed-os.a(fsl_pit.o)
 .text.PIT_Init
                0x00003f70       0x50 /home/fei/yat0008/Desktop/controller/lcd/mbed-os/lib/libmbed-os.a(fsl_pit.o)
                0x00003f70                PIT_Init
 .text.I2C_TransferCommonIRQHandler
                0x00003fc0       0x34 /home/fei/yat0008/Desktop/controller/lcd/mbed-os/lib/libmbed-os.a(fsl_i2c.o)
 .text.I2C0_DriverIRQHandler
                0x00003ff4       0x14 /home/fei/yat0008/Desktop/controller/lcd/mbed-os/lib/libmbed-os.a(fsl_i2c.o)
                0x00003ff4                I2C0_DriverIRQHandler
 .text.I2C1_DriverIRQHandler
                0x00004008       0x14 /home/fei/yat0008/Desktop/controller/lcd/mbed-os/lib/libmbed-os.a(fsl_i2c.o)
                0x00004008                I2C1_DriverIRQHandler
 .text.I2C2_DriverIRQHandler
                0x0000401c       0x14 /home/fei/yat0008/Desktop/controller/lcd/mbed-os/lib/libmbed-os.a(fsl_i2c.o)
                0x0000401c                I2C2_DriverIRQHandler
 .text.UART_GetInstance
                0x00004030       0x64 /home/fei/yat0008/Desktop/controller/lcd/mbed-os/lib/libmbed-os.a(fsl_uart.o)
                0x00004030                UART_GetInstance
 .text.UART_Init
                0x00004094      0x178 /home/fei/yat0008/Desktop/controller/lcd/mbed-os/lib/libmbed-os.a(fsl_uart.o)
                0x00004094                UART_Init
 .text.UART_GetDefaultConfig
                0x0000420c       0x30 /home/fei/yat0008/Desktop/controller/lcd/mbed-os/lib/libmbed-os.a(fsl_uart.o)
                0x0000420c                UART_GetDefaultConfig
 .text.UART_SetBaudRate
                0x0000423c       0x8c /home/fei/yat0008/Desktop/controller/lcd/mbed-os/lib/libmbed-os.a(fsl_uart.o)
                0x0000423c                UART_SetBaudRate
 .text.UART_GetStatusFlags
                0x000042c8       0x16 /home/fei/yat0008/Desktop/controller/lcd/mbed-os/lib/libmbed-os.a(fsl_uart.o)
                0x000042c8                UART_GetStatusFlags
 .text.UART_ClearStatusFlags
                0x000042de       0x40 /home/fei/yat0008/Desktop/controller/lcd/mbed-os/lib/libmbed-os.a(fsl_uart.o)
                0x000042de                UART_ClearStatusFlags
 *fill*         0x0000431e        0x2 
 .text.UART0_DriverIRQHandler
                0x00004320       0x18 /home/fei/yat0008/Desktop/controller/lcd/mbed-os/lib/libmbed-os.a(fsl_uart.o)
                0x00004320                UART0_DriverIRQHandler
 .text.UART0_RX_TX_DriverIRQHandler
                0x00004338        0x4 /home/fei/yat0008/Desktop/controller/lcd/mbed-os/lib/libmbed-os.a(fsl_uart.o)
                0x00004338                UART0_RX_TX_DriverIRQHandler
 .text.UART1_DriverIRQHandler
                0x0000433c       0x18 /home/fei/yat0008/Desktop/controller/lcd/mbed-os/lib/libmbed-os.a(fsl_uart.o)
                0x0000433c                UART1_DriverIRQHandler
 .text.UART1_RX_TX_DriverIRQHandler
                0x00004354        0x4 /home/fei/yat0008/Desktop/controller/lcd/mbed-os/lib/libmbed-os.a(fsl_uart.o)
                0x00004354                UART1_RX_TX_DriverIRQHandler
 .text.UART2_DriverIRQHandler
                0x00004358       0x18 /home/fei/yat0008/Desktop/controller/lcd/mbed-os/lib/libmbed-os.a(fsl_uart.o)
                0x00004358                UART2_DriverIRQHandler
 .text.UART2_RX_TX_DriverIRQHandler
                0x00004370        0x4 /home/fei/yat0008/Desktop/controller/lcd/mbed-os/lib/libmbed-os.a(fsl_uart.o)
                0x00004370                UART2_RX_TX_DriverIRQHandler
 .text.UART3_DriverIRQHandler
                0x00004374       0x18 /home/fei/yat0008/Desktop/controller/lcd/mbed-os/lib/libmbed-os.a(fsl_uart.o)
                0x00004374                UART3_DriverIRQHandler
 .text.UART3_RX_TX_DriverIRQHandler
                0x0000438c        0x4 /home/fei/yat0008/Desktop/controller/lcd/mbed-os/lib/libmbed-os.a(fsl_uart.o)
                0x0000438c                UART3_RX_TX_DriverIRQHandler
 .text.UART4_DriverIRQHandler
                0x00004390       0x18 /home/fei/yat0008/Desktop/controller/lcd/mbed-os/lib/libmbed-os.a(fsl_uart.o)
                0x00004390                UART4_DriverIRQHandler
 .text.UART4_RX_TX_DriverIRQHandler
                0x000043a8        0x4 /home/fei/yat0008/Desktop/controller/lcd/mbed-os/lib/libmbed-os.a(fsl_uart.o)
                0x000043a8                UART4_RX_TX_DriverIRQHandler
 .text.UART5_DriverIRQHandler
                0x000043ac       0x18 /home/fei/yat0008/Desktop/controller/lcd/mbed-os/lib/libmbed-os.a(fsl_uart.o)
                0x000043ac                UART5_DriverIRQHandler
 .text.UART5_RX_TX_DriverIRQHandler
                0x000043c4        0x4 /home/fei/yat0008/Desktop/controller/lcd/mbed-os/lib/libmbed-os.a(fsl_uart.o)
                0x000043c4                UART5_RX_TX_DriverIRQHandler
 .text.mbed_minimal_putchar
                0x000043c8       0x34 /home/fei/yat0008/Desktop/controller/lcd/mbed-os/lib/libmbed-os.a(mbed_printf_implementation.o)
 .text.mbed_minimal_formatted_string_integer
                0x000043fc      0x144 /home/fei/yat0008/Desktop/controller/lcd/mbed-os/lib/libmbed-os.a(mbed_printf_implementation.o)
 .text.mbed_minimal_formatted_string
                0x00004540      0x3bc /home/fei/yat0008/Desktop/controller/lcd/mbed-os/lib/libmbed-os.a(mbed_printf_implementation.o)
                0x00004540                mbed_minimal_formatted_string
 .text.__udivmoddi4
                0x000048fc      0x2bc /usr/local/mcuxpressoide-11.9.0_2144/ide/plugins/com.nxp.mcuxpresso.tools.linux_11.9.0.202307121226/tools/bin/../lib/gcc/arm-none-eabi/12.3.1/thumb/v7e-m+fp/softfp/libgcc.a(_udivmoddi4.o)
                0x000048fc                __udivmoddi4
 .text.fputc    0x00004bb8       0x58 /usr/local/mcuxpressoide-11.9.0_2144/ide/plugins/com.nxp.mcuxpresso.tools.linux_11.9.0.202307121226/tools/bin/../lib/gcc/arm-none-eabi/12.3.1/../../../../arm-none-eabi/lib/thumb/v7e-m+fp/softfp/libc.a(libc_a-fputc.o)
                0x00004bb8                fputc
 .text.__sread  0x00004c10       0x24 /usr/local/mcuxpressoide-11.9.0_2144/ide/plugins/com.nxp.mcuxpresso.tools.linux_11.9.0.202307121226/tools/bin/../lib/gcc/arm-none-eabi/12.3.1/../../../../arm-none-eabi/lib/thumb/v7e-m+fp/softfp/libc.a(libc_a-stdio.o)
                0x00004c10                __sread
 .text.__swrite
                0x00004c34       0x40 /usr/local/mcuxpressoide-11.9.0_2144/ide/plugins/com.nxp.mcuxpresso.tools.linux_11.9.0.202307121226/tools/bin/../lib/gcc/arm-none-eabi/12.3.1/../../../../arm-none-eabi/lib/thumb/v7e-m+fp/softfp/libc.a(libc_a-stdio.o)
                0x00004c34                __swrite
 .text.__sseek  0x00004c74       0x24 /usr/local/mcuxpressoide-11.9.0_2144/ide/plugins/com.nxp.mcuxpresso.tools.linux_11.9.0.202307121226/tools/bin/../lib/gcc/arm-none-eabi/12.3.1/../../../../arm-none-eabi/lib/thumb/v7e-m+fp/softfp/libc.a(libc_a-stdio.o)
                0x00004c74                __sseek
 .text.__sclose
                0x00004c98        0x8 /usr/local/mcuxpressoide-11.9.0_2144/ide/plugins/com.nxp.mcuxpresso.tools.linux_11.9.0.202307121226/tools/bin/../lib/gcc/arm-none-eabi/12.3.1/../../../../arm-none-eabi/lib/thumb/v7e-m+fp/softfp/libc.a(libc_a-stdio.o)
                0x00004c98                __sclose
 .text._write_r
                0x00004ca0       0x2c /usr/local/mcuxpressoide-11.9.0_2144/ide/plugins/com.nxp.mcuxpresso.tools.linux_11.9.0.202307121226/tools/bin/../lib/gcc/arm-none-eabi/12.3.1/../../../../arm-none-eabi/lib/thumb/v7e-m+fp/softfp/libc.a(libc_a-writer.o)
                0x00004ca0                _write_r
 .text.__errno  0x00004ccc        0xc /usr/local/mcuxpressoide-11.9.0_2144/ide/plugins/com.nxp.mcuxpresso.tools.linux_11.9.0.202307121226/tools/bin/../lib/gcc/arm-none-eabi/12.3.1/../../../../arm-none-eabi/lib/thumb/v7e-m+fp/softfp/libc.a(libc_a-errno.o)
                0x00004ccc                __errno
 .text.free     0x00004cd8       0x10 /usr/local/mcuxpressoide-11.9.0_2144/ide/plugins/com.nxp.mcuxpresso.tools.linux_11.9.0.202307121226/tools/bin/../lib/gcc/arm-none-eabi/12.3.1/../../../../arm-none-eabi/lib/thumb/v7e-m+fp/softfp/libc.a(libc_a-malloc.o)
                0x00004cd8                free
 .text._malloc_r
                0x00004ce8      0x574 /usr/local/mcuxpressoide-11.9.0_2144/ide/plugins/com.nxp.mcuxpresso.tools.linux_11.9.0.202307121226/tools/bin/../lib/gcc/arm-none-eabi/12.3.1/../../../../arm-none-eabi/lib/thumb/v7e-m+fp/softfp/libc.a(libc_a-mallocr.o)
                0x00004ce8                _malloc_r
 .text.__assert_func
                0x0000525c       0x40 /usr/local/mcuxpressoide-11.9.0_2144/ide/plugins/com.nxp.mcuxpresso.tools.linux_11.9.0.202307121226/tools/bin/../lib/gcc/arm-none-eabi/12.3.1/../../../../arm-none-eabi/lib/thumb/v7e-m+fp/softfp/libc.a(libc_a-assert.o)
                0x0000525c                __assert_func
 .text.memset   0x0000529c       0xa4 /usr/local/mcuxpressoide-11.9.0_2144/ide/plugins/com.nxp.mcuxpresso.tools.linux_11.9.0.202307121226/tools/bin/../lib/gcc/arm-none-eabi/12.3.1/../../../../arm-none-eabi/lib/thumb/v7e-m+fp/softfp/libc.a(libc_a-memset.o)
                0x0000529c                memset
 .text.__libc_init_array
                0x00005340       0x50 /usr/local/mcuxpressoide-11.9.0_2144/ide/plugins/com.nxp.mcuxpresso.tools.linux_11.9.0.202307121226/tools/bin/../lib/gcc/arm-none-eabi/12.3.1/../../../../arm-none-eabi/lib/thumb/v7e-m+fp/softfp/libc.a(libc_a-init.o)
                0x00005340                __libc_init_array
 .text.__retarget_lock_init_recursive
                0x00005390        0x4 /usr/local/mcuxpressoide-11.9.0_2144/ide/plugins/com.nxp.mcuxpresso.tools.linux_11.9.0.202307121226/tools/bin/../lib/gcc/arm-none-eabi/12.3.1/../../../../arm-none-eabi/lib/thumb/v7e-m+fp/softfp/libc.a(libc_a-lock.o)
                0x00005390                __retarget_lock_init_recursive
 .text.__retarget_lock_close_recursive
                0x00005394        0x4 /usr/local/mcuxpressoide-11.9.0_2144/ide/plugins/com.nxp.mcuxpresso.tools.linux_11.9.0.202307121226/tools/bin/../lib/gcc/arm-none-eabi/12.3.1/../../../../arm-none-eabi/lib/thumb/v7e-m+fp/softfp/libc.a(libc_a-lock.o)
                0x00005394                __retarget_lock_close_recursive
 .text.__retarget_lock_acquire_recursive
                0x00005398        0x4 /usr/local/mcuxpressoide-11.9.0_2144/ide/plugins/com.nxp.mcuxpresso.tools.linux_11.9.0.202307121226/tools/bin/../lib/gcc/arm-none-eabi/12.3.1/../../../../arm-none-eabi/lib/thumb/v7e-m+fp/softfp/libc.a(libc_a-lock.o)
                0x00005398                __retarget_lock_acquire_recursive
 .text.__retarget_lock_release_recursive
                0x0000539c        0x4 /usr/local/mcuxpressoide-11.9.0_2144/ide/plugins/com.nxp.mcuxpresso.tools.linux_11.9.0.202307121226/tools/bin/../lib/gcc/arm-none-eabi/12.3.1/../../../../arm-none-eabi/lib/thumb/v7e-m+fp/softfp/libc.a(libc_a-lock.o)
                0x0000539c                __retarget_lock_release_recursive
 .text.sysconf  0x000053a0       0x1c /usr/local/mcuxpressoide-11.9.0_2144/ide/plugins/com.nxp.mcuxpresso.tools.linux_11.9.0.202307121226/tools/bin/../lib/gcc/arm-none-eabi/12.3.1/../../../../arm-none-eabi/lib/thumb/v7e-m+fp/softfp/libc.a(libc_a-sysconf.o)
                0x000053a0                sysconf
 .text._putc_r  0x000053bc       0x78 /usr/local/mcuxpressoide-11.9.0_2144/ide/plugins/com.nxp.mcuxpresso.tools.linux_11.9.0.202307121226/tools/bin/../lib/gcc/arm-none-eabi/12.3.1/../../../../arm-none-eabi/lib/thumb/v7e-m+fp/softfp/libc.a(libc_a-putc.o)
                0x000053bc                _putc_r
 .text._close_r
                0x00005434       0x24 /usr/local/mcuxpressoide-11.9.0_2144/ide/plugins/com.nxp.mcuxpresso.tools.linux_11.9.0.202307121226/tools/bin/../lib/gcc/arm-none-eabi/12.3.1/../../../../arm-none-eabi/lib/thumb/v7e-m+fp/softfp/libc.a(libc_a-closer.o)
                0x00005434                _close_r
 .text.__sflush_r
                0x00005458      0x138 /usr/local/mcuxpressoide-11.9.0_2144/ide/plugins/com.nxp.mcuxpresso.tools.linux_11.9.0.202307121226/tools/bin/../lib/gcc/arm-none-eabi/12.3.1/../../../../arm-none-eabi/lib/thumb/v7e-m+fp/softfp/libc.a(libc_a-fflush.o)
                0x00005458                __sflush_r
 .text._fflush_r
                0x00005590       0x54 /usr/local/mcuxpressoide-11.9.0_2144/ide/plugins/com.nxp.mcuxpresso.tools.linux_11.9.0.202307121226/tools/bin/../lib/gcc/arm-none-eabi/12.3.1/../../../../arm-none-eabi/lib/thumb/v7e-m+fp/softfp/libc.a(libc_a-fflush.o)
                0x00005590                _fflush_r
 .text.fflush   0x000055e4       0x74 /usr/local/mcuxpressoide-11.9.0_2144/ide/plugins/com.nxp.mcuxpresso.tools.linux_11.9.0.202307121226/tools/bin/../lib/gcc/arm-none-eabi/12.3.1/../../../../arm-none-eabi/lib/thumb/v7e-m+fp/softfp/libc.a(libc_a-fflush.o)
                0x000055e4                fflush
 .text.stdio_exit_handler
                0x00005658       0x18 /usr/local/mcuxpressoide-11.9.0_2144/ide/plugins/com.nxp.mcuxpresso.tools.linux_11.9.0.202307121226/tools/bin/../lib/gcc/arm-none-eabi/12.3.1/../../../../arm-none-eabi/lib/thumb/v7e-m+fp/softfp/libc.a(libc_a-findfp.o)
 .text.cleanup_stdio
                0x00005670       0x40 /usr/local/mcuxpressoide-11.9.0_2144/ide/plugins/com.nxp.mcuxpresso.tools.linux_11.9.0.202307121226/tools/bin/../lib/gcc/arm-none-eabi/12.3.1/../../../../arm-none-eabi/lib/thumb/v7e-m+fp/softfp/libc.a(libc_a-findfp.o)
 .text.global_stdio_init.part.0
                0x000056b0       0xf0 /usr/local/mcuxpressoide-11.9.0_2144/ide/plugins/com.nxp.mcuxpresso.tools.linux_11.9.0.202307121226/tools/bin/../lib/gcc/arm-none-eabi/12.3.1/../../../../arm-none-eabi/lib/thumb/v7e-m+fp/softfp/libc.a(libc_a-findfp.o)
 .text.__sinit  0x000057a0       0x3c /usr/local/mcuxpressoide-11.9.0_2144/ide/plugins/com.nxp.mcuxpresso.tools.linux_11.9.0.202307121226/tools/bin/../lib/gcc/arm-none-eabi/12.3.1/../../../../arm-none-eabi/lib/thumb/v7e-m+fp/softfp/libc.a(libc_a-findfp.o)
                0x000057a0                __sinit
 .text.__sfp_lock_acquire
                0x000057dc        0xc /usr/local/mcuxpressoide-11.9.0_2144/ide/plugins/com.nxp.mcuxpresso.tools.linux_11.9.0.202307121226/tools/bin/../lib/gcc/arm-none-eabi/12.3.1/../../../../arm-none-eabi/lib/thumb/v7e-m+fp/softfp/libc.a(libc_a-findfp.o)
                0x000057dc                __sfp_lock_acquire
 .text.__sfp_lock_release
                0x000057e8        0xc /usr/local/mcuxpressoide-11.9.0_2144/ide/plugins/com.nxp.mcuxpresso.tools.linux_11.9.0.202307121226/tools/bin/../lib/gcc/arm-none-eabi/12.3.1/../../../../arm-none-eabi/lib/thumb/v7e-m+fp/softfp/libc.a(libc_a-findfp.o)
                0x000057e8                __sfp_lock_release
 .text._malloc_trim_r
                0x000057f4       0xb8 /usr/local/mcuxpressoide-11.9.0_2144/ide/plugins/com.nxp.mcuxpresso.tools.linux_11.9.0.202307121226/tools/bin/../lib/gcc/arm-none-eabi/12.3.1/../../../../arm-none-eabi/lib/thumb/v7e-m+fp/softfp/libc.a(libc_a-freer.o)
                0x000057f4                _malloc_trim_r
 .text._free_r  0x000058ac      0x1fc /usr/local/mcuxpressoide-11.9.0_2144/ide/plugins/com.nxp.mcuxpresso.tools.linux_11.9.0.202307121226/tools/bin/../lib/gcc/arm-none-eabi/12.3.1/../../../../arm-none-eabi/lib/thumb/v7e-m+fp/softfp/libc.a(libc_a-freer.o)
                0x000058ac                _free_r
 .text._fstat_r
                0x00005aa8       0x2c /usr/local/mcuxpressoide-11.9.0_2144/ide/plugins/com.nxp.mcuxpresso.tools.linux_11.9.0.202307121226/tools/bin/../lib/gcc/arm-none-eabi/12.3.1/../../../../arm-none-eabi/lib/thumb/v7e-m+fp/softfp/libc.a(libc_a-fstatr.o)
                0x00005aa8                _fstat_r
 .text._lseek_r
                0x00005ad4       0x2c /usr/local/mcuxpressoide-11.9.0_2144/ide/plugins/com.nxp.mcuxpresso.tools.linux_11.9.0.202307121226/tools/bin/../lib/gcc/arm-none-eabi/12.3.1/../../../../arm-none-eabi/lib/thumb/v7e-m+fp/softfp/libc.a(libc_a-lseekr.o)
                0x00005ad4                _lseek_r
 .text._read_r  0x00005b00       0x2c /usr/local/mcuxpressoide-11.9.0_2144/ide/plugins/com.nxp.mcuxpresso.tools.linux_11.9.0.202307121226/tools/bin/../lib/gcc/arm-none-eabi/12.3.1/../../../../arm-none-eabi/lib/thumb/v7e-m+fp/softfp/libc.a(libc_a-readr.o)
                0x00005b00                _read_r
 .text.fiprintf
                0x00005b2c       0x28 /usr/local/mcuxpressoide-11.9.0_2144/ide/plugins/com.nxp.mcuxpresso.tools.linux_11.9.0.202307121226/tools/bin/../lib/gcc/arm-none-eabi/12.3.1/../../../../arm-none-eabi/lib/thumb/v7e-m+fp/softfp/libc.a(libc_a-fiprintf.o)
                0x00005b2c                fiprintf
 .text._sbrk_r  0x00005b54       0x24 /usr/local/mcuxpressoide-11.9.0_2144/ide/plugins/com.nxp.mcuxpresso.tools.linux_11.9.0.202307121226/tools/bin/../lib/gcc/arm-none-eabi/12.3.1/../../../../arm-none-eabi/lib/thumb/v7e-m+fp/softfp/libc.a(libc_a-sbrkr.o)
                0x00005b54                _sbrk_r
 .text._fwalk_sglue
                0x00005b78       0x48 /usr/local/mcuxpressoide-11.9.0_2144/ide/plugins/com.nxp.mcuxpresso.tools.linux_11.9.0.202307121226/tools/bin/../lib/gcc/arm-none-eabi/12.3.1/../../../../arm-none-eabi/lib/thumb/v7e-m+fp/softfp/libc.a(libc_a-fwalk.o)
                0x00005b78                _fwalk_sglue
 .text.__sprint_r.part.0
                0x00005bc0       0x78 /usr/local/mcuxpressoide-11.9.0_2144/ide/plugins/com.nxp.mcuxpresso.tools.linux_11.9.0.202307121226/tools/bin/../lib/gcc/arm-none-eabi/12.3.1/../../../../arm-none-eabi/lib/thumb/v7e-m+fp/softfp/libc.a(libc_a-vfiprintf.o)
 .text._vfiprintf_r
                0x00005c38      0xfa8 /usr/local/mcuxpressoide-11.9.0_2144/ide/plugins/com.nxp.mcuxpresso.tools.linux_11.9.0.202307121226/tools/bin/../lib/gcc/arm-none-eabi/12.3.1/../../../../arm-none-eabi/lib/thumb/v7e-m+fp/softfp/libc.a(libc_a-vfiprintf.o)
                0x00005c38                _vfiprintf_r
 .text.__sbprintf
                0x00006be0       0x80 /usr/local/mcuxpressoide-11.9.0_2144/ide/plugins/com.nxp.mcuxpresso.tools.linux_11.9.0.202307121226/tools/bin/../lib/gcc/arm-none-eabi/12.3.1/../../../../arm-none-eabi/lib/thumb/v7e-m+fp/softfp/libc.a(libc_a-vfiprintf.o)
 .text.__swbuf_r
                0x00006c60       0xac /usr/local/mcuxpressoide-11.9.0_2144/ide/plugins/com.nxp.mcuxpresso.tools.linux_11.9.0.202307121226/tools/bin/../lib/gcc/arm-none-eabi/12.3.1/../../../../arm-none-eabi/lib/thumb/v7e-m+fp/softfp/libc.a(libc_a-wbuf.o)
                0x00006c60                __swbuf_r
 .text.abort    0x00006d0c       0x10 /usr/local/mcuxpressoide-11.9.0_2144/ide/plugins/com.nxp.mcuxpresso.tools.linux_11.9.0.202307121226/tools/bin/../lib/gcc/arm-none-eabi/12.3.1/../../../../arm-none-eabi/lib/thumb/v7e-m+fp/softfp/libc.a(libc_a-abort.o)
                0x00006d0c                abort
 .text._wcrtomb_r
                0x00006d1c       0x4c /usr/local/mcuxpressoide-11.9.0_2144/ide/plugins/com.nxp.mcuxpresso.tools.linux_11.9.0.202307121226/tools/bin/../lib/gcc/arm-none-eabi/12.3.1/../../../../arm-none-eabi/lib/thumb/v7e-m+fp/softfp/libc.a(libc_a-wcrtomb.o)
                0x00006d1c                _wcrtomb_r
 .text.__locale_mb_cur_max
                0x00006d68        0xc /usr/local/mcuxpressoide-11.9.0_2144/ide/plugins/com.nxp.mcuxpresso.tools.linux_11.9.0.202307121226/tools/bin/../lib/gcc/arm-none-eabi/12.3.1/../../../../arm-none-eabi/lib/thumb/v7e-m+fp/softfp/libc.a(libc_a-locale.o)
                0x00006d68                __locale_mb_cur_max
 .text._localeconv_r
                0x00006d74        0x8 /usr/local/mcuxpressoide-11.9.0_2144/ide/plugins/com.nxp.mcuxpresso.tools.linux_11.9.0.202307121226/tools/bin/../lib/gcc/arm-none-eabi/12.3.1/../../../../arm-none-eabi/lib/thumb/v7e-m+fp/softfp/libc.a(libc_a-localeconv.o)
                0x00006d74                _localeconv_r
 .text._fclose_r
                0x00006d7c       0xc0 /usr/local/mcuxpressoide-11.9.0_2144/ide/plugins/com.nxp.mcuxpresso.tools.linux_11.9.0.202307121226/tools/bin/../lib/gcc/arm-none-eabi/12.3.1/../../../../arm-none-eabi/lib/thumb/v7e-m+fp/softfp/libc.a(libc_a-fclose.o)
                0x00006d7c                _fclose_r
 .text.__swsetup_r
                0x00006e3c       0xc0 /usr/local/mcuxpressoide-11.9.0_2144/ide/plugins/com.nxp.mcuxpresso.tools.linux_11.9.0.202307121226/tools/bin/../lib/gcc/arm-none-eabi/12.3.1/../../../../arm-none-eabi/lib/thumb/v7e-m+fp/softfp/libc.a(libc_a-wsetup.o)
                0x00006e3c                __swsetup_r
 .text.__smakebuf_r
                0x00006efc       0xdc /usr/local/mcuxpressoide-11.9.0_2144/ide/plugins/com.nxp.mcuxpresso.tools.linux_11.9.0.202307121226/tools/bin/../lib/gcc/arm-none-eabi/12.3.1/../../../../arm-none-eabi/lib/thumb/v7e-m+fp/softfp/libc.a(libc_a-makebuf.o)
                0x00006efc                __smakebuf_r
 .text._wcsrtombs_r
                0x00006fd8       0x18 /usr/local/mcuxpressoide-11.9.0_2144/ide/plugins/com.nxp.mcuxpresso.tools.linux_11.9.0.202307121226/tools/bin/../lib/gcc/arm-none-eabi/12.3.1/../../../../arm-none-eabi/lib/thumb/v7e-m+fp/softfp/libc.a(libc_a-wcsrtombs.o)
                0x00006fd8                _wcsrtombs_r
 .text.strncpy  0x00006ff0       0x68 /usr/local/mcuxpressoide-11.9.0_2144/ide/plugins/com.nxp.mcuxpresso.tools.linux_11.9.0.202307121226/tools/bin/../lib/gcc/arm-none-eabi/12.3.1/../../../../arm-none-eabi/lib/thumb/v7e-m+fp/softfp/libc.a(libc_a-strncpy.o)
                0x00006ff0                strncpy
 .text.raise    0x00007058       0x58 /usr/local/mcuxpressoide-11.9.0_2144/ide/plugins/com.nxp.mcuxpresso.tools.linux_11.9.0.202307121226/tools/bin/../lib/gcc/arm-none-eabi/12.3.1/../../../../arm-none-eabi/lib/thumb/v7e-m+fp/softfp/libc.a(libc_a-signal.o)
                0x00007058                raise
 .text._isatty_r
                0x000070b0       0x24 /usr/local/mcuxpressoide-11.9.0_2144/ide/plugins/com.nxp.mcuxpresso.tools.linux_11.9.0.202307121226/tools/bin/../lib/gcc/arm-none-eabi/12.3.1/../../../../arm-none-eabi/lib/thumb/v7e-m+fp/softfp/libc.a(libc_a-isattyr.o)
                0x000070b0                _isatty_r
 .text.__fputwc
                0x000070d4       0x7c /usr/local/mcuxpressoide-11.9.0_2144/ide/plugins/com.nxp.mcuxpresso.tools.linux_11.9.0.202307121226/tools/bin/../lib/gcc/arm-none-eabi/12.3.1/../../../../arm-none-eabi/lib/thumb/v7e-m+fp/softfp/libc.a(libc_a-fputwc.o)
                0x000070d4                __fputwc
 .text._fputwc_r
                0x00007150       0x60 /usr/local/mcuxpressoide-11.9.0_2144/ide/plugins/com.nxp.mcuxpresso.tools.linux_11.9.0.202307121226/tools/bin/../lib/gcc/arm-none-eabi/12.3.1/../../../../arm-none-eabi/lib/thumb/v7e-m+fp/softfp/libc.a(libc_a-fputwc.o)
                0x00007150                _fputwc_r
 .text.__ascii_wctomb
                0x000071b0       0x1c /usr/local/mcuxpressoide-11.9.0_2144/ide/plugins/com.nxp.mcuxpresso.tools.linux_11.9.0.202307121226/tools/bin/../lib/gcc/arm-none-eabi/12.3.1/../../../../arm-none-eabi/lib/thumb/v7e-m+fp/softfp/libc.a(libc_a-wctomb_r.o)
                0x000071b0                __ascii_wctomb
 .text._kill_r  0x000071cc       0x2c /usr/local/mcuxpressoide-11.9.0_2144/ide/plugins/com.nxp.mcuxpresso.tools.linux_11.9.0.202307121226/tools/bin/../lib/gcc/arm-none-eabi/12.3.1/../../../../arm-none-eabi/lib/thumb/v7e-m+fp/softfp/libc.a(libc_a-signalr.o)
                0x000071cc                _kill_r
 .text._getpid_r
                0x000071f8        0x4 /usr/local/mcuxpressoide-11.9.0_2144/ide/plugins/com.nxp.mcuxpresso.tools.linux_11.9.0.202307121226/tools/bin/../lib/gcc/arm-none-eabi/12.3.1/../../../../arm-none-eabi/lib/thumb/v7e-m+fp/softfp/libc.a(libc_a-signalr.o)
                0x000071f8                _getpid_r
 .text.__sfvwrite_r
                0x000071fc      0x300 /usr/local/mcuxpressoide-11.9.0_2144/ide/plugins/com.nxp.mcuxpresso.tools.linux_11.9.0.202307121226/tools/bin/../lib/gcc/arm-none-eabi/12.3.1/../../../../arm-none-eabi/lib/thumb/v7e-m+fp/softfp/libc.a(libc_a-fvwrite.o)
                0x000071fc                __sfvwrite_r
 .text.__ascii_mbtowc
                0x000074fc       0x2c /usr/local/mcuxpressoide-11.9.0_2144/ide/plugins/com.nxp.mcuxpresso.tools.linux_11.9.0.202307121226/tools/bin/../lib/gcc/arm-none-eabi/12.3.1/../../../../arm-none-eabi/lib/thumb/v7e-m+fp/softfp/libc.a(libc_a-mbtowc_r.o)
                0x000074fc                __ascii_mbtowc
 .text.memmove  0x00007528      0x100 /usr/local/mcuxpressoide-11.9.0_2144/ide/plugins/com.nxp.mcuxpresso.tools.linux_11.9.0.202307121226/tools/bin/../lib/gcc/arm-none-eabi/12.3.1/../../../../arm-none-eabi/lib/thumb/v7e-m+fp/softfp/libc.a(libc_a-memmove.o)
                0x00007528                memmove
 .text._wcsnrtombs_l
                0x00007628       0xfc /usr/local/mcuxpressoide-11.9.0_2144/ide/plugins/com.nxp.mcuxpresso.tools.linux_11.9.0.202307121226/tools/bin/../lib/gcc/arm-none-eabi/12.3.1/../../../../arm-none-eabi/lib/thumb/v7e-m+fp/softfp/libc.a(libc_a-wcsnrtombs.o)
                0x00007628                _wcsnrtombs_l
 .text._wcsnrtombs_r
                0x00007724       0x24 /usr/local/mcuxpressoide-11.9.0_2144/ide/plugins/com.nxp.mcuxpresso.tools.linux_11.9.0.202307121226/tools/bin/../lib/gcc/arm-none-eabi/12.3.1/../../../../arm-none-eabi/lib/thumb/v7e-m+fp/softfp/libc.a(libc_a-wcsnrtombs.o)
                0x00007724                _wcsnrtombs_r
 .text._realloc_r
                0x00007748      0x344 /usr/local/mcuxpressoide-11.9.0_2144/ide/plugins/com.nxp.mcuxpresso.tools.linux_11.9.0.202307121226/tools/bin/../lib/gcc/arm-none-eabi/12.3.1/../../../../arm-none-eabi/lib/thumb/v7e-m+fp/softfp/libc.a(libc_a-reallocr.o)
                0x00007748                _realloc_r
 *(.rodata)
 .rodata        0x00007a8c       0x18 ./main-lcd.o
 .rodata        0x00007aa4       0x14 /home/fei/yat0008/Desktop/controller/lcd/mbed-os/lib/libmbed-os.a(pinmap.o)
 *(.rodata*)
 .rodata._ZL8font_lsb
                0x00007ab8     0x2000 ./main-lcd.o
 .rodata._ZN4mbed3SPI4lockEv.str1.1
                0x00009ab8       0x56 /home/fei/yat0008/Desktop/controller/lcd/mbed-os/lib/libmbed-os.a(SPI.o)
 .rodata._ZN4mbed3SPI6_allocEv.str1.1
                0x00009b0e       0x4a /home/fei/yat0008/Desktop/controller/lcd/mbed-os/lib/libmbed-os.a(SPI.o)
 .rodata._ZTVN4mbed3SPIE
                0x00009b58       0x20 /home/fei/yat0008/Desktop/controller/lcd/mbed-os/lib/libmbed-os.a(SPI.o)
                0x00009b58                vtable for mbed::SPI
 .rodata.us_data
                0x00009b78        0x8 /home/fei/yat0008/Desktop/controller/lcd/mbed-os/lib/libmbed-os.a(mbed_us_ticker_api.o)
 .rodata.us_interface
                0x00009b80       0x24 /home/fei/yat0008/Desktop/controller/lcd/mbed-os/lib/libmbed-os.a(mbed_us_ticker_api.o)
 .rodata.schedule_interrupt.str1.1
                0x00009ba4       0x4b /home/fei/yat0008/Desktop/controller/lcd/mbed-os/lib/libmbed-os.a(mbed_ticker_api.o)
 .rodata.initialize.str1.1
                0x00009bef       0x55 /home/fei/yat0008/Desktop/controller/lcd/mbed-os/lib/libmbed-os.a(mbed_ticker_api.o)
 .rodata.core_util_critical_section_enter.str1.1
                0x00009c44       0x5b /home/fei/yat0008/Desktop/controller/lcd/mbed-os/lib/libmbed-os.a(mbed_critical.o)
 .rodata.print_error_report.constprop.0.str1.1
                0x00009c9f      0x18a /home/fei/yat0008/Desktop/controller/lcd/mbed-os/lib/libmbed-os.a(mbed_error.o)
 .rodata.mbed_error.str1.1
                0x00009e29       0x7d /home/fei/yat0008/Desktop/controller/lcd/mbed-os/lib/libmbed-os.a(mbed_error.o)
 .rodata.__cxa_guard_acquire.str1.1
                0x00009ea6       0x4a /home/fei/yat0008/Desktop/controller/lcd/mbed-os/lib/libmbed-os.a(mbed_retarget.o)
 .rodata.__cxa_guard_release.str1.1
                0x00009ef0       0x37 /home/fei/yat0008/Desktop/controller/lcd/mbed-os/lib/libmbed-os.a(mbed_retarget.o)
 .rodata._write.str1.1
                0x00009f27        0x2 /home/fei/yat0008/Desktop/controller/lcd/mbed-os/lib/libmbed-os.a(mbed_retarget.o)
 *fill*         0x00009f29        0x3 
 .rodata._ZTV12DirectSerial
                0x00009f2c       0x50 /home/fei/yat0008/Desktop/controller/lcd/mbed-os/lib/libmbed-os.a(mbed_retarget.o)
                0x00009f2c                vtable for DirectSerial
 .rodata._ZZL15default_consolevE14console_pinmap
                0x00009f7c       0x18 /home/fei/yat0008/Desktop/controller/lcd/mbed-os/lib/libmbed-os.a(mbed_retarget.o)
 .rodata.info.1
                0x00009f94        0x8 /home/fei/yat0008/Desktop/controller/lcd/mbed-os/lib/libmbed-os.a(us_ticker.o)
 .rodata.spi_init_direct.str1.1
                0x00009f9c       0x71 /home/fei/yat0008/Desktop/controller/lcd/mbed-os/lib/libmbed-os.a(spi_api.o)
 .rodata.spi_format.str1.1
                0x0000a00d       0x18 /home/fei/yat0008/Desktop/controller/lcd/mbed-os/lib/libmbed-os.a(spi_api.o)
 .rodata.spi_clocks
                0x0000a025        0x3 /home/fei/yat0008/Desktop/controller/lcd/mbed-os/lib/libmbed-os.a(spi_api.o)
 .rodata.spi_address
                0x0000a028        0xc /home/fei/yat0008/Desktop/controller/lcd/mbed-os/lib/libmbed-os.a(spi_api.o)
 .rodata.serial_init_direct.str1.1
                0x0000a034       0x74 /home/fei/yat0008/Desktop/controller/lcd/mbed-os/lib/libmbed-os.a(serial_api.o)
 .rodata.uart_clocks
                0x0000a0a8        0x6 /home/fei/yat0008/Desktop/controller/lcd/mbed-os/lib/libmbed-os.a(serial_api.o)
 *fill*         0x0000a0ae        0x2 
 .rodata.uart_addrs
                0x0000a0b0       0x18 /home/fei/yat0008/Desktop/controller/lcd/mbed-os/lib/libmbed-os.a(serial_api.o)
 .rodata.gpio_set.str1.1
                0x0000a0c8       0x49 /home/fei/yat0008/Desktop/controller/lcd/mbed-os/lib/libmbed-os.a(gpio_api.o)
                                 0x5c (size before relaxing)
 .rodata.gpio_dir.str1.1
                0x0000a111       0x18 /home/fei/yat0008/Desktop/controller/lcd/mbed-os/lib/libmbed-os.a(gpio_api.o)
 *fill*         0x0000a129        0x3 
 .rodata.gpio_addrs
                0x0000a12c       0x14 /home/fei/yat0008/Desktop/controller/lcd/mbed-os/lib/libmbed-os.a(gpio_api.o)
 .rodata.pin_function.str1.1
                0x0000a140       0x47 /home/fei/yat0008/Desktop/controller/lcd/mbed-os/lib/libmbed-os.a(pinmap.o)
                                 0x5a (size before relaxing)
 *fill*         0x0000a187        0x1 
 .rodata.port_addrs
                0x0000a188       0x14 /home/fei/yat0008/Desktop/controller/lcd/mbed-os/lib/libmbed-os.a(pinmap.o)
 .rodata.hal_critical_section_exit.str1.1
                0x0000a19c       0x4b /home/fei/yat0008/Desktop/controller/lcd/mbed-os/lib/libmbed-os.a(mbed_critical_section_api.o)
 .rodata.pinmap_merge.str1.1
                0x0000a1e7       0x11 /home/fei/yat0008/Desktop/controller/lcd/mbed-os/lib/libmbed-os.a(mbed_pinmap_common.o)
 .rodata.pinmap_peripheral.str1.1
                0x0000a1f8       0x20 /home/fei/yat0008/Desktop/controller/lcd/mbed-os/lib/libmbed-os.a(mbed_pinmap_common.o)
 .rodata.mbed_error_vprintf.str1.1
                0x0000a218        0x5 /home/fei/yat0008/Desktop/controller/lcd/mbed-os/lib/libmbed-os.a(mbed_board.o)
 *fill*         0x0000a21d        0x3 
 .rodata.PinMap_SPI_SSEL
                0x0000a220       0x60 /home/fei/yat0008/Desktop/controller/lcd/mbed-os/lib/libmbed-os.a(PeripheralPins.o)
                0x0000a220                PinMap_SPI_SSEL
 .rodata.PinMap_SPI_MISO
                0x0000a280       0x6c /home/fei/yat0008/Desktop/controller/lcd/mbed-os/lib/libmbed-os.a(PeripheralPins.o)
                0x0000a280                PinMap_SPI_MISO
 .rodata.PinMap_SPI_MOSI
                0x0000a2ec       0x6c /home/fei/yat0008/Desktop/controller/lcd/mbed-os/lib/libmbed-os.a(PeripheralPins.o)
                0x0000a2ec                PinMap_SPI_MOSI
 .rodata.PinMap_SPI_SCLK
                0x0000a358       0x60 /home/fei/yat0008/Desktop/controller/lcd/mbed-os/lib/libmbed-os.a(PeripheralPins.o)
                0x0000a358                PinMap_SPI_SCLK
 .rodata.CLOCK_GetMcgExtClkFreq.str1.1
                0x0000a3b8       0x77 /home/fei/yat0008/Desktop/controller/lcd/mbed-os/lib/libmbed-os.a(fsl_clock.o)
 .rodata.CLOCK_GetPll0Freq.str1.1
                0x0000a42f        0xb /home/fei/yat0008/Desktop/controller/lcd/mbed-os/lib/libmbed-os.a(fsl_clock.o)
 .rodata.__func__.4
                0x0000a43a       0x12 /home/fei/yat0008/Desktop/controller/lcd/mbed-os/lib/libmbed-os.a(fsl_clock.o)
 .rodata.fllFactorTable.5
                0x0000a44c       0x10 /home/fei/yat0008/Desktop/controller/lcd/mbed-os/lib/libmbed-os.a(fsl_clock.o)
 .rodata.__func__.6
                0x0000a45c       0x17 /home/fei/yat0008/Desktop/controller/lcd/mbed-os/lib/libmbed-os.a(fsl_clock.o)
 .rodata.__func__.7
                0x0000a473       0x16 /home/fei/yat0008/Desktop/controller/lcd/mbed-os/lib/libmbed-os.a(fsl_clock.o)
 .rodata.__func__.8
                0x0000a489       0x17 /home/fei/yat0008/Desktop/controller/lcd/mbed-os/lib/libmbed-os.a(fsl_clock.o)
 .rodata.EDMA_GetInstance.str1.1
                0x0000a4a0       0x83 /home/fei/yat0008/Desktop/controller/lcd/mbed-os/lib/libmbed-os.a(fsl_edma.o)
 .rodata.EDMA_CreateHandle.str1.1
                0x0000a523        0xf /home/fei/yat0008/Desktop/controller/lcd/mbed-os/lib/libmbed-os.a(fsl_edma.o)
 .rodata.__func__.0
                0x0000a532        0xf /home/fei/yat0008/Desktop/controller/lcd/mbed-os/lib/libmbed-os.a(fsl_edma.o)
 .rodata.DSPI_GetInstance.str1.1